12-30 18:47:11.502   361   361 I hwservicemanager: getTransport: Cannot find entry android.hardware.camera.provider@2.4::ICameraProvider/legacy/0 in either framework or device VINTF manifest.

12-30 18:47:11.502  7759  7759 E HidlServiceManagement: Service android.hardware.camera.provider@2.4::ICameraProvider/legacy/0 must be in VINTF manifest in order to register/get.

12-30 18:47:11.502  7759  7759 E LegacySupport: Could not register service android.hardware.camera.provider@2.4::ICameraProvider/legacy/0 (-2147483648).

01-01 08:03:45.566     1     1 I init    : Service 'vendor.camera-provider-2-4' (pid 7759) exited with status 0

01-01 08:03:45.566     1     1 I init    : Sending signal 9 to service 'vendor.camera-provider-2-4' (pid 7759) process group...

01-01 08:03:45.566     1     1 E init    : process with updatable components 'vendor.camera-provider-2-4' exited 4 times in 4 minutes

01-01 08:03:50.336     1     1 I init    : starting service 'vendor.camera-provider-2-4'...

01-01 08:03:50.353     1     1 I init    : ... started service 'vendor.camera-provider-2-4' has pid 7860

12-30 18:47:16.411  7860  7860 I android.hardware.camera.provider@2.4-service: CameraProvider@2.4 legacy service is starting.

12-30 18:47:16.414   361   361 I hwservicemanager: getTransport: Cannot find entry android.hardware.camera.provider@2.4::ICameraProvider/legacy/0 in either framework or device VINTF manifest.

12-30 18:47:16.536  7860  7860 E V4L2CameraHAL: AIS: In v4l2 camera hal wrapper init

12-30 18:47:16.536  7860  7860 E V4L2CameraHAL: value of property for qcc: 

12-30 18:47:16.536  7860  7860 E V4L2CameraHAL: Error while opening /vendor/lib64/hw/camera.v4l2.qcc4.so lib : dlopen failed: "/vendor/lib64/hw/camera.v4l2.qcc4.so" is 64-bit instead of 32-bit

12-30 18:47:16.536  7860  7860 E V4L2CameraHAL: Error while /vendor/lib64/hw/camera.v4l2.qcc4.so lib initialization: (null)

12-30 18:47:16.536  7860  7860 I CamPrvdr@2.4-legacy: Loaded "V4L2 Camera HAL v3" camera module

12-30 18:47:16.537   361   361 I hwservicemanager: getTransport: Cannot find entry android.hardware.camera.provider@2.4::ICameraProvider/legacy/0 in either framework or device VINTF manifest.

12-30 18:47:16.537  7860  7860 E HidlServiceManagement: Service android.hardware.camera.provider@2.4::ICameraProvider/legacy/0 must be in VINTF manifest in order to register/get.

12-30 18:47:16.537  7860  7860 E LegacySupport: Could not register service android.hardware.camera.provider@2.4::ICameraProvider/legacy/0 (-2147483648).

01-01 08:03:50.603     1     1 I init    : Service 'vendor.camera-provider-2-4' (pid 7860) exited with status 0

01-01 08:03:50.603     1     1 I init    : Sending signal 9 to service 'vendor.camera-provider-2-4' (pid 7860) process group...

01-01 08:03:50.604     1     1 E init    : process with updatable components 'vendor.camera-provider-2-4' exited 4 times in 4 minutes

01-01 08:03:55.348     1     1 I init    : starting service 'vendor.camera-provider-2-4'...

01-01 08:03:55.362     1     1 I init    : ... started service 'vendor.camera-provider-2-4' has pid 7988

12-30 18:47:21.414  7988  7988 I android.hardware.camera.provider@2.4-service: CameraProvider@2.4 legacy service is starting.

12-30 18:47:21.417   361   361 I hwservicemanager: getTransport: Cannot find entry android.hardware.camera.provider@2.4::ICameraProvider/legacy/0 in either framework or device VINTF manifest.

12-30 18:47:21.494  7988  7988 E V4L2CameraHAL: AIS: In v4l2 camera hal wrapper init

12-30 18:47:21.497  7988  7988 E V4L2CameraHAL: value of property for qcc: 

12-30 18:47:21.497  7988  7988 E V4L2CameraHAL: Error while opening /vendor/lib64/hw/camera.v4l2.qcc4.so lib : dlopen failed: "/vendor/lib64/hw/camera.v4l2.qcc4.so" is 64-bit instead of 32-bit

12-30 18:47:21.497  7988  7988 E V4L2CameraHAL: Error while /vendor/lib64/hw/camera.v4l2.qcc4.so lib initialization: (null)

12-30 18:47:21.497  7988  7988 I CamPrvdr@2.4-legacy: Loaded "V4L2 Camera HAL v3" camera module

12-30 18:47:21.498   361   361 I hwservicemanager: getTransport: Cannot find entry android.hardware.camera.provider@2.4::ICameraProvider/legacy/0 in either framework or device VINTF manifest.

12-30 18:47:21.498  7988  7988 E HidlServiceManagement: Service android.hardware.camera.provider@2.4::ICameraProvider/legacy/0 must be in VINTF manifest in order to register/get.

12-30 18:47:21.498  7988  7988 E LegacySupport: Could not register service android.hardware.camera.provider@2.4::ICameraProvider/legacy/0 (-2147483648).

01-01 08:03:55.552     1     1 I init    : Service 'vendor.camera-provider-2-4' (pid 7988) exited with status 0

01-01 08:03:55.552     1     1 I init    : Sending signal 9 to service 'vendor.camera-provider-2-4' (pid 7988) process group...

01-01 08:03:55.554     1     1 E init    : process with updatable components 'vendor.camera-provider-2-4' exited 4 times in 4 minutes

01-01 08:04:00.359     1     1 I init    : starting service 'vendor.camera-provider-2-4'...

01-01 08:04:00.373     1     1 I init    : ... started service 'vendor.camera-provider-2-4' has pid 8081

12-30 18:47:26.428  8081  8081 I android.hardware.camera.provider@2.4-service: CameraProvider@2.4 legacy service is starting.

12-30 18:47:26.431   361   361 I hwservicemanager: getTransport: Cannot find entry android.hardware.camera.provider@2.4::ICameraProvider/legacy/0 in either framework or device VINTF manifest.

12-30 18:47:26.520  8081  8081 E V4L2CameraHAL: AIS: In v4l2 camera hal wrapper init

12-30 18:47:26.520  8081  8081 E V4L2CameraHAL: value of property for qcc: 

12-30 18:47:26.521  8081  8081 E V4L2CameraHAL: Error while opening /vendor/lib64/hw/camera.v4l2.qcc4.so lib : dlopen failed: "/vendor/lib64/hw/camera.v4l2.qcc4.so" is 64-bit instead of 32-bit

12-30 18:47:26.521  8081  8081 E V4L2CameraHAL: Error while /vendor/lib64/hw/camera.v4l2.qcc4.so lib initialization: (null)

12-30 18:47:26.521  8081  8081 I CamPrvdr@2.4-legacy: Loaded "V4L2 Camera HAL v3" camera module

12-30 18:47:26.522   361   361 I hwservicemanager: getTransport: Cannot find entry android.hardware.camera.provider@2.4::ICameraProvider/legacy/0 in either framework or device VINTF manifest.

12-30 18:47:26.522  8081  8081 E HidlServiceManagement: Service android.hardware.camera.provider@2.4::ICameraProvider/legacy/0 must be in VINTF manifest in order to register/get.

12-30 18:47:26.522  8081  8081 E LegacySupport: Could not register service android.hardware.camera.provider@2.4::ICameraProvider/legacy/0 (-2147483648).

01-01 08:04:00.579     1     1 I init    : Service 'vendor.camera-provider-2-4' (pid 8081) exited with status 0

01-01 08:04:00.579     1     1 I init    : Sending signal 9 to service 'vendor.camera-provider-2-4' (pid 8081) process group...

01-01 08:04:05.371     1     1 I init    : starting service 'vendor.camera-provider-2-4'...

01-01 08:04:05.412     1     1 I init    : ... started service 'vendor.camera-provider-2-4' has pid 8185

12-30 18:47:31.458  8185  8185 I android.hardware.camera.provider@2.4-service: CameraProvider@2.4 legacy service is starting.

12-30 18:47:31.461   361   361 I hwservicemanager: getTransport: Cannot find entry android.hardware.camera.provider@2.4::ICameraProvider/legacy/0 in either framework or device VINTF manifest.

12-30 18:47:31.536  8185  8185 E V4L2CameraHAL: AIS: In v4l2 camera hal wrapper init

12-30 18:47:31.536  8185  8185 E V4L2CameraHAL: value of property for qcc: 

12-30 18:47:31.537  8185  8185 E V4L2CameraHAL: Error while opening /vendor/lib64/hw/camera.v4l2.qcc4.so lib : dlopen failed: "/vendor/lib64/hw/camera.v4l2.qcc4.so" is 64-bit instead of 32-bit

12-30 18:47:31.537  8185  8185 E V4L2CameraHAL: Error while /vendor/lib64/hw/camera.v4l2.qcc4.so lib initialization: (null)

12-30 18:47:31.537  8185  8185 I CamPrvdr@2.4-legacy: Loaded "V4L2 Camera HAL v3" camera module

12-30 18:47:31.538   361   361 I hwservicemanager: getTransport: Cannot find entry android.hardware.camera.provider@2.4::ICameraProvider/legacy/0 in either framework or device VINTF manifest.

12-30 18:47:31.538  8185  8185 E HidlServiceManagement: Service android.hardware.camera.provider@2.4::ICameraProvider/legacy/0 must be in VINTF manifest in order to register/get.

12-30 18:47:31.538  8185  8185 E LegacySupport: Could not register service android.hardware.camera.provider@2.4::ICameraProvider/legacy/0 (-2147483648).

01-01 08:04:05.593     1     1 I init    : Service 'vendor.camera-provider-2-4' (pid 8185) exited with status 0

01-01 08:04:05.593     1     1 I init    : Sending signal 9 to service 'vendor.camera-provider-2-4' (pid 8185) process group...

01-01 08:04:10.403     1     1 I init    : starting service 'vendor.camera-provider-2-4'...

01-01 08:04:10.422     1     1 I init    : ... started service 'vendor.camera-provider-2-4' has pid 8285

12-30 18:47:36.510  8285  8285 I android.hardware.camera.provider@2.4-service: CameraProvider@2.4 legacy service is starting.

12-30 18:47:36.514   361   361 I hwservicemanager: getTransport: Cannot find entry android.hardware.camera.provider@2.4::ICameraProvider/legacy/0 in either framework or device VINTF manifest.

12-30 18:47:36.610  8285  8285 E V4L2CameraHAL: AIS: In v4l2 camera hal wrapper init

12-30 18:47:36.610  8285  8285 E V4L2CameraHAL: value of property for qcc: 

12-30 18:47:36.611  8285  8285 E V4L2CameraHAL: Error while opening /vendor/lib64/hw/camera.v4l2.qcc4.so lib : dlopen failed: "/vendor/lib64/hw/camera.v4l2.qcc4.so" is 64-bit instead of 32-bit

12-30 18:47:36.611  8285  8285 E V4L2CameraHAL: Error while /vendor/lib64/hw/camera.v4l2.qcc4.so lib initialization: (null)

12-30 18:47:36.611  8285  8285 I CamPrvdr@2.4-legacy: Loaded "V4L2 Camera HAL v3" camera module

12-30 18:47:36.612   361   361 I hwservicemanager: getTransport: Cannot find entry android.hardware.camera.provider@2.4::ICameraProvider/legacy/0 in either framework or device VINTF manifest.

12-30 18:47:36.612  8285  8285 E HidlServiceManagement: Service android.hardware.camera.provider@2.4::ICameraProvider/legacy/0 must be in VINTF manifest in order to register/get.

12-30 18:47:36.612  8285  8285 E LegacySupport: Could not register service android.hardware.camera.provider@2.4::ICameraProvider/legacy/0 (-2147483648).

01-01 08:04:10.672     1     1 I init    : Service 'vendor.camera-provider-2-4' (pid 8285) exited with status 0

01-01 08:04:10.672     1     1 I init    : Sending signal 9 to service 'vendor.camera-provider-2-4' (pid 8285) process group...

01-01 08:04:15.415     1     1 I init    : starting service 'vendor.camera-provider-2-4'...

01-01 08:04:15.429     1     1 I init    : ... started service 'vendor.camera-provider-2-4' has pid 8405

12-30 18:47:41.484  8405  8405 I android.hardware.camera.provider@2.4-service: CameraProvider@2.4 legacy service is starting.

12-30 18:47:41.486   361   361 I hwservicemanager: getTransport: Cannot find entry android.hardware.camera.provider@2.4::ICameraProvider/legacy/0 in either framework or device VINTF manifest.

12-30 18:47:41.599  8405  8405 E V4L2CameraHAL: AIS: In v4l2 camera hal wrapper init

12-30 18:47:41.599  8405  8405 E V4L2CameraHAL: value of property for qcc: 

12-30 18:47:41.600  8405  8405 E V4L2CameraHAL: Error while opening /vendor/lib64/hw/camera.v4l2.qcc4.so lib : dlopen failed: "/vendor/lib64/hw/camera.v4l2.qcc4.so" is 64-bit instead of 32-bit

12-30 18:47:41.600  8405  8405 E V4L2CameraHAL: Error while /vendor/lib64/hw/camera.v4l2.qcc4.so lib initialization: (null)

12-30 18:47:41.600  8405  8405 I CamPrvdr@2.4-legacy: Loaded "V4L2 Camera HAL v3" camera module

12-30 18:47:41.601   361   361 I hwservicemanager: getTransport: Cannot find entry android.hardware.camera.provider@2.4::ICameraProvider/legacy/0 in either framework or device VINTF manifest.

12-30 18:47:41.601  8405  8405 E HidlServiceManagement: Service android.hardware.camera.provider@2.4::ICameraProvider/legacy/0 must be in VINTF manifest in order to register/get.

12-30 18:47:41.601  8405  8405 E LegacySupport: Could not register service android.hardware.camera.provider@2.4::ICameraProvider/legacy/0 (-2147483648).

01-01 08:04:15.680     1     1 I init    : Service 'vendor.camera-provider-2-4' (pid 8405) exited with status 0

01-01 08:04:15.681     1     1 I init    : Sending signal 9 to service 'vendor.camera-provider-2-4' (pid 8405) process group...

01-01 08:04:20.430     1     1 I init    : starting service 'vendor.camera-provider-2-4'...

01-01 08:04:20.468     1     1 I init    : ... started service 'vendor.camera-provider-2-4' has pid 8508

12-30 18:47:46.522  8508  8508 I android.hardware.camera.provider@2.4-service: CameraProvider@2.4 legacy service is starting.

12-30 18:47:46.525   361   361 I hwservicemanager: getTransport: Cannot find entry android.hardware.camera.provider@2.4::ICameraProvider/legacy/0 in either framework or device VINTF manifest.

12-30 18:47:46.626  8508  8508 E V4L2CameraHAL: AIS: In v4l2 camera hal wrapper init

12-30 18:47:46.626  8508  8508 E V4L2CameraHAL: value of property for qcc: 

12-30 18:47:46.626  8508  8508 E V4L2CameraHAL: Error while opening /vendor/lib64/hw/camera.v4l2.qcc4.so lib : dlopen failed: "/vendor/lib64/hw/camera.v4l2.qcc4.so" is 64-bit instead of 32-bit

12-30 18:47:46.626  8508  8508 E V4L2CameraHAL: Error while /vendor/lib64/hw/camera.v4l2.qcc4.so lib initialization: (null)

12-30 18:47:46.626  8508  8508 I CamPrvdr@2.4-legacy: Loaded "V4L2 Camera HAL v3" camera module

12-30 18:47:46.627   361   361 I hwservicemanager: getTransport: Cannot find entry android.hardware.camera.provider@2.4::ICameraProvider/legacy/0 in either framework or device VINTF manifest.

12-30 18:47:46.628  8508  8508 E HidlServiceManagement: Service android.hardware.camera.provider@2.4::ICameraProvider/legacy/0 must be in VINTF manifest in order to register/get.

12-30 18:47:46.628  8508  8508 E LegacySupport: Could not register service android.hardware.camera.provider@2.4::ICameraProvider/legacy/0 (-2147483648).

01-01 08:04:20.697     1     1 I init    : Service 'vendor.camera-provider-2-4' (pid 8508) exited with status 0

01-01 08:04:20.697     1     1 I init    : Sending signal 9 to service 'vendor.camera-provider-2-4' (pid 8508) process group...

01-01 08:04:20.698     1     1 E init    : process with updatable components 'vendor.camera-provider-2-4' exited 4 times in 4 minutes

01-01 08:04:25.464     1     1 I init    : starting service 'vendor.camera-provider-2-4'...

01-01 08:04:25.485     1     1 I init    : ... started service 'vendor.camera-provider-2-4' has pid 8618

12-30 18:47:51.538  8618  8618 I android.hardware.camera.provider@2.4-service: CameraProvider@2.4 legacy service is starting.

12-30 18:47:51.540   361   361 I hwservicemanager: getTransport: Cannot find entry android.hardware.camera.provider@2.4::ICameraProvider/legacy/0 in either framework or device VINTF manifest.

12-30 18:47:51.626  8618  8618 E V4L2CameraHAL: AIS: In v4l2 camera hal wrapper init

12-30 18:47:51.626  8618  8618 E V4L2CameraHAL: value of property for qcc: 

12-30 18:47:51.627  8618  8618 E V4L2CameraHAL: Error while opening /vendor/lib64/hw/camera.v4l2.qcc4.so lib : dlopen failed: "/vendor/lib64/hw/camera.v4l2.qcc4.so" is 64-bit instead of 32-bit

12-30 18:47:51.627  8618  8618 E V4L2CameraHAL: Error while /vendor/lib64/hw/camera.v4l2.qcc4.so lib initialization: (null)

12-30 18:47:51.627  8618  8618 I CamPrvdr@2.4-legacy: Loaded "V4L2 Camera HAL v3" camera module

12-30 18:47:51.628   361   361 I hwservicemanager: getTransport: Cannot find entry android.hardware.camera.provider@2.4::ICameraProvider/legacy/0 in either framework or device VINTF manifest.

12-30 18:47:51.628  8618  8618 E HidlServiceManagement: Service android.hardware.camera.provider@2.4::ICameraProvider/legacy/0 must be in VINTF manifest in order to register/get.

12-30 18:47:51.628  8618  8618 E LegacySupport: Could not register service android.hardware.camera.provider@2.4::ICameraProvider/legacy/0 (-2147483648).

01-01 08:04:25.693     1     1 I init    : Service 'vendor.camera-provider-2-4' (pid 8618) exited with status 0

01-01 08:04:25.693     1     1 I init    : Sending signal 9 to service 'vendor.camera-provider-2-4' (pid 8618) process group...

01-01 08:04:25.694     1     1 E init    : process with updatable components 'vendor.camera-provider-2-4' exited 4 times in 4 minutes

12-30 18:47:56.007  2965  3017 D MediaGrants: Removed 0 media_grants for 0 user for com.example.android.camera2video. Reason: Mode changed: android:read_external_storage

12-30 18:47:56.008  3430  3558 D MediaGrants: Removed 0 media_grants for 0 user for com.example.android.camera2video. Reason: Mode changed: android:read_external_storage

12-30 18:47:56.010  3430  3558 D MediaGrants: Removed 0 media_grants for 0 user for com.example.android.camera2video. Reason: Mode changed: android:read_external_storage

12-30 18:47:56.010  2965  3017 D MediaGrants: Removed 0 media_grants for 0 user for com.example.android.camera2video. Reason: Mode changed: android:read_external_storage

12-30 18:47:56.012  2965  3017 D MediaGrants: Removed 0 media_grants for 0 user for com.example.android.camera2video. Reason: Mode changed: android:read_external_storage

12-30 18:47:56.012  3430  3558 D MediaGrants: Removed 0 media_grants for 0 user for com.example.android.camera2video. Reason: Mode changed: android:read_external_storage

12-30 18:47:56.013  2965  3017 D MediaGrants: Removed 0 media_grants for 0 user for com.example.android.camera2video. Reason: Mode changed: android:read_external_storage

12-30 18:47:56.014  3430  3558 D MediaGrants: Removed 0 media_grants for 0 user for com.example.android.camera2video. Reason: Mode changed: android:read_external_storage

12-30 18:47:56.015  2965  3017 D MediaGrants: Removed 0 media_grants for 0 user for com.example.android.camera2video. Reason: Mode changed: android:read_external_storage

12-30 18:47:56.015  3430  3459 D MediaGrants: Removed 0 media_grants for 0 user for com.example.android.camera2video. Reason: Mode changed: android:read_external_storage

12-30 18:47:56.017  2965  3017 D MediaGrants: Removed 0 media_grants for 0 user for com.example.android.camera2video. Reason: Mode changed: android:read_external_storage

12-30 18:47:56.017  3430  3459 D MediaGrants: Removed 0 media_grants for 0 user for com.example.android.camera2video. Reason: Mode changed: android:read_external_storage

12-30 18:47:56.019  2965  3017 D MediaGrants: Removed 0 media_grants for 0 user for com.example.android.camera2video. Reason: Mode changed: android:read_external_storage

12-30 18:47:56.019  3430  3459 D MediaGrants: Removed 0 media_grants for 0 user for com.example.android.camera2video. Reason: Mode changed: android:read_external_storage

12-30 18:47:56.022  3430  3459 D MediaGrants: Removed 0 media_grants for 0 user for com.example.android.camera2video. Reason: Mode changed: android:read_external_storage

12-30 18:47:56.022  2965  3017 D MediaGrants: Removed 0 media_grants for 0 user for com.example.android.camera2video. Reason: Mode changed: android:read_external_storage

12-30 18:47:56.026  2965  3245 D MediaGrants: Removed 0 media_grants for 10 user for com.example.android.camera2video. Reason: Mode changed: android:read_external_storage

12-30 18:47:56.026  3430  3459 D MediaGrants: Removed 0 media_grants for 10 user for com.example.android.camera2video. Reason: Mode changed: android:read_external_storage

12-30 18:47:56.028  3430  4894 D MediaGrants: Removed 0 media_grants for 10 user for com.example.android.camera2video. Reason: Mode changed: android:read_external_storage

12-30 18:47:56.029  2965  3245 D MediaGrants: Removed 0 media_grants for 10 user for com.example.android.camera2video. Reason: Mode changed: android:read_external_storage

12-30 18:47:56.031  3430  4894 D MediaGrants: Removed 0 media_grants for 10 user for com.example.android.camera2video. Reason: Mode changed: android:read_external_storage

12-30 18:47:56.032  2965  3245 D MediaGrants: Removed 0 media_grants for 10 user for com.example.android.camera2video. Reason: Mode changed: android:read_external_storage

12-30 18:47:56.034  3430  4894 D MediaGrants: Removed 0 media_grants for 10 user for com.example.android.camera2video. Reason: Mode changed: android:read_external_storage

12-30 18:47:56.035  2965  3245 D MediaGrants: Removed 0 media_grants for 10 user for com.example.android.camera2video. Reason: Mode changed: android:read_external_storage

12-30 18:47:56.036  3430  4894 D MediaGrants: Removed 0 media_grants for 10 user for com.example.android.camera2video. Reason: Mode changed: android:read_external_storage

12-30 18:47:56.038  3430  4894 D MediaGrants: Removed 0 media_grants for 10 user for com.example.android.camera2video. Reason: Mode changed: android:read_external_storage

12-30 18:47:56.038  2965  3245 D MediaGrants: Removed 0 media_grants for 10 user for com.example.android.camera2video. Reason: Mode changed: android:read_external_storage

12-30 18:47:56.040  2965  3245 D MediaGrants: Removed 0 media_grants for 10 user for com.example.android.camera2video. Reason: Mode changed: android:read_external_storage

12-30 18:47:56.040  3430  4894 D MediaGrants: Removed 0 media_grants for 10 user for com.example.android.camera2video. Reason: Mode changed: android:read_external_storage

12-30 18:47:56.041  2965  3245 D MediaGrants: Removed 0 media_grants for 10 user for com.example.android.camera2video. Reason: Mode changed: android:read_external_storage

12-30 18:47:56.041  3430  4894 D MediaGrants: Removed 0 media_grants for 10 user for com.example.android.camera2video. Reason: Mode changed: android:read_external_storage

12-30 18:47:56.043  2965  3245 D MediaGrants: Removed 0 media_grants for 10 user for com.example.android.camera2video. Reason: Mode changed: android:read_external_storage

12-30 18:47:56.077  2164  2164 D CarrierSvcBindHelper: onPackageAdded: com.example.android.camera2video

12-30 18:47:56.079  1005  1758 I SdkSandboxManager: No SDKs used. Skipping SDK data reconcilation for CallingInfo{mUid=10128, mPackageName='com.example.android.camera2video, mAppProcessToken='null'}

12-30 18:47:56.084  1922  1977 D CarPackageManagerService: Updating allowlist and denylist mapping for package: com.example.android.camera2video for UserId: 10

12-30 18:47:56.091  1922  1977 D CarPackageManagerService: Updating allowlist and denylist mapping for package: com.example.android.camera2video for UserId: 0

12-30 18:47:56.095  1922  1977 D CarPackageManagerService: Updating allowlist and denylist mapping for package: com.example.android.camera2video for UserId: 10

12-30 18:47:56.096  1922  1977 D CarPackageManagerService: Updating allowlist and denylist mapping for package: com.example.android.camera2video for UserId: 0

12-30 18:47:56.131  1922  1977 D CarPackageManagerService: Updating allowlist and denylist mapping for package: com.example.android.camera2video for UserId: 10

12-30 18:47:56.134  2164  2164 D CarrierSvcBindHelper: onPackageAdded: com.example.android.camera2video

12-30 18:47:56.135  1922  1977 D CarPackageManagerService: Updating allowlist and denylist mapping for package: com.example.android.camera2video for UserId: 0

12-30 18:47:56.185  2164  2164 D CarrierSvcBindHelper: onPackageModified: com.example.android.camera2video

01-01 08:04:30.481     1     1 I init    : starting service 'vendor.camera-provider-2-4'...

01-01 08:04:30.522     1     1 I init    : ... started service 'vendor.camera-provider-2-4' has pid 8722

12-30 18:47:56.579  8722  8722 I android.hardware.camera.provider@2.4-service: CameraProvider@2.4 legacy service is starting.

12-30 18:47:56.582   361   361 I hwservicemanager: getTransport: Cannot find entry android.hardware.camera.provider@2.4::ICameraProvider/legacy/0 in either framework or device VINTF manifest.

12-30 18:47:56.665  8722  8722 E V4L2CameraHAL: AIS: In v4l2 camera hal wrapper init

12-30 18:47:56.666  8722  8722 E V4L2CameraHAL: value of property for qcc: 

12-30 18:47:56.666  8722  8722 E V4L2CameraHAL: Error while opening /vendor/lib64/hw/camera.v4l2.qcc4.so lib : dlopen failed: "/vendor/lib64/hw/camera.v4l2.qcc4.so" is 64-bit instead of 32-bit

12-30 18:47:56.666  8722  8722 E V4L2CameraHAL: Error while /vendor/lib64/hw/camera.v4l2.qcc4.so lib initialization: (null)

12-30 18:47:56.666  8722  8722 I CamPrvdr@2.4-legacy: Loaded "V4L2 Camera HAL v3" camera module

12-30 18:47:56.672   361   361 I hwservicemanager: getTransport: Cannot find entry android.hardware.camera.provider@2.4::ICameraProvider/legacy/0 in either framework or device VINTF manifest.

12-30 18:47:56.672  8722  8722 E HidlServiceManagement: Service android.hardware.camera.provider@2.4::ICameraProvider/legacy/0 must be in VINTF manifest in order to register/get.

12-30 18:47:56.672  8722  8722 E LegacySupport: Could not register service android.hardware.camera.provider@2.4::ICameraProvider/legacy/0 (-2147483648).

01-01 08:04:30.727     1     1 I init    : Service 'vendor.camera-provider-2-4' (pid 8722) exited with status 0

01-01 08:04:30.727     1     1 I init    : Sending signal 9 to service 'vendor.camera-provider-2-4' (pid 8722) process group...

01-01 08:04:30.728     1     1 E init    : process with updatable components 'vendor.camera-provider-2-4' exited 4 times in 4 minutes

01-01 08:04:35.519     1     1 I init    : starting service 'vendor.camera-provider-2-4'...

01-01 08:04:35.578     1     1 I init    : ... started service 'vendor.camera-provider-2-4' has pid 8833

12-30 18:48:01.639  8833  8833 I android.hardware.camera.provider@2.4-service: CameraProvider@2.4 legacy service is starting.

12-30 18:48:01.642   361   361 I hwservicemanager: getTransport: Cannot find entry android.hardware.camera.provider@2.4::ICameraProvider/legacy/0 in either framework or device VINTF manifest.

12-30 18:48:01.710  8833  8833 E V4L2CameraHAL: AIS: In v4l2 camera hal wrapper init

12-30 18:48:01.710  8833  8833 E V4L2CameraHAL: value of property for qcc: 

12-30 18:48:01.710  8833  8833 E V4L2CameraHAL: Error while opening /vendor/lib64/hw/camera.v4l2.qcc4.so lib : dlopen failed: "/vendor/lib64/hw/camera.v4l2.qcc4.so" is 64-bit instead of 32-bit

12-30 18:48:01.710  8833  8833 E V4L2CameraHAL: Error while /vendor/lib64/hw/camera.v4l2.qcc4.so lib initialization: (null)

12-30 18:48:01.711  8833  8833 I CamPrvdr@2.4-legacy: Loaded "V4L2 Camera HAL v3" camera module

12-30 18:48:01.711   361   361 I hwservicemanager: getTransport: Cannot find entry android.hardware.camera.provider@2.4::ICameraProvider/legacy/0 in either framework or device VINTF manifest.

12-30 18:48:01.712  8833  8833 E HidlServiceManagement: Service android.hardware.camera.provider@2.4::ICameraProvider/legacy/0 must be in VINTF manifest in order to register/get.

12-30 18:48:01.712  8833  8833 E LegacySupport: Could not register service android.hardware.camera.provider@2.4::ICameraProvider/legacy/0 (-2147483648).

01-01 08:04:35.772     1     1 I init    : Service 'vendor.camera-provider-2-4' (pid 8833) exited with status 0

01-01 08:04:35.772     1     1 I init    : Sending signal 9 to service 'vendor.camera-provider-2-4' (pid 8833) process group...

01-01 08:04:35.772     1     1 E init    : process with updatable components 'vendor.camera-provider-2-4' exited 4 times in 4 minutes

01-01 08:04:40.576     1     1 I init    : starting service 'vendor.camera-provider-2-4'...

01-01 08:04:40.637     1     1 I init    : ... started service 'vendor.camera-provider-2-4' has pid 8934

12-30 18:48:06.706  8934  8934 I android.hardware.camera.provider@2.4-service: CameraProvider@2.4 legacy service is starting.

12-30 18:48:06.712   361   361 I hwservicemanager: getTransport: Cannot find entry android.hardware.camera.provider@2.4::ICameraProvider/legacy/0 in either framework or device VINTF manifest.

12-30 18:48:06.801  8934  8934 E V4L2CameraHAL: AIS: In v4l2 camera hal wrapper init

12-30 18:48:06.801  8934  8934 E V4L2CameraHAL: value of property for qcc: 

12-30 18:48:06.801  8934  8934 E V4L2CameraHAL: Error while opening /vendor/lib64/hw/camera.v4l2.qcc4.so lib : dlopen failed: "/vendor/lib64/hw/camera.v4l2.qcc4.so" is 64-bit instead of 32-bit

12-30 18:48:06.801  8934  8934 E V4L2CameraHAL: Error while /vendor/lib64/hw/camera.v4l2.qcc4.so lib initialization: (null)

12-30 18:48:06.802  8934  8934 I CamPrvdr@2.4-legacy: Loaded "V4L2 Camera HAL v3" camera module

12-30 18:48:06.802   361   361 I hwservicemanager: getTransport: Cannot find entry android.hardware.camera.provider@2.4::ICameraProvider/legacy/0 in either framework or device VINTF manifest.

12-30 18:48:06.803  8934  8934 E HidlServiceManagement: Service android.hardware.camera.provider@2.4::ICameraProvider/legacy/0 must be in VINTF manifest in order to register/get.

12-30 18:48:06.803  8934  8934 E LegacySupport: Could not register service android.hardware.camera.provider@2.4::ICameraProvider/legacy/0 (-2147483648).

01-01 08:04:40.878     1     1 I init    : Service 'vendor.camera-provider-2-4' (pid 8934) exited with status 0

01-01 08:04:40.878     1     1 I init    : Sending signal 9 to service 'vendor.camera-provider-2-4' (pid 8934) process group...

01-01 08:04:40.879     1     1 E init    : process with updatable components 'vendor.camera-provider-2-4' exited 4 times in 4 minutes

01-01 08:04:45.639     1     1 I init    : starting service 'vendor.camera-provider-2-4'...

01-01 08:04:45.659     1     1 I init    : ... started service 'vendor.camera-provider-2-4' has pid 9043

12-30 18:48:11.729  9043  9043 I android.hardware.camera.provider@2.4-service: CameraProvider@2.4 legacy service is starting.

12-30 18:48:11.732   361   361 I hwservicemanager: getTransport: Cannot find entry android.hardware.camera.provider@2.4::ICameraProvider/legacy/0 in either framework or device VINTF manifest.

12-30 18:48:11.820  9043  9043 E V4L2CameraHAL: AIS: In v4l2 camera hal wrapper init

12-30 18:48:11.821  9043  9043 E V4L2CameraHAL: value of property for qcc: 

12-30 18:48:11.821  9043  9043 E V4L2CameraHAL: Error while opening /vendor/lib64/hw/camera.v4l2.qcc4.so lib : dlopen failed: "/vendor/lib64/hw/camera.v4l2.qcc4.so" is 64-bit instead of 32-bit

12-30 18:48:11.821  9043  9043 E V4L2CameraHAL: Error while /vendor/lib64/hw/camera.v4l2.qcc4.so lib initialization: (null)

12-30 18:48:11.821  9043  9043 I CamPrvdr@2.4-legacy: Loaded "V4L2 Camera HAL v3" camera module

12-30 18:48:11.822   361   361 I hwservicemanager: getTransport: Cannot find entry android.hardware.camera.provider@2.4::ICameraProvider/legacy/0 in either framework or device VINTF manifest.

12-30 18:48:11.822  9043  9043 E HidlServiceManagement: Service android.hardware.camera.provider@2.4::ICameraProvider/legacy/0 must be in VINTF manifest in order to register/get.

12-30 18:48:11.822  9043  9043 E LegacySupport: Could not register service android.hardware.camera.provider@2.4::ICameraProvider/legacy/0 (-2147483648).

01-01 08:04:45.895     1     1 I init    : Service 'vendor.camera-provider-2-4' (pid 9043) exited with status 0

01-01 08:04:45.895     1     1 I init    : Sending signal 9 to service 'vendor.camera-provider-2-4' (pid 9043) process group...

01-01 08:04:45.895     1     1 E init    : process with updatable components 'vendor.camera-provider-2-4' exited 4 times in 4 minutes

01-01 08:04:50.655     1     1 I init    : starting service 'vendor.camera-provider-2-4'...

01-01 08:04:50.673     1     1 I init    : ... started service 'vendor.camera-provider-2-4' has pid 9127

12-30 18:48:16.730  9127  9127 I android.hardware.camera.provider@2.4-service: CameraProvider@2.4 legacy service is starting.

12-30 18:48:16.733   361   361 I hwservicemanager: getTransport: Cannot find entry android.hardware.camera.provider@2.4::ICameraProvider/legacy/0 in either framework or device VINTF manifest.

12-30 18:48:16.825  9127  9127 E V4L2CameraHAL: AIS: In v4l2 camera hal wrapper init

12-30 18:48:16.825  9127  9127 E V4L2CameraHAL: value of property for qcc: 

12-30 18:48:16.825  9127  9127 E V4L2CameraHAL: Error while opening /vendor/lib64/hw/camera.v4l2.qcc4.so lib : dlopen failed: "/vendor/lib64/hw/camera.v4l2.qcc4.so" is 64-bit instead of 32-bit

12-30 18:48:16.825  9127  9127 E V4L2CameraHAL: Error while /vendor/lib64/hw/camera.v4l2.qcc4.so lib initialization: (null)

12-30 18:48:16.826  9127  9127 I CamPrvdr@2.4-legacy: Loaded "V4L2 Camera HAL v3" camera module

12-30 18:48:16.828   361   361 I hwservicemanager: getTransport: Cannot find entry android.hardware.camera.provider@2.4::ICameraProvider/legacy/0 in either framework or device VINTF manifest.

12-30 18:48:16.828  9127  9127 E HidlServiceManagement: Service android.hardware.camera.provider@2.4::ICameraProvider/legacy/0 must be in VINTF manifest in order to register/get.

12-30 18:48:16.828  9127  9127 E LegacySupport: Could not register service android.hardware.camera.provider@2.4::ICameraProvider/legacy/0 (-2147483648).

01-01 08:04:50.895     1     1 I init    : Service 'vendor.camera-provider-2-4' (pid 9127) exited with status 0

01-01 08:04:50.895     1     1 I init    : Sending signal 9 to service 'vendor.camera-provider-2-4' (pid 9127) process group...

01-01 08:04:50.897     1     1 E init    : process with updatable components 'vendor.camera-provider-2-4' exited 4 times in 4 minutes

01-01 08:04:55.672     1     1 I init    : starting service 'vendor.camera-provider-2-4'...

01-01 08:04:55.686     1     1 I init    : ... started service 'vendor.camera-provider-2-4' has pid 9227

12-30 18:48:21.754  9227  9227 I android.hardware.camera.provider@2.4-service: CameraProvider@2.4 legacy service is starting.

12-30 18:48:21.756   361   361 I hwservicemanager: getTransport: Cannot find entry android.hardware.camera.provider@2.4::ICameraProvider/legacy/0 in either framework or device VINTF manifest.

12-30 18:48:21.869  9227  9227 E V4L2CameraHAL: AIS: In v4l2 camera hal wrapper init

12-30 18:48:21.869  9227  9227 E V4L2CameraHAL: value of property for qcc: 

12-30 18:48:21.870  9227  9227 E V4L2CameraHAL: Error while opening /vendor/lib64/hw/camera.v4l2.qcc4.so lib : dlopen failed: "/vendor/lib64/hw/camera.v4l2.qcc4.so" is 64-bit instead of 32-bit

12-30 18:48:21.870  9227  9227 E V4L2CameraHAL: Error while /vendor/lib64/hw/camera.v4l2.qcc4.so lib initialization: (null)

12-30 18:48:21.870  9227  9227 I CamPrvdr@2.4-legacy: Loaded "V4L2 Camera HAL v3" camera module

12-30 18:48:21.871   361   361 I hwservicemanager: getTransport: Cannot find entry android.hardware.camera.provider@2.4::ICameraProvider/legacy/0 in either framework or device VINTF manifest.

12-30 18:48:21.872  9227  9227 E HidlServiceManagement: Service android.hardware.camera.provider@2.4::ICameraProvider/legacy/0 must be in VINTF manifest in order to register/get.

12-30 18:48:21.872  9227  9227 E LegacySupport: Could not register service android.hardware.camera.provider@2.4::ICameraProvider/legacy/0 (-2147483648).

01-01 08:04:55.936     1     1 I init    : Service 'vendor.camera-provider-2-4' (pid 9227) exited with status 0

01-01 08:04:55.936     1     1 I init    : Sending signal 9 to service 'vendor.camera-provider-2-4' (pid 9227) process group...

01-01 08:04:55.938     1     1 E init    : process with updatable components 'vendor.camera-provider-2-4' exited 4 times in 4 minutes

01-01 08:05:00.687     1     1 I init    : starting service 'vendor.camera-provider-2-4'...

01-01 08:05:00.706     1     1 I init    : ... started service 'vendor.camera-provider-2-4' has pid 9303

12-30 18:48:26.758  9303  9303 I android.hardware.camera.provider@2.4-service: CameraProvider@2.4 legacy service is starting.

12-30 18:48:26.762   361   361 I hwservicemanager: getTransport: Cannot find entry android.hardware.camera.provider@2.4::ICameraProvider/legacy/0 in either framework or device VINTF manifest.

12-30 18:48:26.845  9303  9303 E V4L2CameraHAL: AIS: In v4l2 camera hal wrapper init

12-30 18:48:26.845  9303  9303 E V4L2CameraHAL: value of property for qcc: 

12-30 18:48:26.846  9303  9303 E V4L2CameraHAL: Error while opening /vendor/lib64/hw/camera.v4l2.qcc4.so lib : dlopen failed: "/vendor/lib64/hw/camera.v4l2.qcc4.so" is 64-bit instead of 32-bit

12-30 18:48:26.846  9303  9303 E V4L2CameraHAL: Error while /vendor/lib64/hw/camera.v4l2.qcc4.so lib initialization: (null)

12-30 18:48:26.846  9303  9303 I CamPrvdr@2.4-legacy: Loaded "V4L2 Camera HAL v3" camera module

12-30 18:48:26.847   361   361 I hwservicemanager: getTransport: Cannot find entry android.hardware.camera.provider@2.4::ICameraProvider/legacy/0 in either framework or device VINTF manifest.

12-30 18:48:26.847  9303  9303 E HidlServiceManagement: Service android.hardware.camera.provider@2.4::ICameraProvider/legacy/0 must be in VINTF manifest in order to register/get.

12-30 18:48:26.847  9303  9303 E LegacySupport: Could not register service android.hardware.camera.provider@2.4::ICameraProvider/legacy/0 (-2147483648).

01-01 08:05:00.906     1     1 I init    : Service 'vendor.camera-provider-2-4' (pid 9303) exited with status 0

01-01 08:05:00.906     1     1 I init    : Sending signal 9 to service 'vendor.camera-provider-2-4' (pid 9303) process group...

01-01 08:05:00.907     1     1 E init    : process with updatable components 'vendor.camera-provider-2-4' exited 4 times in 4 minutes

01-01 08:05:05.700     1     1 I init    : starting service 'vendor.camera-provider-2-4'...

01-01 08:05:05.726     1     1 I init    : ... started service 'vendor.camera-provider-2-4' has pid 9391

12-30 18:48:31.801  9391  9391 I android.hardware.camera.provider@2.4-service: CameraProvider@2.4 legacy service is starting.

12-30 18:48:31.804   361   361 I hwservicemanager: getTransport: Cannot find entry android.hardware.camera.provider@2.4::ICameraProvider/legacy/0 in either framework or device VINTF manifest.

12-30 18:48:31.896  9391  9391 E V4L2CameraHAL: AIS: In v4l2 camera hal wrapper init

12-30 18:48:31.896  9391  9391 E V4L2CameraHAL: value of property for qcc: 

12-30 18:48:31.897  9391  9391 E V4L2CameraHAL: Error while opening /vendor/lib64/hw/camera.v4l2.qcc4.so lib : dlopen failed: "/vendor/lib64/hw/camera.v4l2.qcc4.so" is 64-bit instead of 32-bit

12-30 18:48:31.897  9391  9391 E V4L2CameraHAL: Error while /vendor/lib64/hw/camera.v4l2.qcc4.so lib initialization: (null)

12-30 18:48:31.897  9391  9391 I CamPrvdr@2.4-legacy: Loaded "V4L2 Camera HAL v3" camera module

12-30 18:48:31.898   361   361 I hwservicemanager: getTransport: Cannot find entry android.hardware.camera.provider@2.4::ICameraProvider/legacy/0 in either framework or device VINTF manifest.

12-30 18:48:31.898  9391  9391 E HidlServiceManagement: Service android.hardware.camera.provider@2.4::ICameraProvider/legacy/0 must be in VINTF manifest in order to register/get.

12-30 18:48:31.898  9391  9391 E LegacySupport: Could not register service android.hardware.camera.provider@2.4::ICameraProvider/legacy/0 (-2147483648).

01-01 08:05:05.972     1     1 I init    : Service 'vendor.camera-provider-2-4' (pid 9391) exited with status 0

01-01 08:05:05.972     1     1 I init    : Sending signal 9 to service 'vendor.camera-provider-2-4' (pid 9391) process group...

01-01 08:05:05.973     1     1 E init    : process with updatable components 'vendor.camera-provider-2-4' exited 4 times in 4 minutes

01-01 08:05:10.718     1     1 I init    : starting service 'vendor.camera-provider-2-4'...

01-01 08:05:10.783     1     1 I init    : ... started service 'vendor.camera-provider-2-4' has pid 9501

12-30 18:48:36.838  9501  9501 I android.hardware.camera.provider@2.4-service: CameraProvider@2.4 legacy service is starting.

12-30 18:48:36.848   361   361 I hwservicemanager: getTransport: Cannot find entry android.hardware.camera.provider@2.4::ICameraProvider/legacy/0 in either framework or device VINTF manifest.

12-30 18:48:36.935  9501  9501 E V4L2CameraHAL: AIS: In v4l2 camera hal wrapper init

12-30 18:48:36.936  9501  9501 E V4L2CameraHAL: value of property for qcc: 

12-30 18:48:36.936  9501  9501 E V4L2CameraHAL: Error while opening /vendor/lib64/hw/camera.v4l2.qcc4.so lib : dlopen failed: "/vendor/lib64/hw/camera.v4l2.qcc4.so" is 64-bit instead of 32-bit

12-30 18:48:36.936  9501  9501 E V4L2CameraHAL: Error while /vendor/lib64/hw/camera.v4l2.qcc4.so lib initialization: (null)

12-30 18:48:36.936  9501  9501 I CamPrvdr@2.4-legacy: Loaded "V4L2 Camera HAL v3" camera module

12-30 18:48:36.937   361   361 I hwservicemanager: getTransport: Cannot find entry android.hardware.camera.provider@2.4::ICameraProvider/legacy/0 in either framework or device VINTF manifest.

12-30 18:48:36.937  9501  9501 E HidlServiceManagement: Service android.hardware.camera.provider@2.4::ICameraProvider/legacy/0 must be in VINTF manifest in order to register/get.

12-30 18:48:36.937  9501  9501 E LegacySupport: Could not register service android.hardware.camera.provider@2.4::ICameraProvider/legacy/0 (-2147483648).

01-01 08:05:11.022     1     1 I init    : Service 'vendor.camera-provider-2-4' (pid 9501) exited with status 0

01-01 08:05:11.022     1     1 I init    : Sending signal 9 to service 'vendor.camera-provider-2-4' (pid 9501) process group...

01-01 08:05:11.023     1     1 E init    : process with updatable components 'vendor.camera-provider-2-4' exited 4 times in 4 minutes

01-01 08:05:15.783     1     1 I init    : starting service 'vendor.camera-provider-2-4'...

01-01 08:05:15.805     1     1 I init    : ... started service 'vendor.camera-provider-2-4' has pid 9599

12-30 18:48:41.858  9599  9599 I android.hardware.camera.provider@2.4-service: CameraProvider@2.4 legacy service is starting.

12-30 18:48:41.860   361   361 I hwservicemanager: getTransport: Cannot find entry android.hardware.camera.provider@2.4::ICameraProvider/legacy/0 in either framework or device VINTF manifest.

12-30 18:48:41.955  9599  9599 E V4L2CameraHAL: AIS: In v4l2 camera hal wrapper init

12-30 18:48:41.955  9599  9599 E V4L2CameraHAL: value of property for qcc: 

12-30 18:48:41.955  9599  9599 E V4L2CameraHAL: Error while opening /vendor/lib64/hw/camera.v4l2.qcc4.so lib : dlopen failed: "/vendor/lib64/hw/camera.v4l2.qcc4.so" is 64-bit instead of 32-bit

12-30 18:48:41.955  9599  9599 E V4L2CameraHAL: Error while /vendor/lib64/hw/camera.v4l2.qcc4.so lib initialization: (null)

12-30 18:48:41.956  9599  9599 I CamPrvdr@2.4-legacy: Loaded "V4L2 Camera HAL v3" camera module

12-30 18:48:41.956   361   361 I hwservicemanager: getTransport: Cannot find entry android.hardware.camera.provider@2.4::ICameraProvider/legacy/0 in either framework or device VINTF manifest.

12-30 18:48:41.957  9599  9599 E HidlServiceManagement: Service android.hardware.camera.provider@2.4::ICameraProvider/legacy/0 must be in VINTF manifest in order to register/get.

12-30 18:48:41.957  9599  9599 E LegacySupport: Could not register service android.hardware.camera.provider@2.4::ICameraProvider/legacy/0 (-2147483648).

01-01 08:05:16.021     1     1 I init    : Service 'vendor.camera-provider-2-4' (pid 9599) exited with status 0

01-01 08:05:16.021     1     1 I init    : Sending signal 9 to service 'vendor.camera-provider-2-4' (pid 9599) process group...

01-01 08:05:16.022     1     1 E init    : process with updatable components 'vendor.camera-provider-2-4' exited 4 times in 4 minutes

01-01 08:05:20.798     1     1 I init    : starting service 'vendor.camera-provider-2-4'...

01-01 08:05:20.815     1     1 I init    : ... started service 'vendor.camera-provider-2-4' has pid 9696

12-30 18:48:46.862  9696  9696 I android.hardware.camera.provider@2.4-service: CameraProvider@2.4 legacy service is starting.

12-30 18:48:46.872   361   361 I hwservicemanager: getTransport: Cannot find entry android.hardware.camera.provider@2.4::ICameraProvider/legacy/0 in either framework or device VINTF manifest.

12-30 18:48:46.960  9696  9696 E V4L2CameraHAL: AIS: In v4l2 camera hal wrapper init

12-30 18:48:46.960  9696  9696 E V4L2CameraHAL: value of property for qcc: 

12-30 18:48:46.960  9696  9696 E V4L2CameraHAL: Error while opening /vendor/lib64/hw/camera.v4l2.qcc4.so lib : dlopen failed: "/vendor/lib64/hw/camera.v4l2.qcc4.so" is 64-bit instead of 32-bit

12-30 18:48:46.960  9696  9696 E V4L2CameraHAL: Error while /vendor/lib64/hw/camera.v4l2.qcc4.so lib initialization: (null)

12-30 18:48:46.960  9696  9696 I CamPrvdr@2.4-legacy: Loaded "V4L2 Camera HAL v3" camera module

12-30 18:48:46.961   361   361 I hwservicemanager: getTransport: Cannot find entry android.hardware.camera.provider@2.4::ICameraProvider/legacy/0 in either framework or device VINTF manifest.

12-30 18:48:46.961  9696  9696 E HidlServiceManagement: Service android.hardware.camera.provider@2.4::ICameraProvider/legacy/0 must be in VINTF manifest in order to register/get.

12-30 18:48:46.961  9696  9696 E LegacySupport: Could not register service android.hardware.camera.provider@2.4::ICameraProvider/legacy/0 (-2147483648).

01-01 08:05:21.031     1     1 I init    : Service 'vendor.camera-provider-2-4' (pid 9696) exited with status 0

01-01 08:05:21.031     1     1 I init    : Sending signal 9 to service 'vendor.camera-provider-2-4' (pid 9696) process group...

01-01 08:05:21.033     1     1 E init    : process with updatable components 'vendor.camera-provider-2-4' exited 4 times in 4 minutes

01-01 08:05:25.811     1     1 I init    : starting service 'vendor.camera-provider-2-4'...

01-01 08:05:25.826     1     1 I init    : ... started service 'vendor.camera-provider-2-4' has pid 9799

12-30 18:48:51.884  9799  9799 I android.hardware.camera.provider@2.4-service: CameraProvider@2.4 legacy service is starting.

12-30 18:48:51.886   361   361 I hwservicemanager: getTransport: Cannot find entry android.hardware.camera.provider@2.4::ICameraProvider/legacy/0 in either framework or device VINTF manifest.

12-30 18:48:51.979  9799  9799 E V4L2CameraHAL: AIS: In v4l2 camera hal wrapper init

12-30 18:48:51.979  9799  9799 E V4L2CameraHAL: value of property for qcc: 

12-30 18:48:51.980  9799  9799 E V4L2CameraHAL: Error while opening /vendor/lib64/hw/camera.v4l2.qcc4.so lib : dlopen failed: "/vendor/lib64/hw/camera.v4l2.qcc4.so" is 64-bit instead of 32-bit

12-30 18:48:51.980  9799  9799 E V4L2CameraHAL: Error while /vendor/lib64/hw/camera.v4l2.qcc4.so lib initialization: (null)

12-30 18:48:51.980  9799  9799 I CamPrvdr@2.4-legacy: Loaded "V4L2 Camera HAL v3" camera module

12-30 18:48:51.981   361   361 I hwservicemanager: getTransport: Cannot find entry android.hardware.camera.provider@2.4::ICameraProvider/legacy/0 in either framework or device VINTF manifest.

12-30 18:48:51.981  9799  9799 E HidlServiceManagement: Service android.hardware.camera.provider@2.4::ICameraProvider/legacy/0 must be in VINTF manifest in order to register/get.

12-30 18:48:51.981  9799  9799 E LegacySupport: Could not register service android.hardware.camera.provider@2.4::ICameraProvider/legacy/0 (-2147483648).

01-01 08:05:26.047     1     1 I init    : Service 'vendor.camera-provider-2-4' (pid 9799) exited with status 0

01-01 08:05:26.047     1     1 I init    : Sending signal 9 to service 'vendor.camera-provider-2-4' (pid 9799) process group...

01-01 08:05:26.048     1     1 E init    : process with updatable components 'vendor.camera-provider-2-4' exited 4 times in 4 minutes

01-01 08:05:30.827     1     1 I init    : starting service 'vendor.camera-provider-2-4'...

01-01 08:05:30.841     1     1 I init    : ... started service 'vendor.camera-provider-2-4' has pid 9907

12-30 18:48:56.895  9907  9907 I android.hardware.camera.provider@2.4-service: CameraProvider@2.4 legacy service is starting.

12-30 18:48:56.897   361   361 I hwservicemanager: getTransport: Cannot find entry android.hardware.camera.provider@2.4::ICameraProvider/legacy/0 in either framework or device VINTF manifest.

12-30 18:48:56.983  9907  9907 E V4L2CameraHAL: AIS: In v4l2 camera hal wrapper init

12-30 18:48:56.983  9907  9907 E V4L2CameraHAL: value of property for qcc: 

12-30 18:48:56.984  9907  9907 E V4L2CameraHAL: Error while opening /vendor/lib64/hw/camera.v4l2.qcc4.so lib : dlopen failed: "/vendor/lib64/hw/camera.v4l2.qcc4.so" is 64-bit instead of 32-bit

12-30 18:48:56.984  9907  9907 E V4L2CameraHAL: Error while /vendor/lib64/hw/camera.v4l2.qcc4.so lib initialization: (null)

12-30 18:48:56.984  9907  9907 I CamPrvdr@2.4-legacy: Loaded "V4L2 Camera HAL v3" camera module

12-30 18:48:56.985   361   361 I hwservicemanager: getTransport: Cannot find entry android.hardware.camera.provider@2.4::ICameraProvider/legacy/0 in either framework or device VINTF manifest.

12-30 18:48:56.985  9907  9907 E HidlServiceManagement: Service android.hardware.camera.provider@2.4::ICameraProvider/legacy/0 must be in VINTF manifest in order to register/get.

12-30 18:48:56.985  9907  9907 E LegacySupport: Could not register service android.hardware.camera.provider@2.4::ICameraProvider/legacy/0 (-2147483648).

01-01 08:05:31.045     1     1 I init    : Service 'vendor.camera-provider-2-4' (pid 9907) exited with status 0

01-01 08:05:31.045     1     1 I init    : Sending signal 9 to service 'vendor.camera-provider-2-4' (pid 9907) process group...

01-01 08:05:31.045     1     1 E init    : process with updatable components 'vendor.camera-provider-2-4' exited 4 times in 4 minutes

01-01 08:05:35.840     1     1 I init    : starting service 'vendor.camera-provider-2-4'...

01-01 08:05:35.859     1     1 I init    : ... started service 'vendor.camera-provider-2-4' has pid 10002

12-30 18:49:01.914 10002 10002 I android.hardware.camera.provider@2.4-service: CameraProvider@2.4 legacy service is starting.

12-30 18:49:01.916   361   361 I hwservicemanager: getTransport: Cannot find entry android.hardware.camera.provider@2.4::ICameraProvider/legacy/0 in either framework or device VINTF manifest.

12-30 18:49:02.005 10002 10002 E V4L2CameraHAL: AIS: In v4l2 camera hal wrapper init

