01-01 08:13:58.780   462   462 E android.hardware.automotive.evs-ais: boot_kpi:  boot_kpi: M - Camera Start 

01-01 08:13:58.797   462   462 E EvsHal  : Storing qcarcam camera info as stream metadata

01-01 08:13:58.797   462   462 I EvsHal  : Storing camera info 0

01-01 08:13:58.798   462   462 E EvsHal  : Storing qcarcam camera info as stream metadata

01-01 08:13:58.798   462   462 I EvsHal  : Storing camera info 1

01-01 08:13:58.798   462   462 E EvsHal  : Storing qcarcam camera info as stream metadata

01-01 08:13:58.798   462   462 I EvsHal  : Storing camera info 2

01-01 08:13:58.798   462   462 E EvsHal  : Storing qcarcam camera info as stream metadata

01-01 08:13:58.798   462   462 I EvsHal  : Storing camera info 3

01-01 08:13:59.858   580   580 E ais_v4l2_proxy: boot_kpi:  boot_kpi: M - Camera Start 

01-01 08:00:11.393   580   580 I boot_kpi: M - Camera Start

01-01 08:14:15.012   784   784 D nativeloader: InitDefaultPublicLibraries for_preload=1: libandroid.so:libaaudio.so:libamidi.so:libbinder_ndk.so:libc.so:libcamera2ndk.so:libdl.so:libEGL.so:libGLESv1_CM.so:libGLESv2.so:libGLESv3.so:libicu.so:libicui18n.so:libicuuc.so:libjnigraphics.so:liblog.so:libmediandk.so:libm.so:libnativehelper.so:libnativewindow.so:libOpenMAXAL.so:libOpenSLES.so:libRS.so:libstdc++.so:libsync.so:libvulkan.so:libwebviewchromium_plat_support.so:libz.so

01-01 08:14:17.121   911   911 I HidlServiceManagement: Registered vendor.qti.automotive.qcarcam@1.1::IQcarCamera/default

01-01 08:14:17.136   784   784 D nativeloader: InitDefaultPublicLibraries for_preload=0: libandroid.so:libaaudio.so:libamidi.so:libbinder_ndk.so:libc.so:libcamera2ndk.so:libclang_rt.hwasan-aarch64-android.so:libdl.so:libEGL.so:libGLESv1_CM.so:libGLESv2.so:libGLESv3.so:libjnigraphics.so:liblog.so:libmediandk.so:libm.so:libnativewindow.so:libOpenMAXAL.so:libOpenSLES.so:libRS.so:libstdc++.so:libsync.so:libvulkan.so:libwebviewchromium_plat_support.so:libz.so

01-01 08:14:17.291   879   879 I android.hardware.camera.provider@2.4-service: CameraProvider@2.4 legacy service is starting.

01-01 08:14:17.298   361   361 I hwservicemanager: getTransport: Cannot find entry android.hardware.camera.provider@2.4::ICameraProvider/legacy/0 in either framework or device VINTF manifest.

01-01 08:14:17.467   912   912 I vendor.aidl.provider-service: CameraProvider service is starting. kLazyService 0

01-01 08:14:18.230   912   912 E V4L2CameraHAL: AIS: In v4l2 camera hal wrapper init

01-01 08:14:18.230   912   912 E V4L2CameraHAL: value of property for qcc: 

01-01 08:14:18.397   912   912 E android.hardware.camera.provider@V1-qti-service: boot_kpi:  boot_kpi: M - Camera Start 

01-01 08:14:18.436   912   912 D V4L2CameraHAL: V4L2CameraHAL:enumerateCameras:171: qcarcam_initialize successfully

01-01 08:14:18.438   912   912 E V4L2CameraHAL: :initialize:28: Failed to read configuration file /vendor/bin/ais_config_v4l2_camera_hal.json

01-01 08:14:18.438   912   912 E V4L2CameraHAL: :initialize:29: * Line 1, Column 1

01-01 08:14:18.438   912   912 E V4L2CameraHAL:   Syntax error: value, object or array expected.

01-01 08:14:18.438   912   912 E V4L2CameraHAL: 

01-01 08:14:18.439   912   912 E V4L2CameraHAL: V4L2CameraHAL:v4l2QcarcamQueryInputs:96: Missing or improper configuration for the V4L2 HAL application.  Exiting.

01-01 08:14:18.460   912   912 E V4L2CameraHAL: V4L2CameraHAL:v4l2QcarcamQueryInputs:126: --- QCarCam Queried Inputs:----5

01-01 08:14:18.460   912   912 D V4L2CameraHAL: V4L2CameraHAL:v4l2QcarcamQueryInputs:131: input_id = 1 NewV4L2Camera

01-01 08:14:18.460   912   912 D V4L2CameraHAL: V4L2CameraHAL:v4l2QcarcamQueryInputs:136: 1, input_id = 1, width = 1280, height = 960, colorFmt =17301762

01-01 08:14:18.646   879   879 E V4L2CameraHAL: AIS: In v4l2 camera hal wrapper init

01-01 08:14:18.646   879   879 E V4L2CameraHAL: value of property for qcc: 

01-01 08:14:18.647   879   879 E V4L2CameraHAL: Error while opening /vendor/lib64/hw/camera.v4l2.qcc4.so lib : dlopen failed: "/vendor/lib64/hw/camera.v4l2.qcc4.so" is 64-bit instead of 32-bit

01-01 08:14:18.647   879   879 E V4L2CameraHAL: Error while /vendor/lib64/hw/camera.v4l2.qcc4.so lib initialization: (null)

01-01 08:14:18.647   879   879 I CamPrvdr@2.4-legacy: Loaded "V4L2 Camera HAL v3" camera module

01-01 08:14:18.649   361   361 I hwservicemanager: getTransport: Cannot find entry android.hardware.camera.provider@2.4::ICameraProvider/legacy/0 in either framework or device VINTF manifest.

01-01 08:14:18.650   879   879 E HidlServiceManagement: Service android.hardware.camera.provider@2.4::ICameraProvider/legacy/0 must be in VINTF manifest in order to register/get.

01-01 08:14:18.650   879   879 E LegacySupport: Could not register service android.hardware.camera.provider@2.4::ICameraProvider/legacy/0 (-2147483648).

01-01 08:00:30.259     1     1 I init    : Service 'vendor.camera-provider-2-4' (pid 879) exited with status 0

01-01 08:14:19.112   912   912 D V4L2CameraHAL: V4L2MetaData:GetV4L2Metadata:102: Inserting default location value

01-01 08:14:19.112   912   912 D V4L2CameraHAL: V4L2MetaData:GetV4L2Metadata:108: Inserting default facing value

01-01 08:14:19.112   912   912 D V4L2CameraHAL: V4L2MetaData:GetV4L2Metadata:117: Inserting AVAILABLE_STREAM_USE_CASES

01-01 08:14:19.112   912   912 E V4L2CameraHAL: StreamFormat:V4L2ToHalPixelFormat:124: Unrecognized v4l2 pixel format 1498831189

01-01 08:14:19.112   912   912 E V4L2CameraHAL: FormatMetaData:GetHalFormats:45: Unrecognized/unused format. Skip it.

01-01 08:14:19.112   912   912 E V4L2CameraHAL: V4L2CameraHAL:v4l2QcarcamQueryInputs:153: CameraID 1 PortID 1 create over

01-01 08:14:19.112   912   912 D V4L2CameraHAL: V4L2CameraHAL:v4l2QcarcamQueryInputs:131: input_id = 258 NewV4L2Camera

01-01 08:14:19.112   912   912 D V4L2CameraHAL: V4L2CameraHAL:v4l2QcarcamQueryInputs:136: 4, input_id = 258, width = 1920, height = 1080, colorFmt =17301762

01-01 08:14:19.112   912   912 E V4L2CameraHAL: V4L2CameraHAL:v4l2QcarcamQueryInputs:144: desc:258, but workaround

01-01 08:14:19.113   912  1083 E V4L2CameraHAL: V4L2Wrapper:DequeueRequest:2569: Stream is not started

01-01 08:14:19.129   912   912 D V4L2CameraHAL: V4L2MetaData:GetV4L2Metadata:102: Inserting default location value

01-01 08:14:19.129   912   912 D V4L2CameraHAL: V4L2MetaData:GetV4L2Metadata:108: Inserting default facing value

01-01 08:14:19.129   912   912 D V4L2CameraHAL: V4L2MetaData:GetV4L2Metadata:117: Inserting AVAILABLE_STREAM_USE_CASES

01-01 08:14:19.129   912   912 E V4L2CameraHAL: StreamFormat:V4L2ToHalPixelFormat:124: Unrecognized v4l2 pixel format 1498831189

01-01 08:14:19.129   912   912 E V4L2CameraHAL: FormatMetaData:GetHalFormats:45: Unrecognized/unused format. Skip it.

01-01 08:14:19.129   912   912 E V4L2CameraHAL: V4L2CameraHAL:v4l2QcarcamQueryInputs:153: CameraID 4 PortID 258 create over

01-01 08:14:19.129   912   912 E V4L2CameraHAL: V4L2CameraHAL:v4l2QcarcamQueryInputs:159: Found 2 qualified video capture devices found

01-01 08:14:19.130   912  1086 E V4L2CameraHAL: V4L2Wrapper:DequeueRequest:2569: Stream is not started

01-01 08:14:19.272   912   912 E V4L2CameraHAL: /vendor/lib64/hw/camera.v4l2.qcc4.so loaded succuessfully

01-01 08:14:19.273   912   912 E V4L2CameraHAL: /vendor/lib64/hw/camera.v4l2.qcc4.so lib initialization succuessful

01-01 08:14:19.309   912   912 I AidlService.cameraProvider: Loaded "V4L2 Camera HAL v3" camera module

01-01 08:14:19.309   912   912 E AidlService.cameraProvider: setUpVendorTags: Vendor tag operations not fully defined. Ignoring definitions.

01-01 08:14:19.309   912   912 E AidlService.cameraProvider: initialize: Vendor tag setup failed, will not be available.

01-01 08:14:19.310   912   912 E AidlService.cameraProvider: Num of cameras identified: 2

01-01 08:14:19.311   912   912 D V4L2CameraHAL: Camera:loadStaticInfo:205: ----Init staticInfo complete

01-01 08:14:19.311   912   912 D V4L2CameraHAL: Camera:getInfo:182: facing = 2, orientation = 0

01-01 08:14:19.312   912   912 D V4L2CameraHAL: Camera:loadStaticInfo:205: ----Init staticInfo complete

01-01 08:14:19.312   912   912 D V4L2CameraHAL: Camera:getInfo:182: facing = 1, orientation = 0

01-01 08:14:19.316   912   912 I AidlService.cameraProvider: Loaded "V4L2 Camera HAL v3" camera module

01-01 08:14:19.316   912   912 E AidlService.cameraProvider: setUpVendorTags: Vendor tag operations not fully defined. Ignoring definitions.

01-01 08:14:19.316   912   912 E AidlService.cameraProvider: initialize: Vendor tag setup failed, will not be available.

01-01 08:14:19.316   912   912 E AidlService.cameraProvider: Num of cameras identified: 2

01-01 08:14:19.316   912   912 D V4L2CameraHAL: Camera:getInfo:182: facing = 2, orientation = 0

01-01 08:14:19.316   912   912 D V4L2CameraHAL: Camera:getInfo:182: facing = 1, orientation = 0

01-01 08:14:19.317   912   912 I vendor.aidl.provider-service: Added camera provider service

01-01 08:14:21.832  1346  1346 I android.hardware.camera.provider@2.4-service: CameraProvider@2.4 legacy service is starting.

01-01 08:14:21.843   361   361 I hwservicemanager: getTransport: Cannot find entry android.hardware.camera.provider@2.4::ICameraProvider/legacy/0 in either framework or device VINTF manifest.

01-01 08:14:21.937  1154  1154 I cameraserver: ServiceManager: 0xb40000721a30a860

01-01 08:14:21.950  1154  1154 I CameraService: CameraService started (pid=1154)

01-01 08:14:21.950  1154  1154 I CameraService: CameraService process starting

01-01 08:14:21.993  1154  1154 I cameraserver: Connecting to new camera provider: vendor_qti/0, isRemote? 1

01-01 08:14:21.994  1154  1154 W BpBinder: Linking to death on android.hardware.camera.provider.ICameraProvider but there are no threads (yet?) listening to incoming transactions. See ProcessState::startThreadPool and ProcessState::setThreadPoolMaxThreadCount. Generally you should setup the binder threadpool before other initialization steps.

01-01 08:14:21.994   912   912 I AidlService.cameraProvider: notifyDeviceStateChange: New device state: 0x0

01-01 08:14:21.994   912   912 I AidlService.cameraProvider: getCameraIdList: size:2, deviceName:device@1.1/vendor_qti/0

01-01 08:14:21.994   912   912 I AidlService.cameraProvider: getCameraIdList: size:2, deviceName:device@1.1/vendor_qti/1

01-01 08:14:21.994   912   912 I AidlService.cameraProvider: getConcurrentCameraIds Calling getConcurrentStreamingCameraIds

01-01 08:14:21.994   912   912 D V4L2CameraHAL: Camera:getInfo:182: facing = 2, orientation = 0

01-01 08:14:21.994   912   912 D V4L2CameraHAL: Camera:getInfo:182: facing = 1, orientation = 0

01-01 08:14:21.994   912   912 I AidlService.cameraProvider: getConcurrentCameraIds called, number of concurrent combinations supported is 1

01-01 08:14:21.995  1154  1154 I CameraProviderManager: Enumerating new camera device: device@1.1/vendor_qti/0

01-01 08:14:21.995   912   912 I AidlService.cameraProvider: Constructing v1.1+ AIDL camera device

01-01 08:14:21.995   912   912 I AidlService.cameraDevice: CameraDevice: cameraId: 0

01-01 08:14:21.995   912   912 I AidlService.cameraDevice: CameraDevice: cameraId: 0, this :0xb40000774ae5c850

01-01 08:14:22.000  1154  1154 I CameraProviderManager: Enumerating new camera device: device@1.1/vendor_qti/1

01-01 08:14:22.000   912   912 I AidlService.cameraProvider: Constructing v1.1+ AIDL camera device

01-01 08:14:22.001   912   912 I AidlService.cameraDevice: CameraDevice: cameraId: 1

01-01 08:14:22.001   912   912 I AidlService.cameraDevice: CameraDevice: cameraId: 1, this :0xb40000774ae5a7f0

01-01 08:14:22.002  1154  1154 I CameraProviderManager: Camera provider vendor_qti/0 ready with 2 camera devices

01-01 08:14:22.003  1154  1154 I CameraService: onDeviceStatusChanged: Status changed for cameraId=1, newStatus=1

01-01 08:14:22.003  1154  1154 I CameraService: onDeviceStatusChanged: Unknown camera ID 1, a new camera is added

01-01 08:14:22.011  1154  1154 I CameraService: onDeviceStatusChanged: Status changed for cameraId=0, newStatus=1

01-01 08:14:22.011  1154  1154 I CameraService: onDeviceStatusChanged: Unknown camera ID 0, a new camera is added

01-01 08:14:22.014   361   361 I hwservicemanager: getTransport: Cannot find entry android.frameworks.cameraservice.service@2.2::ICameraService/default in either framework or device VINTF manifest.

01-01 08:14:22.014  1154  1154 E HidlServiceManagement: Service android.frameworks.cameraservice.service@2.2::ICameraService/default must be in VINTF manifest in order to register/get.

01-01 08:14:22.014  1154  1154 W CameraService: onFirstRef: Did not register default android.frameworks.cameraservice.service@2.2

01-01 08:14:22.015  1154  1154 I CameraService: CameraService pinged cameraservice proxy

01-01 08:00:33.550   360   360 I servicemanager: Found android.frameworks.cameraservice.service.ICameraService/default in framework VINTF manifest.

01-01 08:00:33.550   360   360 I servicemanager: Found android.frameworks.cameraservice.service.ICameraService/default in framework VINTF manifest.

01-01 08:14:22.016  1154  1154 I cameraserver: ServiceManager: 0xb40000721a30a860 done instantiate

01-01 08:14:22.017  1154  1154 W CameraProviderManager: addAidlProviderLocked: Camera provider HAL with name 'android.hardware.camera.provider.ICameraProvider/vendor_qti/0' already registered

01-01 08:14:22.061  1346  1346 E V4L2CameraHAL: AIS: In v4l2 camera hal wrapper init

01-01 08:14:22.061  1346  1346 E V4L2CameraHAL: value of property for qcc: 

01-01 08:14:22.062  1346  1346 E V4L2CameraHAL: Error while opening /vendor/lib64/hw/camera.v4l2.qcc4.so lib : dlopen failed: "/vendor/lib64/hw/camera.v4l2.qcc4.so" is 64-bit instead of 32-bit

01-01 08:14:22.062  1346  1346 E V4L2CameraHAL: Error while /vendor/lib64/hw/camera.v4l2.qcc4.so lib initialization: (null)

01-01 08:14:22.062  1346  1346 I CamPrvdr@2.4-legacy: Loaded "V4L2 Camera HAL v3" camera module

01-01 08:14:22.064   361   361 I hwservicemanager: getTransport: Cannot find entry android.hardware.camera.provider@2.4::ICameraProvider/legacy/0 in either framework or device VINTF manifest.

01-01 08:14:22.064  1346  1346 E HidlServiceManagement: Service android.hardware.camera.provider@2.4::ICameraProvider/legacy/0 must be in VINTF manifest in order to register/get.

01-01 08:14:22.064  1346  1346 E LegacySupport: Could not register service android.hardware.camera.provider@2.4::ICameraProvider/legacy/0 (-2147483648).

01-01 08:14:24.556  1005  1005 I PackageManager: /system/app/CarEvsCameraPreviewApp changed; collecting certs

01-01 08:14:24.593  1005  1005 I PackageManager: /system/app/CameraExtensionsProxy changed; collecting certs

01-01 08:14:24.673  1005  1005 I PackageManager: /system/app/HideCameraApps changed; collecting certs

01-01 08:14:24.684  1005  1005 I PackageManager: /system/app/SampleRearViewCamera changed; collecting certs

01-01 08:00:38.153     1     1 I init    : starting service 'vendor.camera-provider-2-4'...

01-01 08:00:38.171     1     1 I init    : ... started service 'vendor.camera-provider-2-4' has pid 1551

01-01 08:14:26.706  1551  1551 I android.hardware.camera.provider@2.4-service: CameraProvider@2.4 legacy service is starting.

01-01 08:14:26.708   361   361 I hwservicemanager: getTransport: Cannot find entry android.hardware.camera.provider@2.4::ICameraProvider/legacy/0 in either framework or device VINTF manifest.

01-01 08:14:26.816  1551  1551 E V4L2CameraHAL: AIS: In v4l2 camera hal wrapper init

01-01 08:14:26.816  1551  1551 E V4L2CameraHAL: value of property for qcc: 

01-01 08:14:26.817  1551  1551 E V4L2CameraHAL: Error while opening /vendor/lib64/hw/camera.v4l2.qcc4.so lib : dlopen failed: "/vendor/lib64/hw/camera.v4l2.qcc4.so" is 64-bit instead of 32-bit

01-01 08:14:26.817  1551  1551 E V4L2CameraHAL: Error while /vendor/lib64/hw/camera.v4l2.qcc4.so lib initialization: (null)

01-01 08:14:26.817  1551  1551 I CamPrvdr@2.4-legacy: Loaded "V4L2 Camera HAL v3" camera module

01-01 08:14:26.818   361   361 I hwservicemanager: getTransport: Cannot find entry android.hardware.camera.provider@2.4::ICameraProvider/legacy/0 in either framework or device VINTF manifest.

01-01 08:14:26.818  1551  1551 E HidlServiceManagement: Service android.hardware.camera.provider@2.4::ICameraProvider/legacy/0 must be in VINTF manifest in order to register/get.

01-01 08:14:26.818  1551  1551 E LegacySupport: Could not register service android.hardware.camera.provider@2.4::ICameraProvider/legacy/0 (-2147483648).

01-01 08:00:38.427     1     1 I init    : Service 'vendor.camera-provider-2-4' (pid 1551) exited with status 0

01-01 08:00:38.427     1     1 I init    : Sending signal 9 to service 'vendor.camera-provider-2-4' (pid 1551) process group...

01-01 08:14:27.583  1005  1005 W UserSystemPackageInstaller: com.android.camera2 is allowlisted but not present.

01-01 08:14:27.589  1005  1005 I UserSystemPackageInstallerCommitDebug: Uninstalled com.android.car.hidecameraapps for user 0

12-30 18:44:06.032  1005  1005 D SystemServerTiming: StartCameraServiceProxy

12-30 18:44:06.032  1005  1005 I SystemServiceManager: Starting com.android.server.camera.CameraServiceProxy

12-30 18:44:06.035  1005  1005 V SystemServerTiming: StartCameraServiceProxy took to complete: 4ms

12-30 18:44:06.047  1005  1005 D SystemServerTiming: OnBootPhase_200_com.android.server.camera.CameraServiceProxy

12-30 18:44:06.047  1005  1005 V SystemServerTiming: OnBootPhase_200_com.android.server.camera.CameraServiceProxy took to complete: 0ms

12-30 18:44:06.983  1005  1005 I ConditionProviders:  Allowing condition provider com.android.camera2 (userSet: true)

12-30 18:44:07.330  1005  1005 I CameraManagerGlobal: Connecting to camera service

12-30 18:44:07.592  1005  1005 D SystemServerTiming: OnBootPhase_480_com.android.server.camera.CameraServiceProxy

12-30 18:44:07.592  1005  1005 V SystemServerTiming: OnBootPhase_480_com.android.server.camera.CameraServiceProxy took to complete: 0ms

12-30 18:44:07.692  1005  1005 D SystemServerTiming: OnBootPhase_500_com.android.server.camera.CameraServiceProxy

12-30 18:44:07.692  1005  1005 V SystemServerTiming: OnBootPhase_500_com.android.server.camera.CameraServiceProxy took to complete: 0ms

12-30 18:44:07.834  1005  1005 W DefaultPermGrantPolicy: Permission not found: android.car.permission.CAR_CAMERA

12-30 18:44:07.936  1005  1005 D SystemServerTiming: OnBootPhase_520_com.android.server.camera.CameraServiceProxy

12-30 18:44:07.936  1005  1005 V SystemServerTiming: OnBootPhase_520_com.android.server.camera.CameraServiceProxy took to complete: 0ms

12-30 18:44:07.990  1005  1656 D SystemServerTimingAsync: InitThreadPoolExec:Update app-ops uidState in case package com.android.cameraextensions changed

12-30 18:44:07.990  1005  1656 D SystemServerInitThreadPool: Started executing Update app-ops uidState in case package com.android.cameraextensions changed

12-30 18:44:07.990  1005  1656 D SystemServerInitThreadPool: Finished executing Update app-ops uidState in case package com.android.cameraextensions changed

12-30 18:44:07.990  1005  1656 V SystemServerTimingAsync: InitThreadPoolExec:Update app-ops uidState in case package com.android.cameraextensions changed took to complete: 0ms

12-30 18:44:08.047  1005  1005 D SystemServerTiming: OnBootPhase_550_com.android.server.camera.CameraServiceProxy

12-30 18:44:08.047  1005  1005 V SystemServerTiming: OnBootPhase_550_com.android.server.camera.CameraServiceProxy took to complete: 0ms

01-01 08:00:43.167     1     1 I init    : starting service 'vendor.camera-provider-2-4'...

01-01 08:00:43.181     1     1 I init    : ... started service 'vendor.camera-provider-2-4' has pid 1857

12-30 18:44:09.233  1857  1857 I android.hardware.camera.provider@2.4-service: CameraProvider@2.4 legacy service is starting.

12-30 18:44:09.236   361   361 I hwservicemanager: getTransport: Cannot find entry android.hardware.camera.provider@2.4::ICameraProvider/legacy/0 in either framework or device VINTF manifest.

12-30 18:44:09.359  1857  1857 E V4L2CameraHAL: AIS: In v4l2 camera hal wrapper init

12-30 18:44:09.359  1857  1857 E V4L2CameraHAL: value of property for qcc: 

12-30 18:44:09.360  1857  1857 E V4L2CameraHAL: Error while opening /vendor/lib64/hw/camera.v4l2.qcc4.so lib : dlopen failed: "/vendor/lib64/hw/camera.v4l2.qcc4.so" is 64-bit instead of 32-bit

12-30 18:44:09.360  1857  1857 E V4L2CameraHAL: Error while /vendor/lib64/hw/camera.v4l2.qcc4.so lib initialization: (null)

12-30 18:44:09.360  1857  1857 I CamPrvdr@2.4-legacy: Loaded "V4L2 Camera HAL v3" camera module

12-30 18:44:09.361   361   361 I hwservicemanager: getTransport: Cannot find entry android.hardware.camera.provider@2.4::ICameraProvider/legacy/0 in either framework or device VINTF manifest.

12-30 18:44:09.361  1857  1857 E HidlServiceManagement: Service android.hardware.camera.provider@2.4::ICameraProvider/legacy/0 must be in VINTF manifest in order to register/get.

12-30 18:44:09.361  1857  1857 E LegacySupport: Could not register service android.hardware.camera.provider@2.4::ICameraProvider/legacy/0 (-2147483648).

01-01 08:00:43.431     1     1 I init    : Service 'vendor.camera-provider-2-4' (pid 1857) exited with status 0

01-01 08:00:43.431     1     1 I init    : Sending signal 9 to service 'vendor.camera-provider-2-4' (pid 1857) process group...

12-30 18:44:10.272  1005  1005 D SystemServerTiming: OnBootPhase_600_com.android.server.camera.CameraServiceProxy

12-30 18:44:10.272  1005  1005 V SystemServerTiming: OnBootPhase_600_com.android.server.camera.CameraServiceProxy took to complete: 0ms

12-30 18:44:11.394  1005  1407 D SystemServerTimingAsync: ssm.onStartUser-0_com.android.server.camera.CameraServiceProxy

12-30 18:44:11.396  1005  1407 V SystemServerTimingAsync: ssm.onStartUser-0_com.android.server.camera.CameraServiceProxy took to complete: 1ms

12-30 18:44:11.401  1005  1407 V StorageManagerService: Package com.android.car.hidecameraapps does not have legacy storage

12-30 18:44:11.402  1005  1407 V StorageManagerService: Package com.android.cameraextensions does not have legacy storage

12-30 18:44:11.519  1922  1922 I CarServiceJNI: 4 camera devices are listed.

12-30 18:44:13.100  1005  1593 W DefaultPermGrantPolicy: Permission not found: android.car.permission.CAR_CAMERA

12-30 18:44:13.706  1005  2117 D SystemServerTimingAsync: ssm.onStartUser-10_com.android.server.camera.CameraServiceProxy

12-30 18:44:13.706  1005  2117 V SystemServerTimingAsync: ssm.onStartUser-10_com.android.server.camera.CameraServiceProxy took to complete: 0ms

12-30 18:44:13.732  1005  2116 V StorageManagerService: Package com.android.car.hidecameraapps does not have legacy storage

12-30 18:44:13.737  1005  2116 V StorageManagerService: Package com.android.cameraextensions does not have legacy storage

01-01 08:00:48.177     1     1 I init    : starting service 'vendor.camera-provider-2-4'...

01-01 08:00:48.193     1     1 I init    : ... started service 'vendor.camera-provider-2-4' has pid 2259

12-30 18:44:14.263  2259  2259 I android.hardware.camera.provider@2.4-service: CameraProvider@2.4 legacy service is starting.

12-30 18:44:14.269   361   361 I hwservicemanager: getTransport: Cannot find entry android.hardware.camera.provider@2.4::ICameraProvider/legacy/0 in either framework or device VINTF manifest.

12-30 18:44:14.368  2259  2259 E V4L2CameraHAL: AIS: In v4l2 camera hal wrapper init

12-30 18:44:14.368  2259  2259 E V4L2CameraHAL: value of property for qcc: 

12-30 18:44:14.368  2259  2259 E V4L2CameraHAL: Error while opening /vendor/lib64/hw/camera.v4l2.qcc4.so lib : dlopen failed: "/vendor/lib64/hw/camera.v4l2.qcc4.so" is 64-bit instead of 32-bit

12-30 18:44:14.369  2259  2259 E V4L2CameraHAL: Error while /vendor/lib64/hw/camera.v4l2.qcc4.so lib initialization: (null)

12-30 18:44:14.369  2259  2259 I CamPrvdr@2.4-legacy: Loaded "V4L2 Camera HAL v3" camera module

12-30 18:44:14.370   361   361 I hwservicemanager: getTransport: Cannot find entry android.hardware.camera.provider@2.4::ICameraProvider/legacy/0 in either framework or device VINTF manifest.

12-30 18:44:14.371  2259  2259 E HidlServiceManagement: Service android.hardware.camera.provider@2.4::ICameraProvider/legacy/0 must be in VINTF manifest in order to register/get.

12-30 18:44:14.371  2259  2259 E LegacySupport: Could not register service android.hardware.camera.provider@2.4::ICameraProvider/legacy/0 (-2147483648).

01-01 08:00:48.468     1     1 I init    : Service 'vendor.camera-provider-2-4' (pid 2259) exited with status 0

01-01 08:00:48.468     1     1 I init    : Sending signal 9 to service 'vendor.camera-provider-2-4' (pid 2259) process group...

01-01 08:00:48.469     1     1 E init    : process with updatable components 'vendor.camera-provider-2-4' exited 4 times before boot completed

01-01 08:00:48.474   640   640 E apexd   : Native process 'vendor.camera-provider-2-4' is crashing. Attempting a revert

12-30 18:44:16.360  2174  2174 D PrivacyChip: Camera enabled: true

12-30 18:44:16.778  1005  1407 D SystemServerTimingAsync: ssm.onSwitchUser-10_com.android.server.camera.CameraServiceProxy

12-30 18:44:16.778  1005  1407 V SystemServerTimingAsync: ssm.onSwitchUser-10_com.android.server.camera.CameraServiceProxy took to complete: 0ms

12-30 18:44:16.876  1005  2517 D SystemServerTimingAsync: ssm.onCompletedEventUser-0_{|Starting|}_com.android.server.camera.CameraServiceProxy

12-30 18:44:16.876  1005  2517 V SystemServerTimingAsync: ssm.onCompletedEventUser-0_{|Starting|}_com.android.server.camera.CameraServiceProxy took to complete: 0ms

12-30 18:44:17.029  2174  2174 D QSTileHost: Recreating tiles: [internet, bt, flashlight, dnd, alarm, airplane, controls, wallet, rotation, battery, cast, screenrecord, mictoggle, cameratoggle, custom(com.android.permissioncontroller/.permission.service.SafetyCenterQsTileService), dbg:mem]

12-30 18:44:17.074  2174  2174 D QSTileHost: Creating tile: cameratoggle

12-30 18:44:17.102  2174  2174 D QSTileHost: Saving tiles: [internet, bt, alarm, airplane, cast, screenrecord, mictoggle, cameratoggle, custom(com.android.permissioncontroller/.permission.service.SafetyCenterQsTileService), dbg:mem] for user: 10

12-30 18:44:17.591  1005  1399 D ActivityManagerTiming: OnBootPhase_1000_com.android.server.camera.CameraServiceProxy

12-30 18:44:17.597  1005  1399 V ActivityManagerTiming: OnBootPhase_1000_com.android.server.camera.CameraServiceProxy took to complete: 7ms

12-30 18:44:17.956  2174  2174 D QSTileHost: Saving tiles: [internet, bt, alarm, airplane, cast, screenrecord, mictoggle, cameratoggle, dbg:mem] for user: 10

12-30 18:44:17.961  2174  2174 D QSTileHost: Loaded tile specs from setting: internet,bt,alarm,airplane,cast,screenrecord,mictoggle,cameratoggle,dbg:mem

12-30 18:44:17.961  2174  2174 D QSTileHost: Saving tiles: [internet, bt, alarm, airplane, cast, screenrecord, mictoggle, cameratoggle, dbg:mem, custom(com.android.permissioncontroller/.permission.service.v33.SafetyCenterQsTileService)] for user: 10

12-30 18:44:17.964  2174  2174 D QSTileHost: Loaded tile specs from setting: internet,bt,alarm,airplane,cast,screenrecord,mictoggle,cameratoggle,dbg:mem,custom(com.android.permissioncontroller/.permission.service.v33.SafetyCenterQsTileService)

12-30 18:44:17.964  2174  2174 D QSTileHost: Saving tiles: [internet, bt, alarm, airplane, cast, screenrecord, mictoggle, cameratoggle, dbg:mem] for user: 10

12-30 18:44:18.694  1005  1005 I ConditionProviders:  Allowing condition provider com.android.camera2 (userSet: true)

01-01 08:00:53.757     1     1 I init    : starting service 'vendor.camera-provider-2-4'...

01-01 08:00:53.859     1     1 I init    : ... started service 'vendor.camera-provider-2-4' has pid 2864

12-30 18:44:20.002  1005  1407 D SystemServerTimingAsync: ssm.onUnlockingUser-0_com.android.server.camera.CameraServiceProxy

12-30 18:44:20.002  1005  1407 V SystemServerTimingAsync: ssm.onUnlockingUser-0_com.android.server.camera.CameraServiceProxy took to complete: 0ms

12-30 18:44:20.078  2864  2864 I android.hardware.camera.provider@2.4-service: CameraProvider@2.4 legacy service is starting.

12-30 18:44:20.081   361   361 I hwservicemanager: getTransport: Cannot find entry android.hardware.camera.provider@2.4::ICameraProvider/legacy/0 in either framework or device VINTF manifest.

12-30 18:44:20.088  2174  2174 D QSTileHost: Loaded tile specs from setting: internet,bt,alarm,airplane,cast,screenrecord,mictoggle,cameratoggle,dbg:mem

12-30 18:44:20.088  2174  2174 D QSTileHost: Recreating tiles: [internet, bt, alarm, airplane, cast, screenrecord, mictoggle, cameratoggle, dbg:mem]

12-30 18:44:20.090  2174  2174 D QSTileHost: Adding com.android.systemui.qs.tiles.CameraToggleTile@f19892

12-30 18:44:20.200  2174  2174 D QSTileHost: Loaded tile specs from setting: internet,bt,alarm,airplane,cast,screenrecord,mictoggle,cameratoggle,dbg:mem

12-30 18:44:20.216  2174  2174 D QSTileHost: Loaded tile specs from setting: internet,bt,alarm,airplane,cast,screenrecord,mictoggle,cameratoggle,dbg:mem

12-30 18:44:20.216  2174  2174 D QSTileHost: Loaded tile specs from setting: internet,bt,alarm,airplane,cast,screenrecord,mictoggle,cameratoggle,dbg:mem

12-30 18:44:20.239  2864  2864 E V4L2CameraHAL: AIS: In v4l2 camera hal wrapper init

12-30 18:44:20.239  2864  2864 E V4L2CameraHAL: value of property for qcc: 

12-30 18:44:20.240  2864  2864 E V4L2CameraHAL: Error while opening /vendor/lib64/hw/camera.v4l2.qcc4.so lib : dlopen failed: "/vendor/lib64/hw/camera.v4l2.qcc4.so" is 64-bit instead of 32-bit

12-30 18:44:20.240  2864  2864 E V4L2CameraHAL: Error while /vendor/lib64/hw/camera.v4l2.qcc4.so lib initialization: (null)

12-30 18:44:20.240  2864  2864 I CamPrvdr@2.4-legacy: Loaded "V4L2 Camera HAL v3" camera module

12-30 18:44:20.243   361   361 I hwservicemanager: getTransport: Cannot find entry android.hardware.camera.provider@2.4::ICameraProvider/legacy/0 in either framework or device VINTF manifest.

12-30 18:44:20.243  2864  2864 E HidlServiceManagement: Service android.hardware.camera.provider@2.4::ICameraProvider/legacy/0 must be in VINTF manifest in order to register/get.

12-30 18:44:20.243  2864  2864 E LegacySupport: Could not register service android.hardware.camera.provider@2.4::ICameraProvider/legacy/0 (-2147483648).

12-30 18:44:20.276  2174  2174 D QSTileHost: Loaded tile specs from setting: internet,bt,alarm,airplane,cast,screenrecord,mictoggle,cameratoggle,dbg:mem

12-30 18:44:21.893  1005  3076 D SystemServerTimingAsync: ssm.onCompletedEventUser-10_{|Switching|Starting|}_com.android.server.camera.CameraServiceProxy

12-30 18:44:21.893  1005  3076 V SystemServerTimingAsync: ssm.onCompletedEventUser-10_{|Switching|Starting|}_com.android.server.camera.CameraServiceProxy took to complete: 0ms

01-01 08:00:59.012     1     1 I init    : Service 'vendor.camera-provider-2-4' (pid 2864) exited with status 0

01-01 08:00:59.012     1     1 I init    : Sending signal 9 to service 'vendor.camera-provider-2-4' (pid 2864) process group...

01-01 08:00:59.014     1     1 E init    : process with updatable components 'vendor.camera-provider-2-4' exited 4 times in 4 minutes

12-30 18:44:25.036  1192  1192 I ExtendedUtils: printFileName fd(9) -> /product/media/audio/ui/camera_click.ogg

01-01 08:00:59.076     1     1 I init    : starting service 'vendor.camera-provider-2-4'...

12-30 18:44:25.189  3331  3331 I android.hardware.camera.provider@2.4-service: CameraProvider@2.4 legacy service is starting.

12-30 18:44:25.195   361   361 I hwservicemanager: getTransport: Cannot find entry android.hardware.camera.provider@2.4::ICameraProvider/legacy/0 in either framework or device VINTF manifest.

12-30 18:44:25.344  3331  3331 E V4L2CameraHAL: AIS: In v4l2 camera hal wrapper init

12-30 18:44:25.344  3331  3331 E V4L2CameraHAL: value of property for qcc: 

12-30 18:44:25.345  3331  3331 E V4L2CameraHAL: Error while opening /vendor/lib64/hw/camera.v4l2.qcc4.so lib : dlopen failed: "/vendor/lib64/hw/camera.v4l2.qcc4.so" is 64-bit instead of 32-bit

12-30 18:44:25.345  3331  3331 E V4L2CameraHAL: Error while /vendor/lib64/hw/camera.v4l2.qcc4.so lib initialization: (null)

12-30 18:44:25.345  3331  3331 I CamPrvdr@2.4-legacy: Loaded "V4L2 Camera HAL v3" camera module

12-30 18:44:25.346   361   361 I hwservicemanager: getTransport: Cannot find entry android.hardware.camera.provider@2.4::ICameraProvider/legacy/0 in either framework or device VINTF manifest.

12-30 18:44:25.346  3331  3331 E HidlServiceManagement: Service android.hardware.camera.provider@2.4::ICameraProvider/legacy/0 must be in VINTF manifest in order to register/get.

12-30 18:44:25.346  3331  3331 E LegacySupport: Could not register service android.hardware.camera.provider@2.4::ICameraProvider/legacy/0 (-2147483648).

12-30 18:44:25.460  1192  1856 I ExtendedUtils: printFileName fd(9) -> /product/media/audio/ui/camera_focus.ogg

12-30 18:44:25.616  1005  1407 D SystemServerTimingAsync: ssm.onUnlockingUser-10_com.android.server.camera.CameraServiceProxy

12-30 18:44:25.616  1005  1407 V SystemServerTimingAsync: ssm.onUnlockingUser-10_com.android.server.camera.CameraServiceProxy took to complete: 0ms

12-30 18:44:25.879  1005  1407 D SystemServerTimingAsync: ssm.onUnlockedUser-10_com.android.server.camera.CameraServiceProxy

12-30 18:44:25.879  1005  1407 V SystemServerTimingAsync: ssm.onUnlockedUser-10_com.android.server.camera.CameraServiceProxy took to complete: 0ms

12-30 18:44:28.829  1192  3334 I ExtendedUtils: printFileName fd(10) -> /product/media/audio/ui/camera_click.ogg

12-30 18:44:29.174  1192  1856 I ExtendedUtils: printFileName fd(11) -> /product/media/audio/ui/camera_focus.ogg

01-01 08:01:04.087     1     1 I init    : starting service 'vendor.camera-provider-2-4'...

01-01 08:01:04.118     1     1 I init    : ... started service 'vendor.camera-provider-2-4' has pid 3864

12-30 18:44:30.265  3864  3864 I android.hardware.camera.provider@2.4-service: CameraProvider@2.4 legacy service is starting.

12-30 18:44:30.267   361   361 I hwservicemanager: getTransport: Cannot find entry android.hardware.camera.provider@2.4::ICameraProvider/legacy/0 in either framework or device VINTF manifest.

12-30 18:44:30.373  3864  3864 E V4L2CameraHAL: AIS: In v4l2 camera hal wrapper init

12-30 18:44:30.373  3864  3864 E V4L2CameraHAL: value of property for qcc: 

12-30 18:44:30.374  3864  3864 E V4L2CameraHAL: Error while opening /vendor/lib64/hw/camera.v4l2.qcc4.so lib : dlopen failed: "/vendor/lib64/hw/camera.v4l2.qcc4.so" is 64-bit instead of 32-bit

12-30 18:44:30.374  3864  3864 E V4L2CameraHAL: Error while /vendor/lib64/hw/camera.v4l2.qcc4.so lib initialization: (null)

12-30 18:44:30.374  3864  3864 I CamPrvdr@2.4-legacy: Loaded "V4L2 Camera HAL v3" camera module

12-30 18:44:30.375   361   361 I hwservicemanager: getTransport: Cannot find entry android.hardware.camera.provider@2.4::ICameraProvider/legacy/0 in either framework or device VINTF manifest.

12-30 18:44:30.376  3864  3864 E HidlServiceManagement: Service android.hardware.camera.provider@2.4::ICameraProvider/legacy/0 must be in VINTF manifest in order to register/get.

12-30 18:44:30.376  3864  3864 E LegacySupport: Could not register service android.hardware.camera.provider@2.4::ICameraProvider/legacy/0 (-2147483648).

01-01 08:01:04.465     1     1 I init    : Service 'vendor.camera-provider-2-4' (pid 3864) exited with status 0

01-01 08:01:04.465     1     1 I init    : Sending signal 9 to service 'vendor.camera-provider-2-4' (pid 3864) process group...

01-01 08:01:04.466     1     1 E init    : process with updatable components 'vendor.camera-provider-2-4' exited 4 times in 4 minutes

12-30 18:44:30.938  1005  3917 D SystemServerTimingAsync: ssm.onCompletedEventUser-10_{|Unlocked|}_com.android.server.camera.CameraServiceProxy

12-30 18:44:30.945  1005  3917 V SystemServerTimingAsync: ssm.onCompletedEventUser-10_{|Unlocked|}_com.android.server.camera.CameraServiceProxy took to complete: 0ms

12-30 18:44:31.287  1005  1407 D SystemServerTimingAsync: ssm.onUnlockedUser-0_com.android.server.camera.CameraServiceProxy

12-30 18:44:31.287  1005  1407 V SystemServerTimingAsync: ssm.onUnlockedUser-0_com.android.server.camera.CameraServiceProxy took to complete: 0ms

12-30 18:44:32.160  1005  1408 I ActivityManager: Start proc 4061:com.android.gallery3d/u10a92 for broadcast {com.android.gallery3d/com.android.camera.DisableCameraReceiver}

12-30 18:44:32.321  1005  4092 D SystemServerTimingAsync: ssm.onCompletedEventUser-0_{|Unlocked|}_com.android.server.camera.CameraServiceProxy

12-30 18:44:32.321  1005  4092 V SystemServerTimingAsync: ssm.onCompletedEventUser-0_{|Unlocked|}_com.android.server.camera.CameraServiceProxy took to complete: 0ms

12-30 18:44:32.421  4061  4061 I G:DisableCameraReceiver: no back camera

12-30 18:44:32.421  4061  4061 I G:DisableCameraReceiver: disable all camera activities

01-01 08:01:09.115     1     1 I init    : starting service 'vendor.camera-provider-2-4'...

01-01 08:01:09.131     1     1 I init    : ... started service 'vendor.camera-provider-2-4' has pid 4346

12-30 18:44:35.191  4346  4346 I android.hardware.camera.provider@2.4-service: CameraProvider@2.4 legacy service is starting.

12-30 18:44:35.194   361   361 I hwservicemanager: getTransport: Cannot find entry android.hardware.camera.provider@2.4::ICameraProvider/legacy/0 in either framework or device VINTF manifest.

12-30 18:44:35.310  4346  4346 E V4L2CameraHAL: AIS: In v4l2 camera hal wrapper init

12-30 18:44:35.311  4346  4346 E V4L2CameraHAL: value of property for qcc: 

12-30 18:44:35.313  4346  4346 E V4L2CameraHAL: Error while opening /vendor/lib64/hw/camera.v4l2.qcc4.so lib : dlopen failed: "/vendor/lib64/hw/camera.v4l2.qcc4.so" is 64-bit instead of 32-bit

12-30 18:44:35.313  4346  4346 E V4L2CameraHAL: Error while /vendor/lib64/hw/camera.v4l2.qcc4.so lib initialization: (null)

12-30 18:44:35.313  4346  4346 I CamPrvdr@2.4-legacy: Loaded "V4L2 Camera HAL v3" camera module

12-30 18:44:35.318   361   361 I hwservicemanager: getTransport: Cannot find entry android.hardware.camera.provider@2.4::ICameraProvider/legacy/0 in either framework or device VINTF manifest.

12-30 18:44:35.318  4346  4346 E HidlServiceManagement: Service android.hardware.camera.provider@2.4::ICameraProvider/legacy/0 must be in VINTF manifest in order to register/get.

12-30 18:44:35.318  4346  4346 E LegacySupport: Could not register service android.hardware.camera.provider@2.4::ICameraProvider/legacy/0 (-2147483648).

01-01 08:01:14.129     1     1 I init    : starting service 'vendor.camera-provider-2-4'...

01-01 08:01:14.176     1     1 I init    : ... started service 'vendor.camera-provider-2-4' has pid 4589

12-30 18:44:40.226  4589  4589 I android.hardware.camera.provider@2.4-service: CameraProvider@2.4 legacy service is starting.

12-30 18:44:40.229   361   361 I hwservicemanager: getTransport: Cannot find entry android.hardware.camera.provider@2.4::ICameraProvider/legacy/0 in either framework or device VINTF manifest.

12-30 18:44:40.348  4589  4589 E V4L2CameraHAL: AIS: In v4l2 camera hal wrapper init

12-30 18:44:40.348  4589  4589 E V4L2CameraHAL: value of property for qcc: 

12-30 18:44:40.352  4589  4589 E V4L2CameraHAL: Error while opening /vendor/lib64/hw/camera.v4l2.qcc4.so lib : dlopen failed: "/vendor/lib64/hw/camera.v4l2.qcc4.so" is 64-bit instead of 32-bit

12-30 18:44:40.352  4589  4589 E V4L2CameraHAL: Error while /vendor/lib64/hw/camera.v4l2.qcc4.so lib initialization: (null)

12-30 18:44:40.352  4589  4589 I CamPrvdr@2.4-legacy: Loaded "V4L2 Camera HAL v3" camera module

12-30 18:44:40.353   361   361 I hwservicemanager: getTransport: Cannot find entry android.hardware.camera.provider@2.4::ICameraProvider/legacy/0 in either framework or device VINTF manifest.

12-30 18:44:40.353  4589  4589 E HidlServiceManagement: Service android.hardware.camera.provider@2.4::ICameraProvider/legacy/0 must be in VINTF manifest in order to register/get.

12-30 18:44:40.353  4589  4589 E LegacySupport: Could not register service android.hardware.camera.provider@2.4::ICameraProvider/legacy/0 (-2147483648).

01-01 08:01:14.424     1     1 I init    : Service 'vendor.camera-provider-2-4' (pid 4589) exited with status 0

01-01 08:01:14.424     1     1 I init    : Sending signal 9 to service 'vendor.camera-provider-2-4' (pid 4589) process group...

01-01 08:01:14.425     1     1 E init    : process with updatable components 'vendor.camera-provider-2-4' exited 4 times in 4 minutes

01-01 08:01:19.169     1     1 I init    : starting service 'vendor.camera-provider-2-4'...

01-01 08:01:19.188     1     1 I init    : ... started service 'vendor.camera-provider-2-4' has pid 4686

12-30 18:44:45.247  4686  4686 I android.hardware.camera.provider@2.4-service: CameraProvider@2.4 legacy service is starting.

12-30 18:44:45.252   361   361 I hwservicemanager: getTransport: Cannot find entry android.hardware.camera.provider@2.4::ICameraProvider/legacy/0 in either framework or device VINTF manifest.

12-30 18:44:45.356  4686  4686 E V4L2CameraHAL: AIS: In v4l2 camera hal wrapper init

12-30 18:44:45.356  4686  4686 E V4L2CameraHAL: value of property for qcc: 

12-30 18:44:45.356  4686  4686 E V4L2CameraHAL: Error while opening /vendor/lib64/hw/camera.v4l2.qcc4.so lib : dlopen failed: "/vendor/lib64/hw/camera.v4l2.qcc4.so" is 64-bit instead of 32-bit

12-30 18:44:45.356  4686  4686 E V4L2CameraHAL: Error while /vendor/lib64/hw/camera.v4l2.qcc4.so lib initialization: (null)

12-30 18:44:45.356  4686  4686 I CamPrvdr@2.4-legacy: Loaded "V4L2 Camera HAL v3" camera module

12-30 18:44:45.357   361   361 I hwservicemanager: getTransport: Cannot find entry android.hardware.camera.provider@2.4::ICameraProvider/legacy/0 in either framework or device VINTF manifest.

12-30 18:44:45.357  4686  4686 E HidlServiceManagement: Service android.hardware.camera.provider@2.4::ICameraProvider/legacy/0 must be in VINTF manifest in order to register/get.

12-30 18:44:45.358  4686  4686 E LegacySupport: Could not register service android.hardware.camera.provider@2.4::ICameraProvider/legacy/0 (-2147483648).

01-01 08:01:19.419     1     1 I init    : Service 'vendor.camera-provider-2-4' (pid 4686) exited with status 0

01-01 08:01:19.419     1     1 I init    : Sending signal 9 to service 'vendor.camera-provider-2-4' (pid 4686) process group...

01-01 08:01:19.420     1     1 E init    : process with updatable components 'vendor.camera-provider-2-4' exited 4 times in 4 minutes

01-01 08:01:24.185     1     1 I init    : starting service 'vendor.camera-provider-2-4'...

01-01 08:01:24.242     1     1 I init    : ... started service 'vendor.camera-provider-2-4' has pid 4795

12-30 18:44:50.296  4795  4795 I android.hardware.camera.provider@2.4-service: CameraProvider@2.4 legacy service is starting.

12-30 18:44:50.298   361   361 I hwservicemanager: getTransport: Cannot find entry android.hardware.camera.provider@2.4::ICameraProvider/legacy/0 in either framework or device VINTF manifest.

12-30 18:44:50.374  4795  4795 E V4L2CameraHAL: AIS: In v4l2 camera hal wrapper init

12-30 18:44:50.374  4795  4795 E V4L2CameraHAL: value of property for qcc: 

12-30 18:44:50.375  4795  4795 E V4L2CameraHAL: Error while opening /vendor/lib64/hw/camera.v4l2.qcc4.so lib : dlopen failed: "/vendor/lib64/hw/camera.v4l2.qcc4.so" is 64-bit instead of 32-bit

12-30 18:44:50.375  4795  4795 E V4L2CameraHAL: Error while /vendor/lib64/hw/camera.v4l2.qcc4.so lib initialization: (null)

12-30 18:44:50.375  4795  4795 I CamPrvdr@2.4-legacy: Loaded "V4L2 Camera HAL v3" camera module

12-30 18:44:50.376   361   361 I hwservicemanager: getTransport: Cannot find entry android.hardware.camera.provider@2.4::ICameraProvider/legacy/0 in either framework or device VINTF manifest.

12-30 18:44:50.376  4795  4795 E HidlServiceManagement: Service android.hardware.camera.provider@2.4::ICameraProvider/legacy/0 must be in VINTF manifest in order to register/get.

12-30 18:44:50.376  4795  4795 E LegacySupport: Could not register service android.hardware.camera.provider@2.4::ICameraProvider/legacy/0 (-2147483648).

01-01 08:01:24.442     1     1 I init    : Service 'vendor.camera-provider-2-4' (pid 4795) exited with status 0

01-01 08:01:24.442     1     1 I init    : Sending signal 9 to service 'vendor.camera-provider-2-4' (pid 4795) process group...

01-01 08:01:24.443     1     1 E init    : process with updatable components 'vendor.camera-provider-2-4' exited 4 times in 4 minutes

01-01 08:01:29.240     1     1 I init    : starting service 'vendor.camera-provider-2-4'...

01-01 08:01:29.298     1     1 I init    : ... started service 'vendor.camera-provider-2-4' has pid 4897

12-30 18:44:55.382  4897  4897 I android.hardware.camera.provider@2.4-service: CameraProvider@2.4 legacy service is starting.

12-30 18:44:55.389   361   361 I hwservicemanager: getTransport: Cannot find entry android.hardware.camera.provider@2.4::ICameraProvider/legacy/0 in either framework or device VINTF manifest.

12-30 18:44:55.471  4897  4897 E V4L2CameraHAL: AIS: In v4l2 camera hal wrapper init

12-30 18:44:55.472  4897  4897 E V4L2CameraHAL: value of property for qcc: 

12-30 18:44:55.472  4897  4897 E V4L2CameraHAL: Error while opening /vendor/lib64/hw/camera.v4l2.qcc4.so lib : dlopen failed: "/vendor/lib64/hw/camera.v4l2.qcc4.so" is 64-bit instead of 32-bit

12-30 18:44:55.472  4897  4897 E V4L2CameraHAL: Error while /vendor/lib64/hw/camera.v4l2.qcc4.so lib initialization: (null)

12-30 18:44:55.472  4897  4897 I CamPrvdr@2.4-legacy: Loaded "V4L2 Camera HAL v3" camera module

12-30 18:44:55.473   361   361 I hwservicemanager: getTransport: Cannot find entry android.hardware.camera.provider@2.4::ICameraProvider/legacy/0 in either framework or device VINTF manifest.

12-30 18:44:55.473  4897  4897 E HidlServiceManagement: Service android.hardware.camera.provider@2.4::ICameraProvider/legacy/0 must be in VINTF manifest in order to register/get.

12-30 18:44:55.474  4897  4897 E LegacySupport: Could not register service android.hardware.camera.provider@2.4::ICameraProvider/legacy/0 (-2147483648).

01-01 08:01:29.538     1     1 I init    : Service 'vendor.camera-provider-2-4' (pid 4897) exited with status 0

01-01 08:01:29.538     1     1 I init    : Sending signal 9 to service 'vendor.camera-provider-2-4' (pid 4897) process group...

01-01 08:01:29.539     1     1 E init    : process with updatable components 'vendor.camera-provider-2-4' exited 4 times in 4 minutes

01-01 08:01:34.305     1     1 I init    : starting service 'vendor.camera-provider-2-4'...

01-01 08:01:34.347     1     1 I init    : ... started service 'vendor.camera-provider-2-4' has pid 5013

12-30 18:45:00.400  5013  5013 I android.hardware.camera.provider@2.4-service: CameraProvider@2.4 legacy service is starting.

12-30 18:45:00.402   361   361 I hwservicemanager: getTransport: Cannot find entry android.hardware.camera.provider@2.4::ICameraProvider/legacy/0 in either framework or device VINTF manifest.

12-30 18:45:00.487  5013  5013 E V4L2CameraHAL: AIS: In v4l2 camera hal wrapper init

12-30 18:45:00.487  5013  5013 E V4L2CameraHAL: value of property for qcc: 

12-30 18:45:00.488  5013  5013 E V4L2CameraHAL: Error while opening /vendor/lib64/hw/camera.v4l2.qcc4.so lib : dlopen failed: "/vendor/lib64/hw/camera.v4l2.qcc4.so" is 64-bit instead of 32-bit

12-30 18:45:00.488  5013  5013 E V4L2CameraHAL: Error while /vendor/lib64/hw/camera.v4l2.qcc4.so lib initialization: (null)

12-30 18:45:00.488  5013  5013 I CamPrvdr@2.4-legacy: Loaded "V4L2 Camera HAL v3" camera module

12-30 18:45:00.489   361   361 I hwservicemanager: getTransport: Cannot find entry android.hardware.camera.provider@2.4::ICameraProvider/legacy/0 in either framework or device VINTF manifest.

12-30 18:45:00.489  5013  5013 E HidlServiceManagement: Service android.hardware.camera.provider@2.4::ICameraProvider/legacy/0 must be in VINTF manifest in order to register/get.

12-30 18:45:00.489  5013  5013 E LegacySupport: Could not register service android.hardware.camera.provider@2.4::ICameraProvider/legacy/0 (-2147483648).

01-01 08:01:34.561     1     1 I init    : Service 'vendor.camera-provider-2-4' (pid 5013) exited with status 0

01-01 08:01:34.561     1     1 I init    : Sending signal 9 to service 'vendor.camera-provider-2-4' (pid 5013) process group...

01-01 08:01:34.562     1     1 E init    : process with updatable components 'vendor.camera-provider-2-4' exited 4 times in 4 minutes

01-01 08:01:39.344     1     1 I init    : starting service 'vendor.camera-provider-2-4'...

01-01 08:01:39.399     1     1 I init    : ... started service 'vendor.camera-provider-2-4' has pid 5112

12-30 18:45:05.464  5112  5112 I android.hardware.camera.provider@2.4-service: CameraProvider@2.4 legacy service is starting.

12-30 18:45:05.471   361   361 I hwservicemanager: getTransport: Cannot find entry android.hardware.camera.provider@2.4::ICameraProvider/legacy/0 in either framework or device VINTF manifest.

12-30 18:45:05.556  5112  5112 E V4L2CameraHAL: AIS: In v4l2 camera hal wrapper init

12-30 18:45:05.557  5112  5112 E V4L2CameraHAL: value of property for qcc: 

12-30 18:45:05.557  5112  5112 E V4L2CameraHAL: Error while opening /vendor/lib64/hw/camera.v4l2.qcc4.so lib : dlopen failed: "/vendor/lib64/hw/camera.v4l2.qcc4.so" is 64-bit instead of 32-bit

12-30 18:45:05.557  5112  5112 E V4L2CameraHAL: Error while /vendor/lib64/hw/camera.v4l2.qcc4.so lib initialization: (null)

12-30 18:45:05.557  5112  5112 I CamPrvdr@2.4-legacy: Loaded "V4L2 Camera HAL v3" camera module

12-30 18:45:05.558   361   361 I hwservicemanager: getTransport: Cannot find entry android.hardware.camera.provider@2.4::ICameraProvider/legacy/0 in either framework or device VINTF manifest.

