12-30 18:49:02.006 10002 10002 E V4L2CameraHAL: value of property for qcc: 

12-30 18:49:02.006 10002 10002 E V4L2CameraHAL: Error while opening /vendor/lib64/hw/camera.v4l2.qcc4.so lib : dlopen failed: "/vendor/lib64/hw/camera.v4l2.qcc4.so" is 64-bit instead of 32-bit

12-30 18:49:02.006 10002 10002 E V4L2CameraHAL: Error while /vendor/lib64/hw/camera.v4l2.qcc4.so lib initialization: (null)

12-30 18:49:02.006 10002 10002 I CamPrvdr@2.4-legacy: Loaded "V4L2 Camera HAL v3" camera module

12-30 18:49:02.007   361   361 I hwservicemanager: getTransport: Cannot find entry android.hardware.camera.provider@2.4::ICameraProvider/legacy/0 in either framework or device VINTF manifest.

12-30 18:49:02.008 10002 10002 E HidlServiceManagement: Service android.hardware.camera.provider@2.4::ICameraProvider/legacy/0 must be in VINTF manifest in order to register/get.

12-30 18:49:02.008 10002 10002 E LegacySupport: Could not register service android.hardware.camera.provider@2.4::ICameraProvider/legacy/0 (-2147483648).

01-01 08:05:36.066     1     1 I init    : Service 'vendor.camera-provider-2-4' (pid 10002) exited with status 0

01-01 08:05:36.066     1     1 I init    : Sending signal 9 to service 'vendor.camera-provider-2-4' (pid 10002) process group...

01-01 08:05:36.066     1     1 E init    : process with updatable components 'vendor.camera-provider-2-4' exited 4 times in 4 minutes

01-01 08:05:40.851     1     1 I init    : starting service 'vendor.camera-provider-2-4'...

01-01 08:05:40.874     1     1 I init    : ... started service 'vendor.camera-provider-2-4' has pid 10108

12-30 18:49:06.935 10108 10108 I android.hardware.camera.provider@2.4-service: CameraProvider@2.4 legacy service is starting.

12-30 18:49:06.938   361   361 I hwservicemanager: getTransport: Cannot find entry android.hardware.camera.provider@2.4::ICameraProvider/legacy/0 in either framework or device VINTF manifest.

12-30 18:49:07.047 10108 10108 E V4L2CameraHAL: AIS: In v4l2 camera hal wrapper init

12-30 18:49:07.047 10108 10108 E V4L2CameraHAL: value of property for qcc: 

12-30 18:49:07.047 10108 10108 E V4L2CameraHAL: Error while opening /vendor/lib64/hw/camera.v4l2.qcc4.so lib : dlopen failed: "/vendor/lib64/hw/camera.v4l2.qcc4.so" is 64-bit instead of 32-bit

12-30 18:49:07.047 10108 10108 E V4L2CameraHAL: Error while /vendor/lib64/hw/camera.v4l2.qcc4.so lib initialization: (null)

12-30 18:49:07.048 10108 10108 I CamPrvdr@2.4-legacy: Loaded "V4L2 Camera HAL v3" camera module

12-30 18:49:07.049   361   361 I hwservicemanager: getTransport: Cannot find entry android.hardware.camera.provider@2.4::ICameraProvider/legacy/0 in either framework or device VINTF manifest.

12-30 18:49:07.049 10108 10108 E HidlServiceManagement: Service android.hardware.camera.provider@2.4::ICameraProvider/legacy/0 must be in VINTF manifest in order to register/get.

12-30 18:49:07.049 10108 10108 E LegacySupport: Could not register service android.hardware.camera.provider@2.4::ICameraProvider/legacy/0 (-2147483648).

01-01 08:05:41.110     1     1 I init    : Service 'vendor.camera-provider-2-4' (pid 10108) exited with status 0

01-01 08:05:41.110     1     1 I init    : Sending signal 9 to service 'vendor.camera-provider-2-4' (pid 10108) process group...

01-01 08:05:41.111     1     1 E init    : process with updatable components 'vendor.camera-provider-2-4' exited 4 times in 4 minutes

01-01 08:05:45.873     1     1 I init    : starting service 'vendor.camera-provider-2-4'...

01-01 08:05:45.902     1     1 I init    : ... started service 'vendor.camera-provider-2-4' has pid 10207

12-30 18:49:11.955 10207 10207 I android.hardware.camera.provider@2.4-service: CameraProvider@2.4 legacy service is starting.

12-30 18:49:11.967   361   361 I hwservicemanager: getTransport: Cannot find entry android.hardware.camera.provider@2.4::ICameraProvider/legacy/0 in either framework or device VINTF manifest.

12-30 18:49:12.048 10207 10207 E V4L2CameraHAL: AIS: In v4l2 camera hal wrapper init

12-30 18:49:12.048 10207 10207 E V4L2CameraHAL: value of property for qcc: 

12-30 18:49:12.049 10207 10207 E V4L2CameraHAL: Error while opening /vendor/lib64/hw/camera.v4l2.qcc4.so lib : dlopen failed: "/vendor/lib64/hw/camera.v4l2.qcc4.so" is 64-bit instead of 32-bit

12-30 18:49:12.049 10207 10207 E V4L2CameraHAL: Error while /vendor/lib64/hw/camera.v4l2.qcc4.so lib initialization: (null)

12-30 18:49:12.049 10207 10207 I CamPrvdr@2.4-legacy: Loaded "V4L2 Camera HAL v3" camera module

12-30 18:49:12.050   361   361 I hwservicemanager: getTransport: Cannot find entry android.hardware.camera.provider@2.4::ICameraProvider/legacy/0 in either framework or device VINTF manifest.

12-30 18:49:12.050 10207 10207 E HidlServiceManagement: Service android.hardware.camera.provider@2.4::ICameraProvider/legacy/0 must be in VINTF manifest in order to register/get.

12-30 18:49:12.050 10207 10207 E LegacySupport: Could not register service android.hardware.camera.provider@2.4::ICameraProvider/legacy/0 (-2147483648).

01-01 08:05:46.106     1     1 I init    : Service 'vendor.camera-provider-2-4' (pid 10207) exited with status 0

01-01 08:05:46.106     1     1 I init    : Sending signal 9 to service 'vendor.camera-provider-2-4' (pid 10207) process group...

01-01 08:05:46.106     1     1 E init    : process with updatable components 'vendor.camera-provider-2-4' exited 4 times in 4 minutes

01-01 08:05:50.900     1     1 I init    : starting service 'vendor.camera-provider-2-4'...

01-01 08:05:50.957     1     1 I init    : ... started service 'vendor.camera-provider-2-4' has pid 10316

12-30 18:49:17.013 10316 10316 I android.hardware.camera.provider@2.4-service: CameraProvider@2.4 legacy service is starting.

12-30 18:49:17.016   361   361 I hwservicemanager: getTransport: Cannot find entry android.hardware.camera.provider@2.4::ICameraProvider/legacy/0 in either framework or device VINTF manifest.

12-30 18:49:17.089 10316 10316 E V4L2CameraHAL: AIS: In v4l2 camera hal wrapper init

12-30 18:49:17.090 10316 10316 E V4L2CameraHAL: value of property for qcc: 

12-30 18:49:17.090 10316 10316 E V4L2CameraHAL: Error while opening /vendor/lib64/hw/camera.v4l2.qcc4.so lib : dlopen failed: "/vendor/lib64/hw/camera.v4l2.qcc4.so" is 64-bit instead of 32-bit

12-30 18:49:17.090 10316 10316 E V4L2CameraHAL: Error while /vendor/lib64/hw/camera.v4l2.qcc4.so lib initialization: (null)

12-30 18:49:17.090 10316 10316 I CamPrvdr@2.4-legacy: Loaded "V4L2 Camera HAL v3" camera module

12-30 18:49:17.096   361   361 I hwservicemanager: getTransport: Cannot find entry android.hardware.camera.provider@2.4::ICameraProvider/legacy/0 in either framework or device VINTF manifest.

12-30 18:49:17.097 10316 10316 E HidlServiceManagement: Service android.hardware.camera.provider@2.4::ICameraProvider/legacy/0 must be in VINTF manifest in order to register/get.

12-30 18:49:17.097 10316 10316 E LegacySupport: Could not register service android.hardware.camera.provider@2.4::ICameraProvider/legacy/0 (-2147483648).

01-01 08:05:51.158     1     1 I init    : Service 'vendor.camera-provider-2-4' (pid 10316) exited with status 0

01-01 08:05:51.158     1     1 I init    : Sending signal 9 to service 'vendor.camera-provider-2-4' (pid 10316) process group...

01-01 08:05:51.159     1     1 E init    : process with updatable components 'vendor.camera-provider-2-4' exited 4 times in 4 minutes

01-01 08:05:55.959     1     1 I init    : starting service 'vendor.camera-provider-2-4'...

01-01 08:05:56.017     1     1 I init    : ... started service 'vendor.camera-provider-2-4' has pid 10416

12-30 18:49:22.071 10416 10416 I android.hardware.camera.provider@2.4-service: CameraProvider@2.4 legacy service is starting.

12-30 18:49:22.074   361   361 I hwservicemanager: getTransport: Cannot find entry android.hardware.camera.provider@2.4::ICameraProvider/legacy/0 in either framework or device VINTF manifest.

12-30 18:49:22.161 10416 10416 E V4L2CameraHAL: AIS: In v4l2 camera hal wrapper init

12-30 18:49:22.161 10416 10416 E V4L2CameraHAL: value of property for qcc: 

12-30 18:49:22.162 10416 10416 E V4L2CameraHAL: Error while opening /vendor/lib64/hw/camera.v4l2.qcc4.so lib : dlopen failed: "/vendor/lib64/hw/camera.v4l2.qcc4.so" is 64-bit instead of 32-bit

12-30 18:49:22.162 10416 10416 E V4L2CameraHAL: Error while /vendor/lib64/hw/camera.v4l2.qcc4.so lib initialization: (null)

12-30 18:49:22.162 10416 10416 I CamPrvdr@2.4-legacy: Loaded "V4L2 Camera HAL v3" camera module

12-30 18:49:22.163   361   361 I hwservicemanager: getTransport: Cannot find entry android.hardware.camera.provider@2.4::ICameraProvider/legacy/0 in either framework or device VINTF manifest.

12-30 18:49:22.163 10416 10416 E HidlServiceManagement: Service android.hardware.camera.provider@2.4::ICameraProvider/legacy/0 must be in VINTF manifest in order to register/get.

12-30 18:49:22.163 10416 10416 E LegacySupport: Could not register service android.hardware.camera.provider@2.4::ICameraProvider/legacy/0 (-2147483648).

01-01 08:05:56.219     1     1 I init    : Service 'vendor.camera-provider-2-4' (pid 10416) exited with status 0

01-01 08:05:56.219     1     1 I init    : Sending signal 9 to service 'vendor.camera-provider-2-4' (pid 10416) process group...

01-01 08:05:56.219     1     1 E init    : process with updatable components 'vendor.camera-provider-2-4' exited 4 times in 4 minutes

01-01 08:06:01.020     1     1 I init    : starting service 'vendor.camera-provider-2-4'...

01-01 08:06:01.073     1     1 I init    : ... started service 'vendor.camera-provider-2-4' has pid 10526

12-30 18:49:27.132 10526 10526 I android.hardware.camera.provider@2.4-service: CameraProvider@2.4 legacy service is starting.

12-30 18:49:27.134   361   361 I hwservicemanager: getTransport: Cannot find entry android.hardware.camera.provider@2.4::ICameraProvider/legacy/0 in either framework or device VINTF manifest.

12-30 18:49:27.214 10526 10526 E V4L2CameraHAL: AIS: In v4l2 camera hal wrapper init

12-30 18:49:27.214 10526 10526 E V4L2CameraHAL: value of property for qcc: 

12-30 18:49:27.214 10526 10526 E V4L2CameraHAL: Error while opening /vendor/lib64/hw/camera.v4l2.qcc4.so lib : dlopen failed: "/vendor/lib64/hw/camera.v4l2.qcc4.so" is 64-bit instead of 32-bit

12-30 18:49:27.214 10526 10526 E V4L2CameraHAL: Error while /vendor/lib64/hw/camera.v4l2.qcc4.so lib initialization: (null)

12-30 18:49:27.214 10526 10526 I CamPrvdr@2.4-legacy: Loaded "V4L2 Camera HAL v3" camera module

12-30 18:49:27.215   361   361 I hwservicemanager: getTransport: Cannot find entry android.hardware.camera.provider@2.4::ICameraProvider/legacy/0 in either framework or device VINTF manifest.

12-30 18:49:27.215 10526 10526 E HidlServiceManagement: Service android.hardware.camera.provider@2.4::ICameraProvider/legacy/0 must be in VINTF manifest in order to register/get.

12-30 18:49:27.216 10526 10526 E LegacySupport: Could not register service android.hardware.camera.provider@2.4::ICameraProvider/legacy/0 (-2147483648).

01-01 08:06:01.284     1     1 I init    : Service 'vendor.camera-provider-2-4' (pid 10526) exited with status 0

01-01 08:06:01.284     1     1 I init    : Sending signal 9 to service 'vendor.camera-provider-2-4' (pid 10526) process group...

01-01 08:06:01.285     1     1 E init    : process with updatable components 'vendor.camera-provider-2-4' exited 4 times in 4 minutes

01-01 08:06:06.076     1     1 I init    : starting service 'vendor.camera-provider-2-4'...

01-01 08:06:06.124     1     1 I init    : ... started service 'vendor.camera-provider-2-4' has pid 10621

12-30 18:49:32.181 10621 10621 I android.hardware.camera.provider@2.4-service: CameraProvider@2.4 legacy service is starting.

12-30 18:49:32.184   361   361 I hwservicemanager: getTransport: Cannot find entry android.hardware.camera.provider@2.4::ICameraProvider/legacy/0 in either framework or device VINTF manifest.

12-30 18:49:32.258 10621 10621 E V4L2CameraHAL: AIS: In v4l2 camera hal wrapper init

12-30 18:49:32.258 10621 10621 E V4L2CameraHAL: value of property for qcc: 

12-30 18:49:32.258 10621 10621 E V4L2CameraHAL: Error while opening /vendor/lib64/hw/camera.v4l2.qcc4.so lib : dlopen failed: "/vendor/lib64/hw/camera.v4l2.qcc4.so" is 64-bit instead of 32-bit

12-30 18:49:32.258 10621 10621 E V4L2CameraHAL: Error while /vendor/lib64/hw/camera.v4l2.qcc4.so lib initialization: (null)

12-30 18:49:32.259 10621 10621 I CamPrvdr@2.4-legacy: Loaded "V4L2 Camera HAL v3" camera module

12-30 18:49:32.259   361   361 I hwservicemanager: getTransport: Cannot find entry android.hardware.camera.provider@2.4::ICameraProvider/legacy/0 in either framework or device VINTF manifest.

12-30 18:49:32.260 10621 10621 E HidlServiceManagement: Service android.hardware.camera.provider@2.4::ICameraProvider/legacy/0 must be in VINTF manifest in order to register/get.

12-30 18:49:32.260 10621 10621 E LegacySupport: Could not register service android.hardware.camera.provider@2.4::ICameraProvider/legacy/0 (-2147483648).

01-01 08:06:06.333     1     1 I init    : Service 'vendor.camera-provider-2-4' (pid 10621) exited with status 0

01-01 08:06:06.333     1     1 I init    : Sending signal 9 to service 'vendor.camera-provider-2-4' (pid 10621) process group...

01-01 08:06:06.334     1     1 E init    : process with updatable components 'vendor.camera-provider-2-4' exited 4 times in 4 minutes

01-01 08:06:11.120     1     1 I init    : starting service 'vendor.camera-provider-2-4'...

01-01 08:06:11.174     1     1 I init    : ... started service 'vendor.camera-provider-2-4' has pid 10734

12-30 18:49:37.242 10734 10734 I android.hardware.camera.provider@2.4-service: CameraProvider@2.4 legacy service is starting.

12-30 18:49:37.245   361   361 I hwservicemanager: getTransport: Cannot find entry android.hardware.camera.provider@2.4::ICameraProvider/legacy/0 in either framework or device VINTF manifest.

12-30 18:49:37.377 10734 10734 E V4L2CameraHAL: AIS: In v4l2 camera hal wrapper init

12-30 18:49:37.377 10734 10734 E V4L2CameraHAL: value of property for qcc: 

12-30 18:49:37.377 10734 10734 E V4L2CameraHAL: Error while opening /vendor/lib64/hw/camera.v4l2.qcc4.so lib : dlopen failed: "/vendor/lib64/hw/camera.v4l2.qcc4.so" is 64-bit instead of 32-bit

12-30 18:49:37.378 10734 10734 E V4L2CameraHAL: Error while /vendor/lib64/hw/camera.v4l2.qcc4.so lib initialization: (null)

12-30 18:49:37.378 10734 10734 I CamPrvdr@2.4-legacy: Loaded "V4L2 Camera HAL v3" camera module

12-30 18:49:37.378   361   361 I hwservicemanager: getTransport: Cannot find entry android.hardware.camera.provider@2.4::ICameraProvider/legacy/0 in either framework or device VINTF manifest.

12-30 18:49:37.379 10734 10734 E HidlServiceManagement: Service android.hardware.camera.provider@2.4::ICameraProvider/legacy/0 must be in VINTF manifest in order to register/get.

12-30 18:49:37.379 10734 10734 E LegacySupport: Could not register service android.hardware.camera.provider@2.4::ICameraProvider/legacy/0 (-2147483648).

01-01 08:06:11.447     1     1 I init    : Service 'vendor.camera-provider-2-4' (pid 10734) exited with status 0

01-01 08:06:11.447     1     1 I init    : Sending signal 9 to service 'vendor.camera-provider-2-4' (pid 10734) process group...

01-01 08:06:11.448     1     1 E init    : process with updatable components 'vendor.camera-provider-2-4' exited 4 times in 4 minutes

01-01 08:06:16.176     1     1 I init    : starting service 'vendor.camera-provider-2-4'...

01-01 08:06:16.234     1     1 I init    : ... started service 'vendor.camera-provider-2-4' has pid 10828

12-30 18:49:42.298 10828 10828 I android.hardware.camera.provider@2.4-service: CameraProvider@2.4 legacy service is starting.

12-30 18:49:42.304   361   361 I hwservicemanager: getTransport: Cannot find entry android.hardware.camera.provider@2.4::ICameraProvider/legacy/0 in either framework or device VINTF manifest.

12-30 18:49:42.410 10828 10828 E V4L2CameraHAL: AIS: In v4l2 camera hal wrapper init

12-30 18:49:42.410 10828 10828 E V4L2CameraHAL: value of property for qcc: 

12-30 18:49:42.411 10828 10828 E V4L2CameraHAL: Error while opening /vendor/lib64/hw/camera.v4l2.qcc4.so lib : dlopen failed: "/vendor/lib64/hw/camera.v4l2.qcc4.so" is 64-bit instead of 32-bit

12-30 18:49:42.411 10828 10828 E V4L2CameraHAL: Error while /vendor/lib64/hw/camera.v4l2.qcc4.so lib initialization: (null)

12-30 18:49:42.411 10828 10828 I CamPrvdr@2.4-legacy: Loaded "V4L2 Camera HAL v3" camera module

12-30 18:49:42.412   361   361 I hwservicemanager: getTransport: Cannot find entry android.hardware.camera.provider@2.4::ICameraProvider/legacy/0 in either framework or device VINTF manifest.

12-30 18:49:42.412 10828 10828 E HidlServiceManagement: Service android.hardware.camera.provider@2.4::ICameraProvider/legacy/0 must be in VINTF manifest in order to register/get.

12-30 18:49:42.412 10828 10828 E LegacySupport: Could not register service android.hardware.camera.provider@2.4::ICameraProvider/legacy/0 (-2147483648).

01-01 08:06:16.487     1     1 I init    : Service 'vendor.camera-provider-2-4' (pid 10828) exited with status 0

01-01 08:06:16.487     1     1 I init    : Sending signal 9 to service 'vendor.camera-provider-2-4' (pid 10828) process group...

01-01 08:06:16.488     1     1 E init    : process with updatable components 'vendor.camera-provider-2-4' exited 4 times in 4 minutes

01-01 08:06:21.228     1     1 I init    : starting service 'vendor.camera-provider-2-4'...

01-01 08:06:21.242     1     1 I init    : ... started service 'vendor.camera-provider-2-4' has pid 10931

12-30 18:49:47.306 10931 10931 I android.hardware.camera.provider@2.4-service: CameraProvider@2.4 legacy service is starting.

12-30 18:49:47.309   361   361 I hwservicemanager: getTransport: Cannot find entry android.hardware.camera.provider@2.4::ICameraProvider/legacy/0 in either framework or device VINTF manifest.

12-30 18:49:47.396 10931 10931 E V4L2CameraHAL: AIS: In v4l2 camera hal wrapper init

12-30 18:49:47.396 10931 10931 E V4L2CameraHAL: value of property for qcc: 

12-30 18:49:47.396 10931 10931 E V4L2CameraHAL: Error while opening /vendor/lib64/hw/camera.v4l2.qcc4.so lib : dlopen failed: "/vendor/lib64/hw/camera.v4l2.qcc4.so" is 64-bit instead of 32-bit

12-30 18:49:47.397 10931 10931 E V4L2CameraHAL: Error while /vendor/lib64/hw/camera.v4l2.qcc4.so lib initialization: (null)

12-30 18:49:47.397 10931 10931 I CamPrvdr@2.4-legacy: Loaded "V4L2 Camera HAL v3" camera module

12-30 18:49:47.397   361   361 I hwservicemanager: getTransport: Cannot find entry android.hardware.camera.provider@2.4::ICameraProvider/legacy/0 in either framework or device VINTF manifest.

12-30 18:49:47.398 10931 10931 E HidlServiceManagement: Service android.hardware.camera.provider@2.4::ICameraProvider/legacy/0 must be in VINTF manifest in order to register/get.

12-30 18:49:47.398 10931 10931 E LegacySupport: Could not register service android.hardware.camera.provider@2.4::ICameraProvider/legacy/0 (-2147483648).

01-01 08:06:21.455     1     1 I init    : Service 'vendor.camera-provider-2-4' (pid 10931) exited with status 0

01-01 08:06:21.455     1     1 I init    : Sending signal 9 to service 'vendor.camera-provider-2-4' (pid 10931) process group...

01-01 08:06:21.455     1     1 E init    : process with updatable components 'vendor.camera-provider-2-4' exited 4 times in 4 minutes

01-01 08:06:26.244     1     1 I init    : starting service 'vendor.camera-provider-2-4'...

01-01 08:06:26.262     1     1 I init    : ... started service 'vendor.camera-provider-2-4' has pid 11034

12-30 18:49:52.324 11034 11034 I android.hardware.camera.provider@2.4-service: CameraProvider@2.4 legacy service is starting.

12-30 18:49:52.327   361   361 I hwservicemanager: getTransport: Cannot find entry android.hardware.camera.provider@2.4::ICameraProvider/legacy/0 in either framework or device VINTF manifest.

12-30 18:49:52.417 11034 11034 E V4L2CameraHAL: AIS: In v4l2 camera hal wrapper init

12-30 18:49:52.417 11034 11034 E V4L2CameraHAL: value of property for qcc: 

12-30 18:49:52.417 11034 11034 E V4L2CameraHAL: Error while opening /vendor/lib64/hw/camera.v4l2.qcc4.so lib : dlopen failed: "/vendor/lib64/hw/camera.v4l2.qcc4.so" is 64-bit instead of 32-bit

12-30 18:49:52.417 11034 11034 E V4L2CameraHAL: Error while /vendor/lib64/hw/camera.v4l2.qcc4.so lib initialization: (null)

12-30 18:49:52.418 11034 11034 I CamPrvdr@2.4-legacy: Loaded "V4L2 Camera HAL v3" camera module

12-30 18:49:52.418   361   361 I hwservicemanager: getTransport: Cannot find entry android.hardware.camera.provider@2.4::ICameraProvider/legacy/0 in either framework or device VINTF manifest.

12-30 18:49:52.418 11034 11034 E HidlServiceManagement: Service android.hardware.camera.provider@2.4::ICameraProvider/legacy/0 must be in VINTF manifest in order to register/get.

12-30 18:49:52.419 11034 11034 E LegacySupport: Could not register service android.hardware.camera.provider@2.4::ICameraProvider/legacy/0 (-2147483648).

01-01 08:06:26.492     1     1 I init    : Service 'vendor.camera-provider-2-4' (pid 11034) exited with status 0

01-01 08:06:26.492     1     1 I init    : Sending signal 9 to service 'vendor.camera-provider-2-4' (pid 11034) process group...

01-01 08:06:26.492     1     1 E init    : process with updatable components 'vendor.camera-provider-2-4' exited 4 times in 4 minutes

01-01 08:06:31.262     1     1 I init    : starting service 'vendor.camera-provider-2-4'...

01-01 08:06:31.321     1     1 I init    : ... started service 'vendor.camera-provider-2-4' has pid 11133

12-30 18:49:57.379 11133 11133 I android.hardware.camera.provider@2.4-service: CameraProvider@2.4 legacy service is starting.

12-30 18:49:57.382   361   361 I hwservicemanager: getTransport: Cannot find entry android.hardware.camera.provider@2.4::ICameraProvider/legacy/0 in either framework or device VINTF manifest.

12-30 18:49:57.472 11133 11133 E V4L2CameraHAL: AIS: In v4l2 camera hal wrapper init

12-30 18:49:57.473 11133 11133 E V4L2CameraHAL: value of property for qcc: 

12-30 18:49:57.473 11133 11133 E V4L2CameraHAL: Error while opening /vendor/lib64/hw/camera.v4l2.qcc4.so lib : dlopen failed: "/vendor/lib64/hw/camera.v4l2.qcc4.so" is 64-bit instead of 32-bit

12-30 18:49:57.474 11133 11133 E V4L2CameraHAL: Error while /vendor/lib64/hw/camera.v4l2.qcc4.so lib initialization: (null)

12-30 18:49:57.474 11133 11133 I CamPrvdr@2.4-legacy: Loaded "V4L2 Camera HAL v3" camera module

12-30 18:49:57.475   361   361 I hwservicemanager: getTransport: Cannot find entry android.hardware.camera.provider@2.4::ICameraProvider/legacy/0 in either framework or device VINTF manifest.

12-30 18:49:57.475 11133 11133 E HidlServiceManagement: Service android.hardware.camera.provider@2.4::ICameraProvider/legacy/0 must be in VINTF manifest in order to register/get.

12-30 18:49:57.475 11133 11133 E LegacySupport: Could not register service android.hardware.camera.provider@2.4::ICameraProvider/legacy/0 (-2147483648).

01-01 08:06:31.544     1     1 I init    : Service 'vendor.camera-provider-2-4' (pid 11133) exited with status 0

01-01 08:06:31.545     1     1 I init    : Sending signal 9 to service 'vendor.camera-provider-2-4' (pid 11133) process group...

01-01 08:06:31.545     1     1 E init    : process with updatable components 'vendor.camera-provider-2-4' exited 4 times in 4 minutes

01-01 08:06:36.320     1     1 I init    : starting service 'vendor.camera-provider-2-4'...

01-01 08:06:36.332     1     1 I init    : ... started service 'vendor.camera-provider-2-4' has pid 11222

12-30 18:50:02.426 11222 11222 I android.hardware.camera.provider@2.4-service: CameraProvider@2.4 legacy service is starting.

12-30 18:50:02.429   361   361 I hwservicemanager: getTransport: Cannot find entry android.hardware.camera.provider@2.4::ICameraProvider/legacy/0 in either framework or device VINTF manifest.

12-30 18:50:02.550 11222 11222 E V4L2CameraHAL: AIS: In v4l2 camera hal wrapper init

12-30 18:50:02.550 11222 11222 E V4L2CameraHAL: value of property for qcc: 

12-30 18:50:02.551 11222 11222 E V4L2CameraHAL: Error while opening /vendor/lib64/hw/camera.v4l2.qcc4.so lib : dlopen failed: "/vendor/lib64/hw/camera.v4l2.qcc4.so" is 64-bit instead of 32-bit

12-30 18:50:02.551 11222 11222 E V4L2CameraHAL: Error while /vendor/lib64/hw/camera.v4l2.qcc4.so lib initialization: (null)

12-30 18:50:02.551 11222 11222 I CamPrvdr@2.4-legacy: Loaded "V4L2 Camera HAL v3" camera module

12-30 18:50:02.552   361   361 I hwservicemanager: getTransport: Cannot find entry android.hardware.camera.provider@2.4::ICameraProvider/legacy/0 in either framework or device VINTF manifest.

12-30 18:50:02.552 11222 11222 E HidlServiceManagement: Service android.hardware.camera.provider@2.4::ICameraProvider/legacy/0 must be in VINTF manifest in order to register/get.

12-30 18:50:02.552 11222 11222 E LegacySupport: Could not register service android.hardware.camera.provider@2.4::ICameraProvider/legacy/0 (-2147483648).

01-01 08:06:36.636     1     1 I init    : Service 'vendor.camera-provider-2-4' (pid 11222) exited with status 0

01-01 08:06:36.636     1     1 I init    : Sending signal 9 to service 'vendor.camera-provider-2-4' (pid 11222) process group...

01-01 08:06:36.637     1     1 E init    : process with updatable components 'vendor.camera-provider-2-4' exited 4 times in 4 minutes

01-01 08:06:41.331     1     1 I init    : starting service 'vendor.camera-provider-2-4'...

01-01 08:06:41.351     1     1 I init    : ... started service 'vendor.camera-provider-2-4' has pid 11322

12-30 18:50:07.420 11322 11322 I android.hardware.camera.provider@2.4-service: CameraProvider@2.4 legacy service is starting.

12-30 18:50:07.423   361   361 I hwservicemanager: getTransport: Cannot find entry android.hardware.camera.provider@2.4::ICameraProvider/legacy/0 in either framework or device VINTF manifest.

12-30 18:50:07.509 11322 11322 E V4L2CameraHAL: AIS: In v4l2 camera hal wrapper init

12-30 18:50:07.510 11322 11322 E V4L2CameraHAL: value of property for qcc: 

12-30 18:50:07.510 11322 11322 E V4L2CameraHAL: Error while opening /vendor/lib64/hw/camera.v4l2.qcc4.so lib : dlopen failed: "/vendor/lib64/hw/camera.v4l2.qcc4.so" is 64-bit instead of 32-bit

12-30 18:50:07.510 11322 11322 E V4L2CameraHAL: Error while /vendor/lib64/hw/camera.v4l2.qcc4.so lib initialization: (null)

12-30 18:50:07.510 11322 11322 I CamPrvdr@2.4-legacy: Loaded "V4L2 Camera HAL v3" camera module

12-30 18:50:07.512   361   361 I hwservicemanager: getTransport: Cannot find entry android.hardware.camera.provider@2.4::ICameraProvider/legacy/0 in either framework or device VINTF manifest.

12-30 18:50:07.512 11322 11322 E HidlServiceManagement: Service android.hardware.camera.provider@2.4::ICameraProvider/legacy/0 must be in VINTF manifest in order to register/get.

12-30 18:50:07.512 11322 11322 E LegacySupport: Could not register service android.hardware.camera.provider@2.4::ICameraProvider/legacy/0 (-2147483648).

01-01 08:06:41.571     1     1 I init    : Service 'vendor.camera-provider-2-4' (pid 11322) exited with status 0

01-01 08:06:41.571     1     1 I init    : Sending signal 9 to service 'vendor.camera-provider-2-4' (pid 11322) process group...

01-01 08:06:41.572     1     1 E init    : process with updatable components 'vendor.camera-provider-2-4' exited 4 times in 4 minutes

01-01 08:06:46.353     1     1 I init    : starting service 'vendor.camera-provider-2-4'...

01-01 08:06:46.374     1     1 I init    : ... started service 'vendor.camera-provider-2-4' has pid 11432

12-30 18:50:12.425 11432 11432 I android.hardware.camera.provider@2.4-service: CameraProvider@2.4 legacy service is starting.

12-30 18:50:12.428   361   361 I hwservicemanager: getTransport: Cannot find entry android.hardware.camera.provider@2.4::ICameraProvider/legacy/0 in either framework or device VINTF manifest.

12-30 18:50:12.515 11432 11432 E V4L2CameraHAL: AIS: In v4l2 camera hal wrapper init

12-30 18:50:12.515 11432 11432 E V4L2CameraHAL: value of property for qcc: 

12-30 18:50:12.515 11432 11432 E V4L2CameraHAL: Error while opening /vendor/lib64/hw/camera.v4l2.qcc4.so lib : dlopen failed: "/vendor/lib64/hw/camera.v4l2.qcc4.so" is 64-bit instead of 32-bit

12-30 18:50:12.515 11432 11432 E V4L2CameraHAL: Error while /vendor/lib64/hw/camera.v4l2.qcc4.so lib initialization: (null)

12-30 18:50:12.515 11432 11432 I CamPrvdr@2.4-legacy: Loaded "V4L2 Camera HAL v3" camera module

12-30 18:50:12.516   361   361 I hwservicemanager: getTransport: Cannot find entry android.hardware.camera.provider@2.4::ICameraProvider/legacy/0 in either framework or device VINTF manifest.

12-30 18:50:12.516 11432 11432 E HidlServiceManagement: Service android.hardware.camera.provider@2.4::ICameraProvider/legacy/0 must be in VINTF manifest in order to register/get.

12-30 18:50:12.516 11432 11432 E LegacySupport: Could not register service android.hardware.camera.provider@2.4::ICameraProvider/legacy/0 (-2147483648).

01-01 08:06:46.597     1     1 I init    : Service 'vendor.camera-provider-2-4' (pid 11432) exited with status 0

01-01 08:06:46.597     1     1 I init    : Sending signal 9 to service 'vendor.camera-provider-2-4' (pid 11432) process group...

01-01 08:06:46.598     1     1 E init    : process with updatable components 'vendor.camera-provider-2-4' exited 4 times in 4 minutes

01-01 08:06:51.374     1     1 I init    : starting service 'vendor.camera-provider-2-4'...

01-01 08:06:51.390     1     1 I init    : ... started service 'vendor.camera-provider-2-4' has pid 11529

12-30 18:50:17.455 11529 11529 I android.hardware.camera.provider@2.4-service: CameraProvider@2.4 legacy service is starting.

12-30 18:50:17.467   361   361 I hwservicemanager: getTransport: Cannot find entry android.hardware.camera.provider@2.4::ICameraProvider/legacy/0 in either framework or device VINTF manifest.

12-30 18:50:17.548 11529 11529 E V4L2CameraHAL: AIS: In v4l2 camera hal wrapper init

12-30 18:50:17.548 11529 11529 E V4L2CameraHAL: value of property for qcc: 

12-30 18:50:17.549 11529 11529 E V4L2CameraHAL: Error while opening /vendor/lib64/hw/camera.v4l2.qcc4.so lib : dlopen failed: "/vendor/lib64/hw/camera.v4l2.qcc4.so" is 64-bit instead of 32-bit

12-30 18:50:17.549 11529 11529 E V4L2CameraHAL: Error while /vendor/lib64/hw/camera.v4l2.qcc4.so lib initialization: (null)

12-30 18:50:17.549 11529 11529 I CamPrvdr@2.4-legacy: Loaded "V4L2 Camera HAL v3" camera module

12-30 18:50:17.550   361   361 I hwservicemanager: getTransport: Cannot find entry android.hardware.camera.provider@2.4::ICameraProvider/legacy/0 in either framework or device VINTF manifest.

12-30 18:50:17.550 11529 11529 E HidlServiceManagement: Service android.hardware.camera.provider@2.4::ICameraProvider/legacy/0 must be in VINTF manifest in order to register/get.

12-30 18:50:17.550 11529 11529 E LegacySupport: Could not register service android.hardware.camera.provider@2.4::ICameraProvider/legacy/0 (-2147483648).

01-01 08:06:51.613     1     1 I init    : Service 'vendor.camera-provider-2-4' (pid 11529) exited with status 0

01-01 08:06:51.613     1     1 I init    : Sending signal 9 to service 'vendor.camera-provider-2-4' (pid 11529) process group...

01-01 08:06:51.614     1     1 E init    : process with updatable components 'vendor.camera-provider-2-4' exited 4 times in 4 minutes
