12-30 18:45:05.558  5112  5112 E HidlServiceManagement: Service android.hardware.camera.provider@2.4::ICameraProvider/legacy/0 must be in VINTF manifest in order to register/get.

12-30 18:45:05.558  5112  5112 E LegacySupport: Could not register service android.hardware.camera.provider@2.4::ICameraProvider/legacy/0 (-2147483648).

01-01 08:01:39.621     1     1 I init    : Service 'vendor.camera-provider-2-4' (pid 5112) exited with status 0

01-01 08:01:39.621     1     1 I init    : Sending signal 9 to service 'vendor.camera-provider-2-4' (pid 5112) process group...

01-01 08:01:39.622     1     1 E init    : process with updatable components 'vendor.camera-provider-2-4' exited 4 times in 4 minutes

01-01 08:01:44.401     1     1 I init    : starting service 'vendor.camera-provider-2-4'...

01-01 08:01:44.452     1     1 I init    : ... started service 'vendor.camera-provider-2-4' has pid 5220

12-30 18:45:10.504  5220  5220 I android.hardware.camera.provider@2.4-service: CameraProvider@2.4 legacy service is starting.

12-30 18:45:10.507   361   361 I hwservicemanager: getTransport: Cannot find entry android.hardware.camera.provider@2.4::ICameraProvider/legacy/0 in either framework or device VINTF manifest.

12-30 18:45:10.603  5220  5220 E V4L2CameraHAL: AIS: In v4l2 camera hal wrapper init

12-30 18:45:10.603  5220  5220 E V4L2CameraHAL: value of property for qcc: 

12-30 18:45:10.604  5220  5220 E V4L2CameraHAL: Error while opening /vendor/lib64/hw/camera.v4l2.qcc4.so lib : dlopen failed: "/vendor/lib64/hw/camera.v4l2.qcc4.so" is 64-bit instead of 32-bit

12-30 18:45:10.604  5220  5220 E V4L2CameraHAL: Error while /vendor/lib64/hw/camera.v4l2.qcc4.so lib initialization: (null)

12-30 18:45:10.604  5220  5220 I CamPrvdr@2.4-legacy: Loaded "V4L2 Camera HAL v3" camera module

12-30 18:45:10.605   361   361 I hwservicemanager: getTransport: Cannot find entry android.hardware.camera.provider@2.4::ICameraProvider/legacy/0 in either framework or device VINTF manifest.

12-30 18:45:10.605  5220  5220 E HidlServiceManagement: Service android.hardware.camera.provider@2.4::ICameraProvider/legacy/0 must be in VINTF manifest in order to register/get.

12-30 18:45:10.605  5220  5220 E LegacySupport: Could not register service android.hardware.camera.provider@2.4::ICameraProvider/legacy/0 (-2147483648).

01-01 08:01:44.659     1     1 I init    : Service 'vendor.camera-provider-2-4' (pid 5220) exited with status 0

01-01 08:01:44.659     1     1 I init    : Sending signal 9 to service 'vendor.camera-provider-2-4' (pid 5220) process group...

01-01 08:01:44.667     1     1 E init    : process with updatable components 'vendor.camera-provider-2-4' exited 4 times in 4 minutes

01-01 08:01:49.450     1     1 I init    : starting service 'vendor.camera-provider-2-4'...

01-01 08:01:49.504     1     1 I init    : ... started service 'vendor.camera-provider-2-4' has pid 5319

12-30 18:45:15.565  5319  5319 I android.hardware.camera.provider@2.4-service: CameraProvider@2.4 legacy service is starting.

12-30 18:45:15.568   361   361 I hwservicemanager: getTransport: Cannot find entry android.hardware.camera.provider@2.4::ICameraProvider/legacy/0 in either framework or device VINTF manifest.

12-30 18:45:15.668  5319  5319 E V4L2CameraHAL: AIS: In v4l2 camera hal wrapper init

12-30 18:45:15.669  5319  5319 E V4L2CameraHAL: value of property for qcc: 

12-30 18:45:15.670  5319  5319 E V4L2CameraHAL: Error while opening /vendor/lib64/hw/camera.v4l2.qcc4.so lib : dlopen failed: "/vendor/lib64/hw/camera.v4l2.qcc4.so" is 64-bit instead of 32-bit

12-30 18:45:15.670  5319  5319 E V4L2CameraHAL: Error while /vendor/lib64/hw/camera.v4l2.qcc4.so lib initialization: (null)

12-30 18:45:15.670  5319  5319 I CamPrvdr@2.4-legacy: Loaded "V4L2 Camera HAL v3" camera module

12-30 18:45:15.672   361   361 I hwservicemanager: getTransport: Cannot find entry android.hardware.camera.provider@2.4::ICameraProvider/legacy/0 in either framework or device VINTF manifest.

12-30 18:45:15.672  5319  5319 E HidlServiceManagement: Service android.hardware.camera.provider@2.4::ICameraProvider/legacy/0 must be in VINTF manifest in order to register/get.

12-30 18:45:15.672  5319  5319 E LegacySupport: Could not register service android.hardware.camera.provider@2.4::ICameraProvider/legacy/0 (-2147483648).

01-01 08:01:49.735     1     1 I init    : Service 'vendor.camera-provider-2-4' (pid 5319) exited with status 0

01-01 08:01:49.735     1     1 I init    : Sending signal 9 to service 'vendor.camera-provider-2-4' (pid 5319) process group...

01-01 08:01:49.736     1     1 E init    : process with updatable components 'vendor.camera-provider-2-4' exited 4 times in 4 minutes

12-30 18:45:19.368  2174  2174 D PrivacyChip: Camera enabled: true

01-01 08:01:54.484     1     1 I init    : starting service 'vendor.camera-provider-2-4'...

01-01 08:01:54.552     1     1 I init    : ... started service 'vendor.camera-provider-2-4' has pid 5464

12-30 18:45:20.620  5464  5464 I android.hardware.camera.provider@2.4-service: CameraProvider@2.4 legacy service is starting.

12-30 18:45:20.624   361   361 I hwservicemanager: getTransport: Cannot find entry android.hardware.camera.provider@2.4::ICameraProvider/legacy/0 in either framework or device VINTF manifest.

12-30 18:45:20.714  5464  5464 E V4L2CameraHAL: AIS: In v4l2 camera hal wrapper init

12-30 18:45:20.714  5464  5464 E V4L2CameraHAL: value of property for qcc: 

12-30 18:45:20.715  5464  5464 E V4L2CameraHAL: Error while opening /vendor/lib64/hw/camera.v4l2.qcc4.so lib : dlopen failed: "/vendor/lib64/hw/camera.v4l2.qcc4.so" is 64-bit instead of 32-bit

12-30 18:45:20.715  5464  5464 E V4L2CameraHAL: Error while /vendor/lib64/hw/camera.v4l2.qcc4.so lib initialization: (null)

12-30 18:45:20.715  5464  5464 I CamPrvdr@2.4-legacy: Loaded "V4L2 Camera HAL v3" camera module

12-30 18:45:20.721   361   361 I hwservicemanager: getTransport: Cannot find entry android.hardware.camera.provider@2.4::ICameraProvider/legacy/0 in either framework or device VINTF manifest.

12-30 18:45:20.722  5464  5464 E HidlServiceManagement: Service android.hardware.camera.provider@2.4::ICameraProvider/legacy/0 must be in VINTF manifest in order to register/get.

12-30 18:45:20.722  5464  5464 E LegacySupport: Could not register service android.hardware.camera.provider@2.4::ICameraProvider/legacy/0 (-2147483648).

01-01 08:01:54.785     1     1 I init    : Service 'vendor.camera-provider-2-4' (pid 5464) exited with status 0

01-01 08:01:54.785     1     1 I init    : Sending signal 9 to service 'vendor.camera-provider-2-4' (pid 5464) process group...

01-01 08:01:54.785     1     1 E init    : process with updatable components 'vendor.camera-provider-2-4' exited 4 times in 4 minutes

01-01 08:01:59.551     1     1 I init    : starting service 'vendor.camera-provider-2-4'...

01-01 08:01:59.605     1     1 I init    : ... started service 'vendor.camera-provider-2-4' has pid 5606

12-30 18:45:25.678  5606  5606 I android.hardware.camera.provider@2.4-service: CameraProvider@2.4 legacy service is starting.

12-30 18:45:25.680   361   361 I hwservicemanager: getTransport: Cannot find entry android.hardware.camera.provider@2.4::ICameraProvider/legacy/0 in either framework or device VINTF manifest.

12-30 18:45:25.761  5606  5606 E V4L2CameraHAL: AIS: In v4l2 camera hal wrapper init

12-30 18:45:25.762  5606  5606 E V4L2CameraHAL: value of property for qcc: 

12-30 18:45:25.762  5606  5606 E V4L2CameraHAL: Error while opening /vendor/lib64/hw/camera.v4l2.qcc4.so lib : dlopen failed: "/vendor/lib64/hw/camera.v4l2.qcc4.so" is 64-bit instead of 32-bit

12-30 18:45:25.762  5606  5606 E V4L2CameraHAL: Error while /vendor/lib64/hw/camera.v4l2.qcc4.so lib initialization: (null)

12-30 18:45:25.762  5606  5606 I CamPrvdr@2.4-legacy: Loaded "V4L2 Camera HAL v3" camera module

12-30 18:45:25.764   361   361 I hwservicemanager: getTransport: Cannot find entry android.hardware.camera.provider@2.4::ICameraProvider/legacy/0 in either framework or device VINTF manifest.

12-30 18:45:25.764  5606  5606 E HidlServiceManagement: Service android.hardware.camera.provider@2.4::ICameraProvider/legacy/0 must be in VINTF manifest in order to register/get.

12-30 18:45:25.764  5606  5606 E LegacySupport: Could not register service android.hardware.camera.provider@2.4::ICameraProvider/legacy/0 (-2147483648).

01-01 08:01:59.837     1     1 I init    : Service 'vendor.camera-provider-2-4' (pid 5606) exited with status 0

01-01 08:01:59.837     1     1 I init    : Sending signal 9 to service 'vendor.camera-provider-2-4' (pid 5606) process group...

01-01 08:01:59.838     1     1 E init    : process with updatable components 'vendor.camera-provider-2-4' exited 4 times in 4 minutes

01-01 08:02:04.599     1     1 I init    : starting service 'vendor.camera-provider-2-4'...

01-01 08:02:04.613     1     1 I init    : ... started service 'vendor.camera-provider-2-4' has pid 5707

12-30 18:45:30.668  5707  5707 I android.hardware.camera.provider@2.4-service: CameraProvider@2.4 legacy service is starting.

12-30 18:45:30.670   361   361 I hwservicemanager: getTransport: Cannot find entry android.hardware.camera.provider@2.4::ICameraProvider/legacy/0 in either framework or device VINTF manifest.

12-30 18:45:30.767  5707  5707 E V4L2CameraHAL: AIS: In v4l2 camera hal wrapper init

12-30 18:45:30.767  5707  5707 E V4L2CameraHAL: value of property for qcc: 

12-30 18:45:30.768  5707  5707 E V4L2CameraHAL: Error while opening /vendor/lib64/hw/camera.v4l2.qcc4.so lib : dlopen failed: "/vendor/lib64/hw/camera.v4l2.qcc4.so" is 64-bit instead of 32-bit

12-30 18:45:30.768  5707  5707 E V4L2CameraHAL: Error while /vendor/lib64/hw/camera.v4l2.qcc4.so lib initialization: (null)

12-30 18:45:30.768  5707  5707 I CamPrvdr@2.4-legacy: Loaded "V4L2 Camera HAL v3" camera module

12-30 18:45:30.769   361   361 I hwservicemanager: getTransport: Cannot find entry android.hardware.camera.provider@2.4::ICameraProvider/legacy/0 in either framework or device VINTF manifest.

12-30 18:45:30.769  5707  5707 E HidlServiceManagement: Service android.hardware.camera.provider@2.4::ICameraProvider/legacy/0 must be in VINTF manifest in order to register/get.

12-30 18:45:30.769  5707  5707 E LegacySupport: Could not register service android.hardware.camera.provider@2.4::ICameraProvider/legacy/0 (-2147483648).

01-01 08:02:04.826     1     1 I init    : Service 'vendor.camera-provider-2-4' (pid 5707) exited with status 0

01-01 08:02:04.826     1     1 I init    : Sending signal 9 to service 'vendor.camera-provider-2-4' (pid 5707) process group...

01-01 08:02:04.827     1     1 E init    : process with updatable components 'vendor.camera-provider-2-4' exited 4 times in 4 minutes

01-01 08:02:09.615     1     1 I init    : starting service 'vendor.camera-provider-2-4'...

01-01 08:02:09.677     1     1 I init    : ... started service 'vendor.camera-provider-2-4' has pid 5797

12-30 18:45:35.738  5797  5797 I android.hardware.camera.provider@2.4-service: CameraProvider@2.4 legacy service is starting.

12-30 18:45:35.741   361   361 I hwservicemanager: getTransport: Cannot find entry android.hardware.camera.provider@2.4::ICameraProvider/legacy/0 in either framework or device VINTF manifest.

12-30 18:45:35.840  5797  5797 E V4L2CameraHAL: AIS: In v4l2 camera hal wrapper init

12-30 18:45:35.840  5797  5797 E V4L2CameraHAL: value of property for qcc: 

12-30 18:45:35.840  5797  5797 E V4L2CameraHAL: Error while opening /vendor/lib64/hw/camera.v4l2.qcc4.so lib : dlopen failed: "/vendor/lib64/hw/camera.v4l2.qcc4.so" is 64-bit instead of 32-bit

12-30 18:45:35.840  5797  5797 E V4L2CameraHAL: Error while /vendor/lib64/hw/camera.v4l2.qcc4.so lib initialization: (null)

12-30 18:45:35.840  5797  5797 I CamPrvdr@2.4-legacy: Loaded "V4L2 Camera HAL v3" camera module

12-30 18:45:35.841   361   361 I hwservicemanager: getTransport: Cannot find entry android.hardware.camera.provider@2.4::ICameraProvider/legacy/0 in either framework or device VINTF manifest.

12-30 18:45:35.842  5797  5797 E HidlServiceManagement: Service android.hardware.camera.provider@2.4::ICameraProvider/legacy/0 must be in VINTF manifest in order to register/get.

12-30 18:45:35.842  5797  5797 E LegacySupport: Could not register service android.hardware.camera.provider@2.4::ICameraProvider/legacy/0 (-2147483648).

01-01 08:02:09.916     1     1 I init    : Service 'vendor.camera-provider-2-4' (pid 5797) exited with status 0

01-01 08:02:09.916     1     1 I init    : Sending signal 9 to service 'vendor.camera-provider-2-4' (pid 5797) process group...

01-01 08:02:09.917     1     1 E init    : process with updatable components 'vendor.camera-provider-2-4' exited 4 times in 4 minutes

01-01 08:02:14.671     1     1 I init    : starting service 'vendor.camera-provider-2-4'...

01-01 08:02:14.689     1     1 I init    : ... started service 'vendor.camera-provider-2-4' has pid 5905

12-30 18:45:40.751  5905  5905 I android.hardware.camera.provider@2.4-service: CameraProvider@2.4 legacy service is starting.

12-30 18:45:40.754   361   361 I hwservicemanager: getTransport: Cannot find entry android.hardware.camera.provider@2.4::ICameraProvider/legacy/0 in either framework or device VINTF manifest.

12-30 18:45:40.843  5905  5905 E V4L2CameraHAL: AIS: In v4l2 camera hal wrapper init

12-30 18:45:40.843  5905  5905 E V4L2CameraHAL: value of property for qcc: 

12-30 18:45:40.843  5905  5905 E V4L2CameraHAL: Error while opening /vendor/lib64/hw/camera.v4l2.qcc4.so lib : dlopen failed: "/vendor/lib64/hw/camera.v4l2.qcc4.so" is 64-bit instead of 32-bit

12-30 18:45:40.844  5905  5905 E V4L2CameraHAL: Error while /vendor/lib64/hw/camera.v4l2.qcc4.so lib initialization: (null)

12-30 18:45:40.844  5905  5905 I CamPrvdr@2.4-legacy: Loaded "V4L2 Camera HAL v3" camera module

12-30 18:45:40.844   361   361 I hwservicemanager: getTransport: Cannot find entry android.hardware.camera.provider@2.4::ICameraProvider/legacy/0 in either framework or device VINTF manifest.

12-30 18:45:40.845  5905  5905 E HidlServiceManagement: Service android.hardware.camera.provider@2.4::ICameraProvider/legacy/0 must be in VINTF manifest in order to register/get.

12-30 18:45:40.845  5905  5905 E LegacySupport: Could not register service android.hardware.camera.provider@2.4::ICameraProvider/legacy/0 (-2147483648).

01-01 08:02:14.913     1     1 I init    : Service 'vendor.camera-provider-2-4' (pid 5905) exited with status 0

01-01 08:02:14.913     1     1 I init    : Sending signal 9 to service 'vendor.camera-provider-2-4' (pid 5905) process group...

01-01 08:02:14.914     1     1 E init    : process with updatable components 'vendor.camera-provider-2-4' exited 4 times in 4 minutes

01-01 08:02:19.693     1     1 I init    : starting service 'vendor.camera-provider-2-4'...

01-01 08:02:19.725     1     1 I init    : ... started service 'vendor.camera-provider-2-4' has pid 5995

12-30 18:45:45.786  5995  5995 I android.hardware.camera.provider@2.4-service: CameraProvider@2.4 legacy service is starting.

12-30 18:45:45.790   361   361 I hwservicemanager: getTransport: Cannot find entry android.hardware.camera.provider@2.4::ICameraProvider/legacy/0 in either framework or device VINTF manifest.

12-30 18:45:45.883  5995  5995 E V4L2CameraHAL: AIS: In v4l2 camera hal wrapper init

12-30 18:45:45.883  5995  5995 E V4L2CameraHAL: value of property for qcc: 

12-30 18:45:45.884  5995  5995 E V4L2CameraHAL: Error while opening /vendor/lib64/hw/camera.v4l2.qcc4.so lib : dlopen failed: "/vendor/lib64/hw/camera.v4l2.qcc4.so" is 64-bit instead of 32-bit

12-30 18:45:45.884  5995  5995 E V4L2CameraHAL: Error while /vendor/lib64/hw/camera.v4l2.qcc4.so lib initialization: (null)

12-30 18:45:45.884  5995  5995 I CamPrvdr@2.4-legacy: Loaded "V4L2 Camera HAL v3" camera module

12-30 18:45:45.884   361   361 I hwservicemanager: getTransport: Cannot find entry android.hardware.camera.provider@2.4::ICameraProvider/legacy/0 in either framework or device VINTF manifest.

12-30 18:45:45.885  5995  5995 E HidlServiceManagement: Service android.hardware.camera.provider@2.4::ICameraProvider/legacy/0 must be in VINTF manifest in order to register/get.

12-30 18:45:45.885  5995  5995 E LegacySupport: Could not register service android.hardware.camera.provider@2.4::ICameraProvider/legacy/0 (-2147483648).

01-01 08:02:19.968     1     1 I init    : Service 'vendor.camera-provider-2-4' (pid 5995) exited with status 0

01-01 08:02:19.968     1     1 I init    : Sending signal 9 to service 'vendor.camera-provider-2-4' (pid 5995) process group...

01-01 08:02:19.968     1     1 E init    : process with updatable components 'vendor.camera-provider-2-4' exited 4 times in 4 minutes

01-01 08:02:24.725     1     1 I init    : starting service 'vendor.camera-provider-2-4'...

01-01 08:02:24.778     1     1 I init    : ... started service 'vendor.camera-provider-2-4' has pid 6092

12-30 18:45:50.832  6092  6092 I android.hardware.camera.provider@2.4-service: CameraProvider@2.4 legacy service is starting.

12-30 18:45:50.834   361   361 I hwservicemanager: getTransport: Cannot find entry android.hardware.camera.provider@2.4::ICameraProvider/legacy/0 in either framework or device VINTF manifest.

12-30 18:45:50.945  6092  6092 E V4L2CameraHAL: AIS: In v4l2 camera hal wrapper init

12-30 18:45:50.946  6092  6092 E V4L2CameraHAL: value of property for qcc: 

12-30 18:45:50.946  6092  6092 E V4L2CameraHAL: Error while opening /vendor/lib64/hw/camera.v4l2.qcc4.so lib : dlopen failed: "/vendor/lib64/hw/camera.v4l2.qcc4.so" is 64-bit instead of 32-bit

12-30 18:45:50.946  6092  6092 E V4L2CameraHAL: Error while /vendor/lib64/hw/camera.v4l2.qcc4.so lib initialization: (null)

12-30 18:45:50.946  6092  6092 I CamPrvdr@2.4-legacy: Loaded "V4L2 Camera HAL v3" camera module

12-30 18:45:50.947   361   361 I hwservicemanager: getTransport: Cannot find entry android.hardware.camera.provider@2.4::ICameraProvider/legacy/0 in either framework or device VINTF manifest.

12-30 18:45:50.948  6092  6092 E HidlServiceManagement: Service android.hardware.camera.provider@2.4::ICameraProvider/legacy/0 must be in VINTF manifest in order to register/get.

12-30 18:45:50.948  6092  6092 E LegacySupport: Could not register service android.hardware.camera.provider@2.4::ICameraProvider/legacy/0 (-2147483648).

01-01 08:02:25.010     1     1 I init    : Service 'vendor.camera-provider-2-4' (pid 6092) exited with status 0

01-01 08:02:25.010     1     1 I init    : Sending signal 9 to service 'vendor.camera-provider-2-4' (pid 6092) process group...

01-01 08:02:25.010     1     1 E init    : process with updatable components 'vendor.camera-provider-2-4' exited 4 times in 4 minutes

01-01 08:02:29.772     1     1 I init    : starting service 'vendor.camera-provider-2-4'...

01-01 08:02:29.824     1     1 I init    : ... started service 'vendor.camera-provider-2-4' has pid 6202

12-30 18:45:55.874  6202  6202 I android.hardware.camera.provider@2.4-service: CameraProvider@2.4 legacy service is starting.

12-30 18:45:55.878   361   361 I hwservicemanager: getTransport: Cannot find entry android.hardware.camera.provider@2.4::ICameraProvider/legacy/0 in either framework or device VINTF manifest.

12-30 18:45:55.952  6202  6202 E V4L2CameraHAL: AIS: In v4l2 camera hal wrapper init

12-30 18:45:55.952  6202  6202 E V4L2CameraHAL: value of property for qcc: 

12-30 18:45:55.952  6202  6202 E V4L2CameraHAL: Error while opening /vendor/lib64/hw/camera.v4l2.qcc4.so lib : dlopen failed: "/vendor/lib64/hw/camera.v4l2.qcc4.so" is 64-bit instead of 32-bit

12-30 18:45:55.952  6202  6202 E V4L2CameraHAL: Error while /vendor/lib64/hw/camera.v4l2.qcc4.so lib initialization: (null)

12-30 18:45:55.952  6202  6202 I CamPrvdr@2.4-legacy: Loaded "V4L2 Camera HAL v3" camera module

12-30 18:45:55.953   361   361 I hwservicemanager: getTransport: Cannot find entry android.hardware.camera.provider@2.4::ICameraProvider/legacy/0 in either framework or device VINTF manifest.

12-30 18:45:55.953  6202  6202 E HidlServiceManagement: Service android.hardware.camera.provider@2.4::ICameraProvider/legacy/0 must be in VINTF manifest in order to register/get.

12-30 18:45:55.953  6202  6202 E LegacySupport: Could not register service android.hardware.camera.provider@2.4::ICameraProvider/legacy/0 (-2147483648).

01-01 08:02:30.017     1     1 I init    : Service 'vendor.camera-provider-2-4' (pid 6202) exited with status 0

01-01 08:02:30.017     1     1 I init    : Sending signal 9 to service 'vendor.camera-provider-2-4' (pid 6202) process group...

01-01 08:02:30.017     1     1 E init    : process with updatable components 'vendor.camera-provider-2-4' exited 4 times in 4 minutes

01-01 08:02:34.827     1     1 I init    : starting service 'vendor.camera-provider-2-4'...

01-01 08:02:34.889     1     1 I init    : ... started service 'vendor.camera-provider-2-4' has pid 6295

12-30 18:46:00.949  6295  6295 I android.hardware.camera.provider@2.4-service: CameraProvider@2.4 legacy service is starting.

12-30 18:46:00.952   361   361 I hwservicemanager: getTransport: Cannot find entry android.hardware.camera.provider@2.4::ICameraProvider/legacy/0 in either framework or device VINTF manifest.

12-30 18:46:01.034  6295  6295 E V4L2CameraHAL: AIS: In v4l2 camera hal wrapper init

12-30 18:46:01.035  6295  6295 E V4L2CameraHAL: value of property for qcc: 

12-30 18:46:01.035  6295  6295 E V4L2CameraHAL: Error while opening /vendor/lib64/hw/camera.v4l2.qcc4.so lib : dlopen failed: "/vendor/lib64/hw/camera.v4l2.qcc4.so" is 64-bit instead of 32-bit

12-30 18:46:01.035  6295  6295 E V4L2CameraHAL: Error while /vendor/lib64/hw/camera.v4l2.qcc4.so lib initialization: (null)

12-30 18:46:01.035  6295  6295 I CamPrvdr@2.4-legacy: Loaded "V4L2 Camera HAL v3" camera module

12-30 18:46:01.036   361   361 I hwservicemanager: getTransport: Cannot find entry android.hardware.camera.provider@2.4::ICameraProvider/legacy/0 in either framework or device VINTF manifest.

12-30 18:46:01.036  6295  6295 E HidlServiceManagement: Service android.hardware.camera.provider@2.4::ICameraProvider/legacy/0 must be in VINTF manifest in order to register/get.

12-30 18:46:01.036  6295  6295 E LegacySupport: Could not register service android.hardware.camera.provider@2.4::ICameraProvider/legacy/0 (-2147483648).

01-01 08:02:35.110     1     1 I init    : Service 'vendor.camera-provider-2-4' (pid 6295) exited with status 0

01-01 08:02:35.111     1     1 I init    : Sending signal 9 to service 'vendor.camera-provider-2-4' (pid 6295) process group...

01-01 08:02:35.111     1     1 E init    : process with updatable components 'vendor.camera-provider-2-4' exited 4 times in 4 minutes

01-01 08:02:39.886     1     1 I init    : starting service 'vendor.camera-provider-2-4'...

01-01 08:02:39.910     1     1 I init    : ... started service 'vendor.camera-provider-2-4' has pid 6406

12-30 18:46:05.978  6406  6406 I android.hardware.camera.provider@2.4-service: CameraProvider@2.4 legacy service is starting.

12-30 18:46:05.981   361   361 I hwservicemanager: getTransport: Cannot find entry android.hardware.camera.provider@2.4::ICameraProvider/legacy/0 in either framework or device VINTF manifest.

12-30 18:46:06.098  6406  6406 E V4L2CameraHAL: AIS: In v4l2 camera hal wrapper init

12-30 18:46:06.098  6406  6406 E V4L2CameraHAL: value of property for qcc: 

12-30 18:46:06.099  6406  6406 E V4L2CameraHAL: Error while opening /vendor/lib64/hw/camera.v4l2.qcc4.so lib : dlopen failed: "/vendor/lib64/hw/camera.v4l2.qcc4.so" is 64-bit instead of 32-bit

12-30 18:46:06.099  6406  6406 E V4L2CameraHAL: Error while /vendor/lib64/hw/camera.v4l2.qcc4.so lib initialization: (null)

12-30 18:46:06.099  6406  6406 I CamPrvdr@2.4-legacy: Loaded "V4L2 Camera HAL v3" camera module

12-30 18:46:06.100   361   361 I hwservicemanager: getTransport: Cannot find entry android.hardware.camera.provider@2.4::ICameraProvider/legacy/0 in either framework or device VINTF manifest.

12-30 18:46:06.100  6406  6406 E HidlServiceManagement: Service android.hardware.camera.provider@2.4::ICameraProvider/legacy/0 must be in VINTF manifest in order to register/get.

12-30 18:46:06.100  6406  6406 E LegacySupport: Could not register service android.hardware.camera.provider@2.4::ICameraProvider/legacy/0 (-2147483648).

01-01 08:02:40.174     1     1 I init    : Service 'vendor.camera-provider-2-4' (pid 6406) exited with status 0

01-01 08:02:40.174     1     1 I init    : Sending signal 9 to service 'vendor.camera-provider-2-4' (pid 6406) process group...

01-01 08:02:40.175     1     1 E init    : process with updatable components 'vendor.camera-provider-2-4' exited 4 times in 4 minutes

01-01 08:02:44.908     1     1 I init    : starting service 'vendor.camera-provider-2-4'...

01-01 08:02:44.966     1     1 I init    : ... started service 'vendor.camera-provider-2-4' has pid 6499

12-30 18:46:11.021  6499  6499 I android.hardware.camera.provider@2.4-service: CameraProvider@2.4 legacy service is starting.

12-30 18:46:11.023   361   361 I hwservicemanager: getTransport: Cannot find entry android.hardware.camera.provider@2.4::ICameraProvider/legacy/0 in either framework or device VINTF manifest.

12-30 18:46:11.131  6499  6499 E V4L2CameraHAL: AIS: In v4l2 camera hal wrapper init

12-30 18:46:11.131  6499  6499 E V4L2CameraHAL: value of property for qcc: 

12-30 18:46:11.132  6499  6499 E V4L2CameraHAL: Error while opening /vendor/lib64/hw/camera.v4l2.qcc4.so lib : dlopen failed: "/vendor/lib64/hw/camera.v4l2.qcc4.so" is 64-bit instead of 32-bit

12-30 18:46:11.132  6499  6499 E V4L2CameraHAL: Error while /vendor/lib64/hw/camera.v4l2.qcc4.so lib initialization: (null)

12-30 18:46:11.132  6499  6499 I CamPrvdr@2.4-legacy: Loaded "V4L2 Camera HAL v3" camera module

12-30 18:46:11.133   361   361 I hwservicemanager: getTransport: Cannot find entry android.hardware.camera.provider@2.4::ICameraProvider/legacy/0 in either framework or device VINTF manifest.

12-30 18:46:11.133  6499  6499 E HidlServiceManagement: Service android.hardware.camera.provider@2.4::ICameraProvider/legacy/0 must be in VINTF manifest in order to register/get.

12-30 18:46:11.133  6499  6499 E LegacySupport: Could not register service android.hardware.camera.provider@2.4::ICameraProvider/legacy/0 (-2147483648).

01-01 08:02:45.193     1     1 I init    : Service 'vendor.camera-provider-2-4' (pid 6499) exited with status 0

01-01 08:02:45.193     1     1 I init    : Sending signal 9 to service 'vendor.camera-provider-2-4' (pid 6499) process group...

01-01 08:02:45.194     1     1 E init    : process with updatable components 'vendor.camera-provider-2-4' exited 4 times in 4 minutes

01-01 08:02:49.968     1     1 I init    : starting service 'vendor.camera-provider-2-4'...

01-01 08:02:50.018     1     1 I init    : ... started service 'vendor.camera-provider-2-4' has pid 6614

12-30 18:46:16.081  6614  6614 I android.hardware.camera.provider@2.4-service: CameraProvider@2.4 legacy service is starting.

12-30 18:46:16.084   361   361 I hwservicemanager: getTransport: Cannot find entry android.hardware.camera.provider@2.4::ICameraProvider/legacy/0 in either framework or device VINTF manifest.

12-30 18:46:16.170  6614  6614 E V4L2CameraHAL: AIS: In v4l2 camera hal wrapper init

12-30 18:46:16.170  6614  6614 E V4L2CameraHAL: value of property for qcc: 

12-30 18:46:16.171  6614  6614 E V4L2CameraHAL: Error while opening /vendor/lib64/hw/camera.v4l2.qcc4.so lib : dlopen failed: "/vendor/lib64/hw/camera.v4l2.qcc4.so" is 64-bit instead of 32-bit

12-30 18:46:16.171  6614  6614 E V4L2CameraHAL: Error while /vendor/lib64/hw/camera.v4l2.qcc4.so lib initialization: (null)

12-30 18:46:16.171  6614  6614 I CamPrvdr@2.4-legacy: Loaded "V4L2 Camera HAL v3" camera module

12-30 18:46:16.172   361   361 I hwservicemanager: getTransport: Cannot find entry android.hardware.camera.provider@2.4::ICameraProvider/legacy/0 in either framework or device VINTF manifest.

12-30 18:46:16.172  6614  6614 E HidlServiceManagement: Service android.hardware.camera.provider@2.4::ICameraProvider/legacy/0 must be in VINTF manifest in order to register/get.

12-30 18:46:16.172  6614  6614 E LegacySupport: Could not register service android.hardware.camera.provider@2.4::ICameraProvider/legacy/0 (-2147483648).

01-01 08:02:50.228     1     1 I init    : Service 'vendor.camera-provider-2-4' (pid 6614) exited with status 0

01-01 08:02:50.228     1     1 I init    : Sending signal 9 to service 'vendor.camera-provider-2-4' (pid 6614) process group...

01-01 08:02:50.229     1     1 E init    : process with updatable components 'vendor.camera-provider-2-4' exited 4 times in 4 minutes

01-01 08:02:55.030     1     1 I init    : starting service 'vendor.camera-provider-2-4'...

01-01 08:02:55.077     1     1 I init    : ... started service 'vendor.camera-provider-2-4' has pid 6714

12-30 18:46:21.133  6714  6714 I android.hardware.camera.provider@2.4-service: CameraProvider@2.4 legacy service is starting.

12-30 18:46:21.136   361   361 I hwservicemanager: getTransport: Cannot find entry android.hardware.camera.provider@2.4::ICameraProvider/legacy/0 in either framework or device VINTF manifest.

12-30 18:46:21.207  6714  6714 E V4L2CameraHAL: AIS: In v4l2 camera hal wrapper init

12-30 18:46:21.207  6714  6714 E V4L2CameraHAL: value of property for qcc: 

12-30 18:46:21.207  6714  6714 E V4L2CameraHAL: Error while opening /vendor/lib64/hw/camera.v4l2.qcc4.so lib : dlopen failed: "/vendor/lib64/hw/camera.v4l2.qcc4.so" is 64-bit instead of 32-bit

12-30 18:46:21.207  6714  6714 E V4L2CameraHAL: Error while /vendor/lib64/hw/camera.v4l2.qcc4.so lib initialization: (null)

12-30 18:46:21.208  6714  6714 I CamPrvdr@2.4-legacy: Loaded "V4L2 Camera HAL v3" camera module

12-30 18:46:21.208   361   361 I hwservicemanager: getTransport: Cannot find entry android.hardware.camera.provider@2.4::ICameraProvider/legacy/0 in either framework or device VINTF manifest.

12-30 18:46:21.208  6714  6714 E HidlServiceManagement: Service android.hardware.camera.provider@2.4::ICameraProvider/legacy/0 must be in VINTF manifest in order to register/get.

12-30 18:46:21.208  6714  6714 E LegacySupport: Could not register service android.hardware.camera.provider@2.4::ICameraProvider/legacy/0 (-2147483648).

01-01 08:02:55.266     1     1 I init    : Service 'vendor.camera-provider-2-4' (pid 6714) exited with status 0

01-01 08:02:55.266     1     1 I init    : Sending signal 9 to service 'vendor.camera-provider-2-4' (pid 6714) process group...

01-01 08:02:55.266     1     1 E init    : process with updatable components 'vendor.camera-provider-2-4' exited 4 times in 4 minutes

01-01 08:03:00.078     1     1 I init    : starting service 'vendor.camera-provider-2-4'...

01-01 08:03:00.135     1     1 I init    : ... started service 'vendor.camera-provider-2-4' has pid 6822

12-30 18:46:26.184  6822  6822 I android.hardware.camera.provider@2.4-service: CameraProvider@2.4 legacy service is starting.

12-30 18:46:26.186   361   361 I hwservicemanager: getTransport: Cannot find entry android.hardware.camera.provider@2.4::ICameraProvider/legacy/0 in either framework or device VINTF manifest.

12-30 18:46:26.257  6822  6822 E V4L2CameraHAL: AIS: In v4l2 camera hal wrapper init

12-30 18:46:26.257  6822  6822 E V4L2CameraHAL: value of property for qcc: 

12-30 18:46:26.257  6822  6822 E V4L2CameraHAL: Error while opening /vendor/lib64/hw/camera.v4l2.qcc4.so lib : dlopen failed: "/vendor/lib64/hw/camera.v4l2.qcc4.so" is 64-bit instead of 32-bit

12-30 18:46:26.257  6822  6822 E V4L2CameraHAL: Error while /vendor/lib64/hw/camera.v4l2.qcc4.so lib initialization: (null)

12-30 18:46:26.258  6822  6822 I CamPrvdr@2.4-legacy: Loaded "V4L2 Camera HAL v3" camera module

12-30 18:46:26.258   361   361 I hwservicemanager: getTransport: Cannot find entry android.hardware.camera.provider@2.4::ICameraProvider/legacy/0 in either framework or device VINTF manifest.

12-30 18:46:26.259  6822  6822 E HidlServiceManagement: Service android.hardware.camera.provider@2.4::ICameraProvider/legacy/0 must be in VINTF manifest in order to register/get.

12-30 18:46:26.259  6822  6822 E LegacySupport: Could not register service android.hardware.camera.provider@2.4::ICameraProvider/legacy/0 (-2147483648).

01-01 08:03:00.321     1     1 I init    : Service 'vendor.camera-provider-2-4' (pid 6822) exited with status 0

01-01 08:03:00.321     1     1 I init    : Sending signal 9 to service 'vendor.camera-provider-2-4' (pid 6822) process group...

01-01 08:03:00.321     1     1 E init    : process with updatable components 'vendor.camera-provider-2-4' exited 4 times in 4 minutes

01-01 08:03:05.134     1     1 I init    : starting service 'vendor.camera-provider-2-4'...

01-01 08:03:05.148     1     1 I init    : ... started service 'vendor.camera-provider-2-4' has pid 6916

12-30 18:46:31.206  6916  6916 I android.hardware.camera.provider@2.4-service: CameraProvider@2.4 legacy service is starting.

12-30 18:46:31.209   361   361 I hwservicemanager: getTransport: Cannot find entry android.hardware.camera.provider@2.4::ICameraProvider/legacy/0 in either framework or device VINTF manifest.

12-30 18:46:31.291  6916  6916 E V4L2CameraHAL: AIS: In v4l2 camera hal wrapper init

12-30 18:46:31.291  6916  6916 E V4L2CameraHAL: value of property for qcc: 

12-30 18:46:31.292  6916  6916 E V4L2CameraHAL: Error while opening /vendor/lib64/hw/camera.v4l2.qcc4.so lib : dlopen failed: "/vendor/lib64/hw/camera.v4l2.qcc4.so" is 64-bit instead of 32-bit

12-30 18:46:31.292  6916  6916 E V4L2CameraHAL: Error while /vendor/lib64/hw/camera.v4l2.qcc4.so lib initialization: (null)

12-30 18:46:31.292  6916  6916 I CamPrvdr@2.4-legacy: Loaded "V4L2 Camera HAL v3" camera module

12-30 18:46:31.293   361   361 I hwservicemanager: getTransport: Cannot find entry android.hardware.camera.provider@2.4::ICameraProvider/legacy/0 in either framework or device VINTF manifest.

12-30 18:46:31.293  6916  6916 E HidlServiceManagement: Service android.hardware.camera.provider@2.4::ICameraProvider/legacy/0 must be in VINTF manifest in order to register/get.

12-30 18:46:31.293  6916  6916 E LegacySupport: Could not register service android.hardware.camera.provider@2.4::ICameraProvider/legacy/0 (-2147483648).

01-01 08:03:05.355     1     1 I init    : Service 'vendor.camera-provider-2-4' (pid 6916) exited with status 0

01-01 08:03:05.355     1     1 I init    : Sending signal 9 to service 'vendor.camera-provider-2-4' (pid 6916) process group...

01-01 08:03:05.356     1     1 E init    : process with updatable components 'vendor.camera-provider-2-4' exited 4 times in 4 minutes

01-01 08:03:10.146     1     1 I init    : starting service 'vendor.camera-provider-2-4'...

01-01 08:03:10.162     1     1 I init    : ... started service 'vendor.camera-provider-2-4' has pid 7046

12-30 18:46:36.238  7046  7046 I android.hardware.camera.provider@2.4-service: CameraProvider@2.4 legacy service is starting.

12-30 18:46:36.240   361   361 I hwservicemanager: getTransport: Cannot find entry android.hardware.camera.provider@2.4::ICameraProvider/legacy/0 in either framework or device VINTF manifest.

12-30 18:46:36.325  7046  7046 E V4L2CameraHAL: AIS: In v4l2 camera hal wrapper init

12-30 18:46:36.325  7046  7046 E V4L2CameraHAL: value of property for qcc: 

12-30 18:46:36.325  7046  7046 E V4L2CameraHAL: Error while opening /vendor/lib64/hw/camera.v4l2.qcc4.so lib : dlopen failed: "/vendor/lib64/hw/camera.v4l2.qcc4.so" is 64-bit instead of 32-bit

12-30 18:46:36.326  7046  7046 E V4L2CameraHAL: Error while /vendor/lib64/hw/camera.v4l2.qcc4.so lib initialization: (null)

12-30 18:46:36.326  7046  7046 I CamPrvdr@2.4-legacy: Loaded "V4L2 Camera HAL v3" camera module

12-30 18:46:36.326   361   361 I hwservicemanager: getTransport: Cannot find entry android.hardware.camera.provider@2.4::ICameraProvider/legacy/0 in either framework or device VINTF manifest.

12-30 18:46:36.326  7046  7046 E HidlServiceManagement: Service android.hardware.camera.provider@2.4::ICameraProvider/legacy/0 must be in VINTF manifest in order to register/get.

12-30 18:46:36.327  7046  7046 E LegacySupport: Could not register service android.hardware.camera.provider@2.4::ICameraProvider/legacy/0 (-2147483648).

01-01 08:03:10.403     1     1 I init    : Service 'vendor.camera-provider-2-4' (pid 7046) exited with status 0

01-01 08:03:10.403     1     1 I init    : Sending signal 9 to service 'vendor.camera-provider-2-4' (pid 7046) process group...

01-01 08:03:10.403     1     1 E init    : process with updatable components 'vendor.camera-provider-2-4' exited 4 times in 4 minutes

01-01 08:03:15.161     1     1 I init    : starting service 'vendor.camera-provider-2-4'...

01-01 08:03:15.186     1     1 I init    : ... started service 'vendor.camera-provider-2-4' has pid 7145

12-30 18:46:41.239  7145  7145 I android.hardware.camera.provider@2.4-service: CameraProvider@2.4 legacy service is starting.

12-30 18:46:41.241   361   361 I hwservicemanager: getTransport: Cannot find entry android.hardware.camera.provider@2.4::ICameraProvider/legacy/0 in either framework or device VINTF manifest.

12-30 18:46:41.335  7145  7145 E V4L2CameraHAL: AIS: In v4l2 camera hal wrapper init

12-30 18:46:41.335  7145  7145 E V4L2CameraHAL: value of property for qcc: 

12-30 18:46:41.336  7145  7145 E V4L2CameraHAL: Error while opening /vendor/lib64/hw/camera.v4l2.qcc4.so lib : dlopen failed: "/vendor/lib64/hw/camera.v4l2.qcc4.so" is 64-bit instead of 32-bit

12-30 18:46:41.336  7145  7145 E V4L2CameraHAL: Error while /vendor/lib64/hw/camera.v4l2.qcc4.so lib initialization: (null)

12-30 18:46:41.336  7145  7145 I CamPrvdr@2.4-legacy: Loaded "V4L2 Camera HAL v3" camera module

12-30 18:46:41.336   361   361 I hwservicemanager: getTransport: Cannot find entry android.hardware.camera.provider@2.4::ICameraProvider/legacy/0 in either framework or device VINTF manifest.

12-30 18:46:41.337  7145  7145 E HidlServiceManagement: Service android.hardware.camera.provider@2.4::ICameraProvider/legacy/0 must be in VINTF manifest in order to register/get.

12-30 18:46:41.337  7145  7145 E LegacySupport: Could not register service android.hardware.camera.provider@2.4::ICameraProvider/legacy/0 (-2147483648).

01-01 08:03:15.422     1     1 I init    : Service 'vendor.camera-provider-2-4' (pid 7145) exited with status 0

01-01 08:03:15.422     1     1 I init    : Sending signal 9 to service 'vendor.camera-provider-2-4' (pid 7145) process group...

01-01 08:03:15.423     1     1 E init    : process with updatable components 'vendor.camera-provider-2-4' exited 4 times in 4 minutes

01-01 08:03:20.184     1     1 I init    : starting service 'vendor.camera-provider-2-4'...

01-01 08:03:20.198     1     1 I init    : ... started service 'vendor.camera-provider-2-4' has pid 7256

12-30 18:46:46.253  7256  7256 I android.hardware.camera.provider@2.4-service: CameraProvider@2.4 legacy service is starting.

12-30 18:46:46.256   361   361 I hwservicemanager: getTransport: Cannot find entry android.hardware.camera.provider@2.4::ICameraProvider/legacy/0 in either framework or device VINTF manifest.

12-30 18:46:46.343  7256  7256 E V4L2CameraHAL: AIS: In v4l2 camera hal wrapper init

12-30 18:46:46.343  7256  7256 E V4L2CameraHAL: value of property for qcc: 

12-30 18:46:46.344  7256  7256 E V4L2CameraHAL: Error while opening /vendor/lib64/hw/camera.v4l2.qcc4.so lib : dlopen failed: "/vendor/lib64/hw/camera.v4l2.qcc4.so" is 64-bit instead of 32-bit

12-30 18:46:46.344  7256  7256 E V4L2CameraHAL: Error while /vendor/lib64/hw/camera.v4l2.qcc4.so lib initialization: (null)

12-30 18:46:46.344  7256  7256 I CamPrvdr@2.4-legacy: Loaded "V4L2 Camera HAL v3" camera module

12-30 18:46:46.345   361   361 I hwservicemanager: getTransport: Cannot find entry android.hardware.camera.provider@2.4::ICameraProvider/legacy/0 in either framework or device VINTF manifest.

12-30 18:46:46.345  7256  7256 E HidlServiceManagement: Service android.hardware.camera.provider@2.4::ICameraProvider/legacy/0 must be in VINTF manifest in order to register/get.

12-30 18:46:46.345  7256  7256 E LegacySupport: Could not register service android.hardware.camera.provider@2.4::ICameraProvider/legacy/0 (-2147483648).

01-01 08:03:20.398     1     1 I init    : Service 'vendor.camera-provider-2-4' (pid 7256) exited with status 0

01-01 08:03:20.398     1     1 I init    : Sending signal 9 to service 'vendor.camera-provider-2-4' (pid 7256) process group...

01-01 08:03:20.399     1     1 E init    : process with updatable components 'vendor.camera-provider-2-4' exited 4 times in 4 minutes

01-01 08:03:25.201     1     1 I init    : starting service 'vendor.camera-provider-2-4'...

01-01 08:03:25.253     1     1 I init    : ... started service 'vendor.camera-provider-2-4' has pid 7347

12-30 18:46:51.307  7347  7347 I android.hardware.camera.provider@2.4-service: CameraProvider@2.4 legacy service is starting.

12-30 18:46:51.313   361   361 I hwservicemanager: getTransport: Cannot find entry android.hardware.camera.provider@2.4::ICameraProvider/legacy/0 in either framework or device VINTF manifest.

12-30 18:46:51.405  7347  7347 E V4L2CameraHAL: AIS: In v4l2 camera hal wrapper init

12-30 18:46:51.406  7347  7347 E V4L2CameraHAL: value of property for qcc: 

12-30 18:46:51.406  7347  7347 E V4L2CameraHAL: Error while opening /vendor/lib64/hw/camera.v4l2.qcc4.so lib : dlopen failed: "/vendor/lib64/hw/camera.v4l2.qcc4.so" is 64-bit instead of 32-bit

12-30 18:46:51.406  7347  7347 E V4L2CameraHAL: Error while /vendor/lib64/hw/camera.v4l2.qcc4.so lib initialization: (null)

12-30 18:46:51.406  7347  7347 I CamPrvdr@2.4-legacy: Loaded "V4L2 Camera HAL v3" camera module

12-30 18:46:51.407   361   361 I hwservicemanager: getTransport: Cannot find entry android.hardware.camera.provider@2.4::ICameraProvider/legacy/0 in either framework or device VINTF manifest.

12-30 18:46:51.407  7347  7347 E HidlServiceManagement: Service android.hardware.camera.provider@2.4::ICameraProvider/legacy/0 must be in VINTF manifest in order to register/get.

12-30 18:46:51.407  7347  7347 E LegacySupport: Could not register service android.hardware.camera.provider@2.4::ICameraProvider/legacy/0 (-2147483648).

01-01 08:03:25.489     1     1 I init    : Service 'vendor.camera-provider-2-4' (pid 7347) exited with status 0

01-01 08:03:25.489     1     1 I init    : Sending signal 9 to service 'vendor.camera-provider-2-4' (pid 7347) process group...

01-01 08:03:25.490     1     1 E init    : process with updatable components 'vendor.camera-provider-2-4' exited 4 times in 4 minutes

01-01 08:03:30.255     1     1 I init    : starting service 'vendor.camera-provider-2-4'...

01-01 08:03:30.274     1     1 I init    : ... started service 'vendor.camera-provider-2-4' has pid 7460

12-30 18:46:56.324  7460  7460 I android.hardware.camera.provider@2.4-service: CameraProvider@2.4 legacy service is starting.

12-30 18:46:56.327   361   361 I hwservicemanager: getTransport: Cannot find entry android.hardware.camera.provider@2.4::ICameraProvider/legacy/0 in either framework or device VINTF manifest.

12-30 18:46:56.414  7460  7460 E V4L2CameraHAL: AIS: In v4l2 camera hal wrapper init

12-30 18:46:56.414  7460  7460 E V4L2CameraHAL: value of property for qcc: 

12-30 18:46:56.415  7460  7460 E V4L2CameraHAL: Error while opening /vendor/lib64/hw/camera.v4l2.qcc4.so lib : dlopen failed: "/vendor/lib64/hw/camera.v4l2.qcc4.so" is 64-bit instead of 32-bit

12-30 18:46:56.415  7460  7460 E V4L2CameraHAL: Error while /vendor/lib64/hw/camera.v4l2.qcc4.so lib initialization: (null)

12-30 18:46:56.415  7460  7460 I CamPrvdr@2.4-legacy: Loaded "V4L2 Camera HAL v3" camera module

12-30 18:46:56.416   361   361 I hwservicemanager: getTransport: Cannot find entry android.hardware.camera.provider@2.4::ICameraProvider/legacy/0 in either framework or device VINTF manifest.

12-30 18:46:56.416  7460  7460 E HidlServiceManagement: Service android.hardware.camera.provider@2.4::ICameraProvider/legacy/0 must be in VINTF manifest in order to register/get.

12-30 18:46:56.416  7460  7460 E LegacySupport: Could not register service android.hardware.camera.provider@2.4::ICameraProvider/legacy/0 (-2147483648).

01-01 08:03:30.490     1     1 I init    : Service 'vendor.camera-provider-2-4' (pid 7460) exited with status 0

01-01 08:03:30.490     1     1 I init    : Sending signal 9 to service 'vendor.camera-provider-2-4' (pid 7460) process group...

01-01 08:03:30.492     1     1 E init    : process with updatable components 'vendor.camera-provider-2-4' exited 4 times in 4 minutes

01-01 08:03:35.271     1     1 I init    : starting service 'vendor.camera-provider-2-4'...

01-01 08:03:35.310     1     1 I init    : ... started service 'vendor.camera-provider-2-4' has pid 7555

12-30 18:47:01.360  7555  7555 I android.hardware.camera.provider@2.4-service: CameraProvider@2.4 legacy service is starting.

12-30 18:47:01.364   361   361 I hwservicemanager: getTransport: Cannot find entry android.hardware.camera.provider@2.4::ICameraProvider/legacy/0 in either framework or device VINTF manifest.

12-30 18:47:01.441  7555  7555 E V4L2CameraHAL: AIS: In v4l2 camera hal wrapper init

12-30 18:47:01.442  7555  7555 E V4L2CameraHAL: value of property for qcc: 

12-30 18:47:01.442  7555  7555 E V4L2CameraHAL: Error while opening /vendor/lib64/hw/camera.v4l2.qcc4.so lib : dlopen failed: "/vendor/lib64/hw/camera.v4l2.qcc4.so" is 64-bit instead of 32-bit

12-30 18:47:01.442  7555  7555 E V4L2CameraHAL: Error while /vendor/lib64/hw/camera.v4l2.qcc4.so lib initialization: (null)

12-30 18:47:01.442  7555  7555 I CamPrvdr@2.4-legacy: Loaded "V4L2 Camera HAL v3" camera module

12-30 18:47:01.443   361   361 I hwservicemanager: getTransport: Cannot find entry android.hardware.camera.provider@2.4::ICameraProvider/legacy/0 in either framework or device VINTF manifest.

12-30 18:47:01.443  7555  7555 E HidlServiceManagement: Service android.hardware.camera.provider@2.4::ICameraProvider/legacy/0 must be in VINTF manifest in order to register/get.

12-30 18:47:01.443  7555  7555 E LegacySupport: Could not register service android.hardware.camera.provider@2.4::ICameraProvider/legacy/0 (-2147483648).

01-01 08:03:35.498     1     1 I init    : Service 'vendor.camera-provider-2-4' (pid 7555) exited with status 0

01-01 08:03:35.498     1     1 I init    : Sending signal 9 to service 'vendor.camera-provider-2-4' (pid 7555) process group...

01-01 08:03:35.500     1     1 E init    : process with updatable components 'vendor.camera-provider-2-4' exited 4 times in 4 minutes

01-01 08:03:40.303     1     1 I init    : starting service 'vendor.camera-provider-2-4'...

01-01 08:03:40.329     1     1 I init    : ... started service 'vendor.camera-provider-2-4' has pid 7662

12-30 18:47:06.390  7662  7662 I android.hardware.camera.provider@2.4-service: CameraProvider@2.4 legacy service is starting.

12-30 18:47:06.393   361   361 I hwservicemanager: getTransport: Cannot find entry android.hardware.camera.provider@2.4::ICameraProvider/legacy/0 in either framework or device VINTF manifest.

12-30 18:47:06.488  7662  7662 E V4L2CameraHAL: AIS: In v4l2 camera hal wrapper init

12-30 18:47:06.489  7662  7662 E V4L2CameraHAL: value of property for qcc: 

12-30 18:47:06.489  7662  7662 E V4L2CameraHAL: Error while opening /vendor/lib64/hw/camera.v4l2.qcc4.so lib : dlopen failed: "/vendor/lib64/hw/camera.v4l2.qcc4.so" is 64-bit instead of 32-bit

12-30 18:47:06.489  7662  7662 E V4L2CameraHAL: Error while /vendor/lib64/hw/camera.v4l2.qcc4.so lib initialization: (null)

12-30 18:47:06.489  7662  7662 I CamPrvdr@2.4-legacy: Loaded "V4L2 Camera HAL v3" camera module

12-30 18:47:06.490   361   361 I hwservicemanager: getTransport: Cannot find entry android.hardware.camera.provider@2.4::ICameraProvider/legacy/0 in either framework or device VINTF manifest.

12-30 18:47:06.490  7662  7662 E HidlServiceManagement: Service android.hardware.camera.provider@2.4::ICameraProvider/legacy/0 must be in VINTF manifest in order to register/get.

12-30 18:47:06.490  7662  7662 E LegacySupport: Could not register service android.hardware.camera.provider@2.4::ICameraProvider/legacy/0 (-2147483648).

01-01 08:03:40.579     1     1 I init    : Service 'vendor.camera-provider-2-4' (pid 7662) exited with status 0

01-01 08:03:40.579     1     1 I init    : Sending signal 9 to service 'vendor.camera-provider-2-4' (pid 7662) process group...

01-01 08:03:40.579     1     1 E init    : process with updatable components 'vendor.camera-provider-2-4' exited 4 times in 4 minutes

01-01 08:03:45.324     1     1 I init    : starting service 'vendor.camera-provider-2-4'...

01-01 08:03:45.340     1     1 I init    : ... started service 'vendor.camera-provider-2-4' has pid 7759

12-30 18:47:11.404  7759  7759 I android.hardware.camera.provider@2.4-service: CameraProvider@2.4 legacy service is starting.

12-30 18:47:11.406   361   361 I hwservicemanager: getTransport: Cannot find entry android.hardware.camera.provider@2.4::ICameraProvider/legacy/0 in either framework or device VINTF manifest.

12-30 18:47:11.500  7759  7759 E V4L2CameraHAL: AIS: In v4l2 camera hal wrapper init

12-30 18:47:11.500  7759  7759 E V4L2CameraHAL: value of property for qcc: 

12-30 18:47:11.501  7759  7759 E V4L2CameraHAL: Error while opening /vendor/lib64/hw/camera.v4l2.qcc4.so lib : dlopen failed: "/vendor/lib64/hw/camera.v4l2.qcc4.so" is 64-bit instead of 32-bit

12-30 18:47:11.501  7759  7759 E V4L2CameraHAL: Error while /vendor/lib64/hw/camera.v4l2.qcc4.so lib initialization: (null)

12-30 18:47:11.501  7759  7759 I CamPrvdr@2.4-legacy: Loaded "V4L2 Camera HAL v3" camera module

